main.cpp:122:5:int main()	34376	static
main.cpp:390:6:void SystemClock_Config()	96	static
main.cpp:439:13:void MX_CRC_Init()	8	static
main.cpp:470:13:void MX_DAC1_Init()	48	static
main.cpp:511:13:void MX_DFSDM1_Init()	8	static
main.cpp:564:13:void MX_QUADSPI_Init()	8	static
main.cpp:597:13:void MX_TIM2_Init()	40	static
main.cpp:642:13:void MX_USART1_UART_Init()	8	static
main.cpp:675:13:void MX_DMA_Init()	16	static
main.cpp:696:13:void MX_GPIO_Init()	48	static
main.cpp:740:6:void HAL_GPIO_EXTI_Callback(uint16_t)	16	static
main.cpp:763:6:void HAL_DAC_ConvHalfCpltCallbackCh1(DAC_HandleTypeDef*)	16	static
main.cpp:778:6:void HAL_DAC_ConvCpltCallbackCh1(DAC_HandleTypeDef*)	16	static
main.cpp:794:6:void HAL_DFSDM_FilterRegConvHalfCpltCallback(DFSDM_Filter_HandleTypeDef*)	16	static
main.cpp:806:6:void HAL_DFSDM_FilterRegConvCpltCallback(DFSDM_Filter_HandleTypeDef*)	16	static
main.cpp:819:6:void print(const char*)	16	static
main.cpp:833:6:void HAL_TIM_PeriodElapsedCallback(TIM_HandleTypeDef*)	16	static
main.cpp:850:6:void Error_Handler()	8	static,ignoring_inline_asm
