main.cpp:123:5:int main()	264	static
main.cpp:401:6:void SystemClock_Config()	96	static
main.cpp:450:13:void MX_CRC_Init()	8	static
main.cpp:481:13:void MX_DAC1_Init()	48	static
main.cpp:522:13:void MX_DFSDM1_Init()	8	static
main.cpp:575:13:void MX_QUADSPI_Init()	8	static
main.cpp:608:13:void MX_TIM2_Init()	40	static
main.cpp:653:13:void MX_USART1_UART_Init()	8	static
main.cpp:686:13:void MX_DMA_Init()	16	static
main.cpp:707:13:void MX_GPIO_Init()	48	static
main.cpp:751:6:void HAL_GPIO_EXTI_Callback(uint16_t)	16	static
main.cpp:774:6:void HAL_DAC_ConvHalfCpltCallbackCh1(DAC_HandleTypeDef*)	16	static
main.cpp:789:6:void HAL_DAC_ConvCpltCallbackCh1(DAC_HandleTypeDef*)	16	static
main.cpp:805:6:void HAL_DFSDM_FilterRegConvHalfCpltCallback(DFSDM_Filter_HandleTypeDef*)	16	static
main.cpp:817:6:void HAL_DFSDM_FilterRegConvCpltCallback(DFSDM_Filter_HandleTypeDef*)	16	static
main.cpp:830:6:void print(const char*)	16	static
main.cpp:844:6:void HAL_TIM_PeriodElapsedCallback(TIM_HandleTypeDef*)	16	static
main.cpp:861:6:void Error_Handler()	8	static,ignoring_inline_asm
