main.cpp:123:5:int main()	264	static
main.cpp:399:6:void SystemClock_Config()	96	static
main.cpp:448:13:void MX_CRC_Init()	8	static
main.cpp:479:13:void MX_DAC1_Init()	48	static
main.cpp:520:13:void MX_DFSDM1_Init()	8	static
main.cpp:573:13:void MX_QUADSPI_Init()	8	static
main.cpp:606:13:void MX_TIM2_Init()	40	static
main.cpp:651:13:void MX_USART1_UART_Init()	8	static
main.cpp:684:13:void MX_DMA_Init()	16	static
main.cpp:705:13:void MX_GPIO_Init()	48	static
main.cpp:749:6:void HAL_GPIO_EXTI_Callback(uint16_t)	16	static
main.cpp:772:6:void HAL_DAC_ConvHalfCpltCallbackCh1(DAC_HandleTypeDef*)	16	static
main.cpp:787:6:void HAL_DAC_ConvCpltCallbackCh1(DAC_HandleTypeDef*)	16	static
main.cpp:803:6:void HAL_DFSDM_FilterRegConvHalfCpltCallback(DFSDM_Filter_HandleTypeDef*)	16	static
main.cpp:815:6:void HAL_DFSDM_FilterRegConvCpltCallback(DFSDM_Filter_HandleTypeDef*)	16	static
main.cpp:828:6:void print(const char*)	16	static
main.cpp:842:6:void HAL_TIM_PeriodElapsedCallback(TIM_HandleTypeDef*)	16	static
main.cpp:859:6:void Error_Handler()	8	static,ignoring_inline_asm
