stm32l475e_iot01_qspi.c:123:9:BSP_QSPI_Init	24	static,ignoring_inline_asm
stm32l475e_iot01_qspi.c:182:9:BSP_QSPI_DeInit	8	static
stm32l475e_iot01_qspi.c:205:9:BSP_QSPI_Read	80	static
stm32l475e_iot01_qspi.c:247:9:BSP_QSPI_Write	96	static
stm32l475e_iot01_qspi.c:321:9:BSP_QSPI_Erase_Block	72	static
stm32l475e_iot01_qspi.c:369:9:BSP_QSPI_Erase_Sector	72	static
stm32l475e_iot01_qspi.c:410:9:BSP_QSPI_Erase_Chip	64	static
stm32l475e_iot01_qspi.c:450:9:BSP_QSPI_GetStatus	72	static
stm32l475e_iot01_qspi.c:520:9:BSP_QSPI_GetInfo	16	static
stm32l475e_iot01_qspi.c:536:9:BSP_QSPI_EnableMemoryMappedMode	72	static
stm32l475e_iot01_qspi.c:570:9:BSP_QSPI_SuspendErase	64	static
stm32l475e_iot01_qspi.c:611:9:BSP_QSPI_ResumeErase	64	static
stm32l475e_iot01_qspi.c:656:9:BSP_QSPI_EnterDeepPowerDown	64	static
stm32l475e_iot01_qspi.c:687:9:BSP_QSPI_LeaveDeepPowerDown	64	static
stm32l475e_iot01_qspi.c:718:13:BSP_QSPI_MspInit	40	static
stm32l475e_iot01_qspi.c:746:13:BSP_QSPI_MspDeInit	32	static
stm32l475e_iot01_qspi.c:778:16:QSPI_ResetMemory	72	static
stm32l475e_iot01_qspi.c:820:16:QSPI_WriteEnable	96	static
stm32l475e_iot01_qspi.c:866:16:QSPI_AutoPollingMemReady	96	static
stm32l475e_iot01_qspi.c:903:16:QSPI_QuadMode	80	static
stm32l475e_iot01_qspi.c:992:16:QSPI_HighPerfMode	80	static
