Archive member included to satisfy reference by file (symbol)

../Middlewares/ST/AI/Lib\NetworkRuntime710_CM4_GCC.a(ai_platform.o)
                              ./X-CUBE-AI/App/cnn_model.o (ai_buffer_array_item_set_address)
../Middlewares/ST/AI/Lib\NetworkRuntime710_CM4_GCC.a(ai_platform_interface.o)
                              ./X-CUBE-AI/App/cnn_model.o (ai_platform_get_weights_map)
../Middlewares/ST/AI/Lib\NetworkRuntime710_CM4_GCC.a(core_mem_manager.o)
                              ../Middlewares/ST/AI/Lib\NetworkRuntime710_CM4_GCC.a(ai_platform_interface.o) (core_mem_alloc)
../Middlewares/ST/AI/Lib\NetworkRuntime710_CM4_GCC.a(core_common.o)
                              ../Middlewares/ST/AI/Lib\NetworkRuntime710_CM4_GCC.a(ai_platform_interface.o) (core_init)
../Middlewares/ST/AI/Lib\NetworkRuntime710_CM4_GCC.a(layers_conv2d_generic_float.o)
                              ./X-CUBE-AI/App/cnn_model.o (forward_conv2d)
../Middlewares/ST/AI/Lib\NetworkRuntime710_CM4_GCC.a(layers_nl_generic_float.o)
                              ./X-CUBE-AI/App/cnn_model.o (nl_func_relu_array_f32)
../Middlewares/ST/AI/Lib\NetworkRuntime710_CM4_GCC.a(layers_norm_generic_float.o)
                              ./X-CUBE-AI/App/cnn_model.o (forward_bn)
../Middlewares/ST/AI/Lib\NetworkRuntime710_CM4_GCC.a(layers.o)
                              ../Middlewares/ST/AI/Lib\NetworkRuntime710_CM4_GCC.a(ai_platform_interface.o) (ai_check_custom_types)
../Middlewares/ST/AI/Lib\NetworkRuntime710_CM4_GCC.a(arm_mat_init_f32.o)
                              ../Middlewares/ST/AI/Lib\NetworkRuntime710_CM4_GCC.a(layers_conv2d_generic_float.o) (st_dsp_arm_mat_init_f32)
../Middlewares/ST/AI/Lib\NetworkRuntime710_CM4_GCC.a(ai_datatypes_internal.o)
                              ../Middlewares/ST/AI/Lib\NetworkRuntime710_CM4_GCC.a(ai_platform_interface.o) (ai_version_get)
../Middlewares/ST/AI/Lib\NetworkRuntime710_CM4_GCC.a(ai_datatypes_format.o)
                              ../Middlewares/ST/AI/Lib\NetworkRuntime710_CM4_GCC.a(ai_platform_interface.o) (ai_array_to_buffer_fmt)
../Middlewares/ST/AI/Lib\NetworkRuntime710_CM4_GCC.a(ai_math_helpers.o)
                              ../Middlewares/ST/AI/Lib\NetworkRuntime710_CM4_GCC.a(layers_nl_generic_float.o) (ai_math_sqrt)
../Middlewares/ST/AI/Lib\NetworkRuntime710_CM4_GCC.a(st_convolve_reference.o)
                              ../Middlewares/ST/AI/Lib\NetworkRuntime710_CM4_GCC.a(ai_math_helpers.o) (align_factor)
../Core/Lib\libarm_cortexM4lf_math.a(arm_copy_q7.o)
                              ./Core/Src/main.o (arm_copy_q7)
../Core/Lib\libarm_cortexM4lf_math.a(arm_rfft_fast_init_f32.o)
                              ./Core/Src/ML-KWS-for-MCU/MFCC/mfcc.o (arm_rfft_fast_init_f32)
../Core/Lib\libarm_cortexM4lf_math.a(arm_rfft_fast_f32.o)
                              ./Core/Src/ML-KWS-for-MCU/MFCC/mfcc.o (arm_rfft_fast_f32)
../Core/Lib\libarm_cortexM4lf_math.a(arm_cfft_f32.o)
                              ../Core/Lib\libarm_cortexM4lf_math.a(arm_rfft_fast_f32.o) (arm_cfft_f32)
../Core/Lib\libarm_cortexM4lf_math.a(arm_bitreversal2.o)
                              ../Core/Lib\libarm_cortexM4lf_math.a(arm_cfft_f32.o) (arm_bitreversal_32)
../Core/Lib\libarm_cortexM4lf_math.a(arm_common_tables.o)
                              ../Core/Lib\libarm_cortexM4lf_math.a(arm_rfft_fast_init_f32.o) (twiddleCoef_rfft_4096)
../Core/Lib\libarm_cortexM4lf_math.a(arm_cfft_radix8_f32.o)
                              ../Core/Lib\libarm_cortexM4lf_math.a(arm_cfft_f32.o) (arm_radix8_butterfly_f32)
c:/st/stm32cubeide_1.7.0/stm32cubeide/plugins/com.st.stm32cube.ide.mcu.externaltools.gnu-tools-for-stm32.9-2020-q2-update.win32_2.0.0.202105311346/tools/bin/../lib/gcc/arm-none-eabi/9.3.1/../../../../arm-none-eabi/lib/thumb/v7e-m+fp/hard\libstdc++_nano.a(del_ops.o)
                              ./Core/Src/ML-KWS-for-MCU/MFCC/mfcc.o (operator delete(void*, unsigned int))
c:/st/stm32cubeide_1.7.0/stm32cubeide/plugins/com.st.stm32cube.ide.mcu.externaltools.gnu-tools-for-stm32.9-2020-q2-update.win32_2.0.0.202105311346/tools/bin/../lib/gcc/arm-none-eabi/9.3.1/../../../../arm-none-eabi/lib/thumb/v7e-m+fp/hard\libstdc++_nano.a(del_opv.o)
                              ./Core/Src/ML-KWS-for-MCU/MFCC/mfcc.o (operator delete[](void*))
c:/st/stm32cubeide_1.7.0/stm32cubeide/plugins/com.st.stm32cube.ide.mcu.externaltools.gnu-tools-for-stm32.9-2020-q2-update.win32_2.0.0.202105311346/tools/bin/../lib/gcc/arm-none-eabi/9.3.1/../../../../arm-none-eabi/lib/thumb/v7e-m+fp/hard\libstdc++_nano.a(new_op.o)
                              ./Core/Src/ML-KWS-for-MCU/MFCC/mfcc.o (operator new(unsigned int))
c:/st/stm32cubeide_1.7.0/stm32cubeide/plugins/com.st.stm32cube.ide.mcu.externaltools.gnu-tools-for-stm32.9-2020-q2-update.win32_2.0.0.202105311346/tools/bin/../lib/gcc/arm-none-eabi/9.3.1/../../../../arm-none-eabi/lib/thumb/v7e-m+fp/hard\libstdc++_nano.a(new_opv.o)
[...]
Memory Configuration

Name             Origin             Length             Attributes
RAM              0x0000000020000000 0x0000000000018000 xrw
RAM2             0x0000000010000000 0x0000000000008000 xrw
FLASH            0x0000000008000000 0x0000000000100000 xr
*default*        0x0000000000000000 0xffffffffffffffff

Linker script and memory map

LOAD c:/st/stm32cubeide_1.7.0/stm32cubeide/plugins/com.st.stm32cube.ide.mcu.externaltools.gnu-tools-for-stm32.9-2020-q2-update.win32_2.0.0.202105311346/tools/bin/../lib/gcc/arm-none-eabi/9.3.1/thumb/v7e-m+fp/hard/crti.o
LOAD c:/st/stm32cubeide_1.7.0/stm32cubeide/plugins/com.st.stm32cube.ide.mcu.externaltools.gnu-tools-for-stm32.9-2020-q2-update.win32_2.0.0.202105311346/tools/bin/../lib/gcc/arm-none-eabi/9.3.1/thumb/v7e-m+fp/hard/crtbegin.o
LOAD c:/st/stm32cubeide_1.7.0/stm32cubeide/plugins/com.st.stm32cube.ide.mcu.externaltools.gnu-tools-for-stm32.9-2020-q2-update.win32_2.0.0.202105311346/tools/bin/../lib/gcc/arm-none-eabi/9.3.1/../../../../arm-none-eabi/lib/thumb/v7e-m+fp/hard/crt0.o
LOAD ./Core/Src/ML-KWS-for-MCU/MFCC/mfcc.o
LOAD ./Core/Src/audio_player.o
LOAD ./Core/Src/audio_recorder.o
LOAD ./Core/Src/kws.o
LOAD ./Core/Src/low_power.o
LOAD ./Core/Src/main.o
LOAD ./Core/Src/qspi_handler.o
LOAD ./Core/Src/stm32l475e_iot01_qspi.o
LOAD ./Core/Src/stm32l4xx_hal_msp.o
LOAD ./Core/Src/stm32l4xx_hal_timebase_tim.o
LOAD ./Core/Src/stm32l4xx_it.o
LOAD ./Core/Src/syscalls.o
LOAD ./Core/Src/sysmem.o
LOAD ./Core/Src/system_stm32l4xx.o
LOAD ./Core/Startup/startup_stm32l475vgtx.o
LOAD ./Drivers/STM32L4xx_HAL_Driver/Src/stm32l4xx_hal.o
LOAD ./Drivers/STM32L4xx_HAL_Driver/Src/stm32l4xx_hal_cortex.o
LOAD ./Drivers/STM32L4xx_HAL_Driver/Src/stm32l4xx_hal_crc.o
LOAD ./Drivers/STM32L4xx_HAL_Driver/Src/stm32l4xx_hal_crc_ex.o
LOAD ./Drivers/STM32L4xx_HAL_Driver/Src/stm32l4xx_hal_dac.o
LOAD ./Drivers/STM32L4xx_HAL_Driver/Src/stm32l4xx_hal_dac_ex.o
LOAD ./Drivers/STM32L4xx_HAL_Driver/Src/stm32l4xx_hal_dfsdm.o
LOAD ./Drivers/STM32L4xx_HAL_Driver/Src/stm32l4xx_hal_dma.o
LOAD ./Drivers/STM32L4xx_HAL_Driver/Src/stm32l4xx_hal_dma_ex.o
LOAD ./Drivers/STM32L4xx_HAL_Driver/Src/stm32l4xx_hal_exti.o
LOAD ./Drivers/STM32L4xx_HAL_Driver/Src/stm32l4xx_hal_flash.o
LOAD ./Drivers/STM32L4xx_HAL_Driver/Src/stm32l4xx_hal_flash_ex.o
LOAD ./Drivers/STM32L4xx_HAL_Driver/Src/stm32l4xx_hal_flash_ramfunc.o
LOAD ./Drivers/STM32L4xx_HAL_Driver/Src/stm32l4xx_hal_gpio.o
LOAD ./Drivers/STM32L4xx_HAL_Driver/Src/stm32l4xx_hal_i2c.o
LOAD ./Drivers/STM32L4xx_HAL_Driver/Src/stm32l4xx_hal_i2c_ex.o
LOAD ./Drivers/STM32L4xx_HAL_Driver/Src/stm32l4xx_hal_pwr.o
LOAD ./Drivers/STM32L4xx_HAL_Driver/Src/stm32l4xx_hal_pwr_ex.o
LOAD ./Drivers/STM32L4xx_HAL_Driver/Src/stm32l4xx_hal_qspi.o
LOAD ./Drivers/STM32L4xx_HAL_Driver/Src/stm32l4xx_hal_rcc.o
LOAD ./Drivers/STM32L4xx_HAL_Driver/Src/stm32l4xx_hal_rcc_ex.o
LOAD ./Drivers/STM32L4xx_HAL_Driver/Src/stm32l4xx_hal_tim.o
LOAD ./Drivers/STM32L4xx_HAL_Driver/Src/stm32l4xx_hal_tim_ex.o
LOAD ./Drivers/STM32L4xx_HAL_Driver/Src/stm32l4xx_hal_uart.o
LOAD ./Drivers/STM32L4xx_HAL_Driver/Src/stm32l4xx_hal_uart_ex.o
LOAD ./X-CUBE-AI/App/cnn_model.o
LOAD ./X-CUBE-AI/App/cnn_model_data.o
LOAD ../Middlewares/ST/AI/Lib\NetworkRuntime710_CM4_GCC.a
LOAD ../Core/Lib\libarm_cortexM4lf_math.a
START GROUP
LOAD c:/st/stm32cubeide_1.7.0/stm32cubeide/plugins/com.st.stm32cube.ide.mcu.externaltools.gnu-tools-for-stm32.9-2020-q2-update.win32_2.0.0.202105311346/tools/bin/../lib/gcc/arm-none-eabi/9.3.1/../../../../arm-none-eabi/lib/thumb/v7e-m+fp/hard\libstdc++_nano.a
LOAD c:/st/stm32cubeide_1.7.0/stm32cubeide/plugins/com.st.stm32cube.ide.mcu.externaltools.gnu-tools-for-stm32.9-2020-q2-update.win32_2.0.0.202105311346/tools/bin/../lib/gcc/arm-none-eabi/9.3.1/../../../../arm-none-eabi/lib/thumb/v7e-m+fp/hard\libsupc++_nano.a
END GROUP
LOAD c:/st/stm32cubeide_1.7.0/stm32cubeide/plugins/com.st.stm32cube.ide.mcu.externaltools.gnu-tools-for-stm32.9-2020-q2-update.win32_2.0.0.202105311346/tools/bin/../lib/gcc/arm-none-eabi/9.3.1/../../../../arm-none-eabi/lib/thumb/v7e-m+fp/hard\libstdc++_nano.a
LOAD c:/st/stm32cubeide_1.7.0/stm32cubeide/plugins/com.st.stm32cube.ide.mcu.externaltools.gnu-tools-for-stm32.9-2020-q2-update.win32_2.0.0.202105311346/tools/bin/../lib/gcc/arm-none-eabi/9.3.1/../../../../arm-none-eabi/lib/thumb/v7e-m+fp/hard\libm.a
LOAD c:/st/stm32cubeide_1.7.0/stm32cubeide/plugins/com.st.stm32cube.ide.mcu.externaltools.gnu-tools-for-stm32.9-2020-q2-update.win32_2.0.0.202105311346/tools/bin/../lib/gcc/arm-none-eabi/9.3.1/../../../../arm-none-eabi/lib/thumb/v7e-m+fp/hard\libc_nano.a
START GROUP
LOAD c:/st/stm32cubeide_1.7.0/stm32cubeide/plugins/com.st.stm32cube.ide.mcu.externaltools.gnu-tools-for-stm32.9-2020-q2-update.win32_2.0.0.202105311346/tools/bin/../lib/gcc/arm-none-eabi/9.3.1/thumb/v7e-m+fp/hard\libgcc.a
LOAD c:/st/stm32cubeide_1.7.0/stm32cubeide/plugins/com.st.stm32cube.ide.mcu.externaltools.gnu-tools-for-stm32.9-2020-q2-update.win32_2.0.0.202105311346/tools/bin/../lib/gcc/arm-none-eabi/9.3.1/../../../../arm-none-eabi/lib/thumb/v7e-m+fp/hard\libc_nano.a
END GROUP
START GROUP
LOAD c:/st/stm32cubeide_1.7.0/stm32cubeide/plugins/com.st.stm32cube.ide.mcu.externaltools.gnu-tools-for-stm32.9-2020-q2-update.win32_2.0.0.202105311346/tools/bin/../lib/gcc/arm-none-eabi/9.3.1/thumb/v7e-m+fp/hard\libgcc.a
LOAD c:/st/stm32cubeide_1.7.0/stm32cubeide/plugins/com.st.stm32cube.ide.mcu.externaltools.gnu-tools-for-stm32.9-2020-q2-update.win32_2.0.0.202105311346/tools/bin/../lib/gcc/arm-none-eabi/9.3.1/../../../../arm-none-eabi/lib/thumb/v7e-m+fp/hard\libc_nano.a
END GROUP
LOAD c:/st/stm32cubeide_1.7.0/stm32cubeide/plugins/com.st.stm32cube.ide.mcu.externaltools.gnu-tools-for-stm32.9-2020-q2-update.win32_2.0.0.202105311346/tools/bin/../lib/gcc/arm-none-eabi/9.3.1/thumb/v7e-m+fp/hard/crtend.o
LOAD c:/st/stm32cubeide_1.7.0/stm32cubeide/plugins/com.st.stm32cube.ide.mcu.externaltools.gnu-tools-for-stm32.9-2020-q2-update.win32_2.0.0.202105311346/tools/bin/../lib/gcc/arm-none-eabi/9.3.1/thumb/v7e-m+fp/hard/crtn.o
                0x0000000020018000                _estack = (ORIGIN (RAM) + LENGTH (RAM))
                0x0000000000000800                _Min_Heap_Size = 0x800
                0x0000000000000800                _Min_Stack_Size = 0x800

.isr_vector     0x0000000008000000      0x188
                0x0000000008000000                . = ALIGN (0x4)
 *(.isr_vector)
 .isr_vector    0x0000000008000000      0x188 ./Core/Startup/startup_stm32l475vgtx.o
                0x0000000008000000                g_pfnVectors
                0x0000000008000188                . = ALIGN (0x4)

.text           0x0000000008000190    0x10b1c
                0x0000000008000190                . = ALIGN (0x4)
 *(.text)
 .text          0x0000000008000190       0x40 c:/st/stm32cubeide_1.7.0/stm32cubeide/plugins/com.st.stm32cube.ide.mcu.externaltools.gnu-tools-for-stm32.9-2020-q2-update.win32_2.0.0.202105311346/tools/bin/../lib/gcc/arm-none-eabi/9.3.1/thumb/v7e-m+fp/hard/crtbegin.o
 .text          0x00000000080001d0       0x10 c:/st/stm32cubeide_1.7.0/stm32cubeide/plugins/com.st.stm32cube.ide.mcu.externaltools.gnu-tools-for-stm32.9-2020-q2-update.win32_2.0.0.202105311346/tools/bin/../lib/gcc/arm-none-eabi/9.3.1/../../../../arm-none-eabi/lib/thumb/v7e-m+fp/hard\libc_nano.a(lib_a-strlen.o)
                0x00000000080001d0                strlen
 .text          0x00000000080001e0       0xa0 c:/st/stm32cubeide_1.7.0/stm32cubeide/plugins/com.st.stm32cube.ide.mcu.externaltools.gnu-tools-for-stm32.9-2020-q2-update.win32_2.0.0.202105311346/tools/bin/../lib/gcc/arm-none-eabi/9.3.1/../../../../arm-none-eabi/lib/thumb/v7e-m+fp/hard\libc_nano.a(lib_a-memchr.o)
                0x00000000080001e0                memchr
 .text          0x0000000008000280      0x378 c:/st/stm32cubeide_1.7.0/stm32cubeide/plugins/com.st.stm32cube.ide.mcu.externaltools.gnu-tools-for-stm32.9-2020-q2-update.win32_2.0.0.202105311346/tools/bin/../lib/gcc/arm-none-eabi/9.3.1/thumb/v7e-m+fp/hard\libgcc.a(_arm_addsubdf3.o)
                0x0000000008000280                __aeabi_drsub
                0x0000000008000288                __aeabi_dsub
                0x0000000008000288                __subdf3
                0x000000000800028c                __aeabi_dadd
                0x000000000800028c                __adddf3
                0x0000000008000504                __floatunsidf
                0x0000000008000504                __aeabi_ui2d
                0x0000000008000524                __floatsidf
                0x0000000008000524                __aeabi_i2d
                0x0000000008000548                __aeabi_f2d
                0x0000000008000548                __extendsfdf2
                0x000000000800058c                __floatundidf
                0x000000000800058c                __aeabi_ul2d
                0x000000000800059c                __floatdidf
                0x000000000800059c                __aeabi_l2d
 .text          0x00000000080005f8      0x424 c:/st/stm32cubeide_1.7.0/stm32cubeide/plugins/com.st.stm32cube.ide.mcu.externaltools.gnu-tools-for-stm32.9-2020-q2-update.win32_2.0.0.202105311346/tools/bin/../lib/gcc/arm-none-eabi/9.3.1/thumb/v7e-m+fp/hard\libgcc.a(_arm_muldivdf3.o)
                0x00000000080005f8                __aeabi_dmul
                0x00000000080005f8                __muldf3
                0x000000000800084c                __divdf3
                0x000000000800084c                __aeabi_ddiv
 .text          0x0000000008000a1c      0x110 c:/st/stm32cubeide_1.7.0/stm32cubeide/plugins/com.st.stm32cube.ide.mcu.externaltools.gnu-tools-for-stm32.9-2020-q2-update.win32_2.0.0.202105311346/tools/bin/../lib/gcc/arm-none-eabi/9.3.1/thumb/v7e-m+fp/hard\libgcc.a(_arm_cmpdf2.o)
                0x0000000008000a1c                __gtdf2
                0x0000000008000a1c                __gedf2
                0x0000000008000a24                __ltdf2
                0x0000000008000a24                __ledf2
                0x0000000008000a2c                __nedf2
                0x0000000008000a2c                __eqdf2
                0x0000000008000a2c                __cmpdf2
                0x0000000008000aa8                __aeabi_cdrcmple
                0x0000000008000ab8                __aeabi_cdcmpeq
                0x0000000008000ab8                __aeabi_cdcmple
                0x0000000008000ac8                __aeabi_dcmpeq
                0x0000000008000adc                __aeabi_dcmplt
                0x0000000008000af0                __aeabi_dcmple
                0x0000000008000b04                __aeabi_dcmpge
                0x0000000008000b18                __aeabi_dcmpgt
 .text          0x0000000008000b2c       0x2c c:/st/stm32cubeide_1.7.0/stm32cubeide/plugins/com.st.stm32cube.ide.mcu.externaltools.gnu-tools-for-stm32.9-2020-q2-update.win32_2.0.0.202105311346/tools/bin/../lib/gcc/arm-none-eabi/9.3.1/thumb/v7e-m+fp/hard\libgcc.a(_arm_unorddf2.o)
                0x0000000008000b2c                __unorddf2
                0x0000000008000b2c                __aeabi_dcmpun
 .text          0x0000000008000b58       0x50 c:/st/stm32cubeide_1.7.0/stm32cubeide/plugins/com.st.stm32cube.ide.mcu.externaltools.gnu-tools-for-stm32.9-2020-q2-update.win32_2.0.0.202105311346/tools/bin/../lib/gcc/arm-none-eabi/9.3.1/thumb/v7e-m+fp/hard\libgcc.a(_arm_fixdfsi.o)
                0x0000000008000b58                __aeabi_d2iz
                0x0000000008000b58                __fixdfsi
 .text          0x0000000008000ba8       0xa0 c:/st/stm32cubeide_1.7.0/stm32cubeide/plugins/com.st.stm32cube.ide.mcu.externaltools.gnu-tools-for-stm32.9-2020-q2-update.win32_2.0.0.202105311346/tools/bin/../lib/gcc/arm-none-eabi/9.3.1/thumb/v7e-m+fp/hard\libgcc.a(_arm_truncdfsf2.o)
                0x0000000008000ba8                __truncdfsf2
                0x0000000008000ba8                __aeabi_d2f
 .text          0x0000000008000c48       0x30 c:/st/stm32cubeide_1.7.0/stm32cubeide/plugins/com.st.stm32cube.ide.mcu.externaltools.gnu-tools-for-stm32.9-2020-q2-update.win32_2.0.0.202105311346/tools/bin/../lib/gcc/arm-none-eabi/9.3.1/thumb/v7e-m+fp/hard\libgcc.a(_aeabi_uldivmod.o)
                0x0000000008000c48                __aeabi_uldivmod
 .text          0x0000000008000c78      0x2c4 c:/st/stm32cubeide_1.7.0/stm32cubeide/plugins/com.st.stm32cube.ide.mcu.externaltools.gnu-tools-for-stm32.9-2020-q2-update.win32_2.0.0.202105311346/tools/bin/../lib/gcc/arm-none-eabi/9.3.1/thumb/v7e-m+fp/hard\libgcc.a(_udivmoddi4.o)
                0x0000000008000c78                __udivmoddi4
 .text          0x0000000008000f3c        0x4 c:/st/stm32cubeide_1.7.0/stm32cubeide/plugins/com.st.stm32cube.ide.mcu.externaltools.gnu-tools-for-stm32.9-2020-q2-update.win32_2.0.0.202105311346/tools/bin/../lib/gcc/arm-none-eabi/9.3.1/thumb/v7e-m+fp/hard\libgcc.a(_dvmd_tls.o)
                0x0000000008000f3c                __aeabi_idiv0
                0x0000000008000f3c                __aeabi_ldiv0
 *(.text*)
 .text._ZSt5roundf
                0x0000000008000f40       0x20 ./Core/Src/ML-KWS-for-MCU/MFCC/mfcc.o
                0x0000000008000f40                std::round(float)
 .text._ZN4MFCC8MelScaleEf
                0x0000000008000f60       0x44 ./Core/Src/ML-KWS-for-MCU/MFCC/mfcc.o
                0x0000000008000f60                MFCC::MelScale(float)
 .text._ZSt3logIiEN9__gnu_cxx11__enable_ifIXsrSt12__is_integerIT_E7__valueEdE6__typeES3_
                0x0000000008000fa4       0x30 ./Core/Src/ML-KWS-for-MCU/MFCC/mfcc.o
                0x0000000008000fa4                __gnu_cxx::__enable_if<std::__is_integer<int>::__value, double>::__type std::log<int>(int)
 .text._ZSt3powIidEN9__gnu_cxx11__promote_2IT_T0_NS0_9__promoteIS2_XsrSt12__is_integerIS2_E7__valueEE6__typeENS4_IS3_XsrS5_IS3_E7__valueEE6__typeEE6__typeES2_S3_
                0x0000000008000fd4       0x38 ./Core/Src/ML-KWS-for-MCU/MFCC/mfcc.o
                0x0000000008000fd4                __gnu_cxx::__promote_2<int, double, __gnu_cxx::__promote<int, std::__is_integer<int>::__value>::__type, __gnu_cxx::__promote<double, std::__is_integer<double>::__value>::__type>::__type std::pow<int, double>(int, double)
 *fill*         0x000000000800100c        0x4 
 .text._ZN4MFCCC2Eiii
                0x0000000008001010      0x1dc ./Core/Src/ML-KWS-for-MCU/MFCC/mfcc.o
                0x0000000008001010                MFCC::MFCC(int, int, int)
                0x0000000008001010                MFCC::MFCC(int, int, int)
 .text._ZN4MFCCD2Ev
                0x00000000080011ec       0xda ./Core/Src/ML-KWS-for-MCU/MFCC/mfcc.o
                0x00000000080011ec                MFCC::~MFCC()
                0x00000000080011ec                MFCC::~MFCC()
 *fill*         0x00000000080012c6        0x2 
 .text._ZN4MFCC17create_dct_matrixEll
                0x00000000080012c8      0x15c ./Core/Src/ML-KWS-for-MCU/MFCC/mfcc.o
                0x00000000080012c8                MFCC::create_dct_matrix(long, long)
 .text._ZN4MFCC16create_mel_fbankEv
                0x0000000008001424      0x278 ./Core/Src/ML-KWS-for-MCU/MFCC/mfcc.o
                0x0000000008001424                MFCC::create_mel_fbank()
 .text._ZN4MFCC12mfcc_computeEPKsPa
                0x000000000800169c      0x388 ./Core/Src/ML-KWS-for-MCU/MFCC/mfcc.o
                0x000000000800169c                MFCC::mfcc_compute(short const*, signed char*)
 .text._ZN11AudioPlayerC2EP17DAC_HandleTypeDef
                0x0000000008001a24       0x24 ./Core/Src/audio_player.o
                0x0000000008001a24                AudioPlayer::AudioPlayer(DAC_HandleTypeDef*)
                0x0000000008001a24                AudioPlayer::AudioPlayer(DAC_HandleTypeDef*)
 .text._ZN11AudioPlayerD2Ev
                0x0000000008001a48       0x16 ./Core/Src/audio_player.o
                0x0000000008001a48                AudioPlayer::~AudioPlayer()
                0x0000000008001a48                AudioPlayer::~AudioPlayer()
 .text._ZN11AudioPlayer10play_audioEP8WaveData
                0x0000000008001a5e       0xae ./Core/Src/audio_player.o
                0x0000000008001a5e                AudioPlayer::play_audio(WaveData*)
 .text._ZN11AudioPlayer17update_dac_bufferEmm
                0x0000000008001b0c       0xcc ./Core/Src/audio_player.o
                0x0000000008001b0c                AudioPlayer::update_dac_buffer(unsigned long, unsigned long)
 .text._ZN8WaveDataC2Em
                0x0000000008001bd8       0x24 ./Core/Src/audio_recorder.o
                0x0000000008001bd8                WaveData::WaveData(unsigned long)
                0x0000000008001bd8                WaveData::WaveData(unsigned long)
 .text._ZN13AudioRecorderC2EP26DFSDM_Filter_HandleTypeDef
                0x0000000008001bfc       0x24 ./Core/Src/audio_recorder.o
                0x0000000008001bfc                AudioRecorder::AudioRecorder(DFSDM_Filter_HandleTypeDef*)
                0x0000000008001bfc                AudioRecorder::AudioRecorder(DFSDM_Filter_HandleTypeDef*)
 .text._ZN13AudioRecorderD2Ev
                0x0000000008001c20       0x16 ./Core/Src/audio_recorder.o
                0x0000000008001c20                AudioRecorder::~AudioRecorder()
                0x0000000008001c20                AudioRecorder::~AudioRecorder()
 *fill*         0x0000000008001c36        0x2 
 .text._ZN13AudioRecorder12record_audioEm
                0x0000000008001c38       0xbc ./Core/Src/audio_recorder.o
                0x0000000008001c38                AudioRecorder::record_audio(unsigned long)
 .text._ZN13AudioRecorder18update_wave_bufferEmm
                0x0000000008001cf4       0x92 ./Core/Src/audio_recorder.o
                0x0000000008001cf4                AudioRecorder::update_wave_buffer(unsigned long, unsigned long)
 *fill*         0x0000000008001d86        0x2 
 .text._Z13get_top_classPf
                0x0000000008001d88       0x74 ./Core/Src/kws.o
                0x0000000008001d88                get_top_class(float*)
 .text._Z19average_predictionsPfS_mm
                0x0000000008001dfc       0xcc ./Core/Src/kws.o
                0x0000000008001dfc                average_predictions(float*, float*, unsigned long, unsigned long)
 .text.__NVIC_EnableIRQ
                0x0000000008001ec8       0x3c ./Core/Src/low_power.o
 .text.__NVIC_DisableIRQ
                0x0000000008001f04       0x48 ./Core/Src/low_power.o
 .text._Z16enter_sleep_modev
                0x0000000008001f4c       0x30 ./Core/Src/low_power.o
                0x0000000008001f4c                enter_sleep_mode()
 .text.main     0x0000000008001f7c      0x8cc ./Core/Src/main.o
                0x0000000008001f7c                main
 .text._Z18SystemClock_Configv
                0x0000000008002848       0xc2 ./Core/Src/main.o
                0x0000000008002848                SystemClock_Config()
 *fill*         0x000000000800290a        0x2 
 .text._ZL11MX_CRC_Initv
                0x000000000800290c       0x50 ./Core/Src/main.o
 .text._ZL12MX_DAC1_Initv
                0x000000000800295c       0x78 ./Core/Src/main.o
 .text._ZL14MX_DFSDM1_Initv
                0x00000000080029d4       0xe8 ./Core/Src/main.o
 .text._ZL15MX_QUADSPI_Initv
                0x0000000008002abc       0x54 ./Core/Src/main.o
 .text._ZL12MX_TIM2_Initv
                0x0000000008002b10       0xb8 ./Core/Src/main.o
 .text._ZL19MX_USART1_UART_Initv
                0x0000000008002bc8       0x68 ./Core/Src/main.o
 .text._ZL11MX_DMA_Initv
                0x0000000008002c30       0x4c ./Core/Src/main.o
 .text._ZL12MX_GPIO_Initv
                0x0000000008002c7c      0x10c ./Core/Src/main.o
 .text.HAL_GPIO_EXTI_Callback
                0x0000000008002d88       0x68 ./Core/Src/main.o
                0x0000000008002d88                HAL_GPIO_EXTI_Callback
 .text.HAL_DAC_ConvHalfCpltCallbackCh1
                0x0000000008002df0       0x74 ./Core/Src/main.o
                0x0000000008002df0                HAL_DAC_ConvHalfCpltCallbackCh1
 .text.HAL_DAC_ConvCpltCallbackCh1
                0x0000000008002e64       0x78 ./Core/Src/main.o
                0x0000000008002e64                HAL_DAC_ConvCpltCallbackCh1
 .text.HAL_DFSDM_FilterRegConvHalfCpltCallback
                0x0000000008002edc       0x60 ./Core/Src/main.o
                0x0000000008002edc                HAL_DFSDM_FilterRegConvHalfCpltCallback
 .text.HAL_DFSDM_FilterRegConvCpltCallback
                0x0000000008002f3c       0x64 ./Core/Src/main.o
                0x0000000008002f3c                HAL_DFSDM_FilterRegConvCpltCallback
 .text.print    0x0000000008002fa0       0x34 ./Core/Src/main.o
                0x0000000008002fa0                print
 .text.HAL_TIM_PeriodElapsedCallback
                0x0000000008002fd4       0x24 ./Core/Src/main.o
                0x0000000008002fd4                HAL_TIM_PeriodElapsedCallback
 .text.Error_Handler
                0x0000000008002ff8       0x1c ./Core/Src/main.o
                0x0000000008002ff8                Error_Handler
 .text._Z9qspi_readPhmm
                0x0000000008003014       0x32 ./Core/Src/qspi_handler.o
                0x0000000008003014                qspi_read(unsigned char*, unsigned long, unsigned long)
 .text._Z10qspi_writePhmm
                0x0000000008003046       0x32 ./Core/Src/qspi_handler.o
                0x0000000008003046                qspi_write(unsigned char*, unsigned long, unsigned long)
 .text._Z9qspi_initv
                0x0000000008003078        0xc ./Core/Src/qspi_handler.o
                0x0000000008003078                qspi_init()
 .text._Z16qspi_erase_blockm
                0x0000000008003084       0x16 ./Core/Src/qspi_handler.o
                0x0000000008003084                qspi_erase_block(unsigned long)
 .text._Z17qspi_erase_blocksmm
                0x000000000800309a       0x36 ./Core/Src/qspi_handler.o
                0x000000000800309a                qspi_erase_blocks(unsigned long, unsigned long)
 .text.BSP_QSPI_Init
                0x00000000080030d0       0xd8 ./Core/Src/stm32l475e_iot01_qspi.o
                0x00000000080030d0                BSP_QSPI_Init
 .text.BSP_QSPI_Read
                0x00000000080031a8       0x8c ./Core/Src/stm32l475e_iot01_qspi.o
                0x00000000080031a8                BSP_QSPI_Read
 .text.BSP_QSPI_Write
                0x0000000008003234       0xfc ./Core/Src/stm32l475e_iot01_qspi.o
                0x0000000008003234                BSP_QSPI_Write
 .text.BSP_QSPI_Erase_Block
                0x0000000008003330       0x88 ./Core/Src/stm32l475e_iot01_qspi.o
                0x0000000008003330                BSP_QSPI_Erase_Block
 .text.BSP_QSPI_MspInit
                0x00000000080033b8       0x80 ./Core/Src/stm32l475e_iot01_qspi.o
                0x00000000080033b8                BSP_QSPI_MspInit
 .text.QSPI_ResetMemory
                0x0000000008003438       0x88 ./Core/Src/stm32l475e_iot01_qspi.o
 .text.QSPI_WriteEnable
                0x00000000080034c0       0x98 ./Core/Src/stm32l475e_iot01_qspi.o
 .text.QSPI_AutoPollingMemReady
                0x0000000008003558       0x74 ./Core/Src/stm32l475e_iot01_qspi.o
 .text.QSPI_QuadMode
                0x00000000080035cc      0x150 ./Core/Src/stm32l475e_iot01_qspi.o
 .text.QSPI_HighPerfMode
                0x000000000800371c      0x194 ./Core/Src/stm32l475e_iot01_qspi.o
 .text.HAL_MspInit
                0x00000000080038b0       0x48 ./Core/Src/stm32l4xx_hal_msp.o
                0x00000000080038b0                HAL_MspInit
 .text.HAL_CRC_MspInit
                0x00000000080038f8       0x40 ./Core/Src/stm32l4xx_hal_msp.o
                0x00000000080038f8                HAL_CRC_MspInit
 .text.HAL_DAC_MspInit
                0x0000000008003938       0xdc ./Core/Src/stm32l4xx_hal_msp.o
                0x0000000008003938                HAL_DAC_MspInit
 .text.HAL_DFSDM_FilterMspInit
                0x0000000008003a14      0x158 ./Core/Src/stm32l4xx_hal_msp.o
                0x0000000008003a14                HAL_DFSDM_FilterMspInit
 .text.HAL_DFSDM_ChannelMspInit
                0x0000000008003b6c       0xe0 ./Core/Src/stm32l4xx_hal_msp.o
                0x0000000008003b6c                HAL_DFSDM_ChannelMspInit
 .text.HAL_QSPI_MspInit
                0x0000000008003c4c       0x88 ./Core/Src/stm32l4xx_hal_msp.o
                0x0000000008003c4c                HAL_QSPI_MspInit
 .text.HAL_QSPI_MspDeInit
                0x0000000008003cd4       0x3c ./Core/Src/stm32l4xx_hal_msp.o
                0x0000000008003cd4                HAL_QSPI_MspDeInit
 .text.HAL_TIM_Base_MspInit
                0x0000000008003d10       0x48 ./Core/Src/stm32l4xx_hal_msp.o
                0x0000000008003d10                HAL_TIM_Base_MspInit
 .text.HAL_UART_MspInit
                0x0000000008003d58       0xbc ./Core/Src/stm32l4xx_hal_msp.o
                0x0000000008003d58                HAL_UART_MspInit
 .text.HAL_InitTick
                0x0000000008003e14       0xac ./Core/Src/stm32l4xx_hal_timebase_tim.o
                0x0000000008003e14                HAL_InitTick
 .text.HAL_SuspendTick
                0x0000000008003ec0       0x24 ./Core/Src/stm32l4xx_hal_timebase_tim.o
                0x0000000008003ec0                HAL_SuspendTick
 .text.HAL_ResumeTick
                0x0000000008003ee4       0x24 ./Core/Src/stm32l4xx_hal_timebase_tim.o
                0x0000000008003ee4                HAL_ResumeTick
 .text.NMI_Handler
                0x0000000008003f08        0x6 ./Core/Src/stm32l4xx_it.o
                0x0000000008003f08                NMI_Handler
 .text.HardFault_Handler
                0x0000000008003f0e        0x6 ./Core/Src/stm32l4xx_it.o
                0x0000000008003f0e                HardFault_Handler
 .text.MemManage_Handler
                0x0000000008003f14        0x6 ./Core/Src/stm32l4xx_it.o
                0x0000000008003f14                MemManage_Handler
 .text.BusFault_Handler
                0x0000000008003f1a        0x6 ./Core/Src/stm32l4xx_it.o
                0x0000000008003f1a                BusFault_Handler
 .text.UsageFault_Handler
                0x0000000008003f20        0x6 ./Core/Src/stm32l4xx_it.o
                0x0000000008003f20                UsageFault_Handler
 .text.SVC_Handler
                0x0000000008003f26        0xe ./Core/Src/stm32l4xx_it.o
                0x0000000008003f26                SVC_Handler
 .text.DebugMon_Handler
                0x0000000008003f34        0xe ./Core/Src/stm32l4xx_it.o
                0x0000000008003f34                DebugMon_Handler
 .text.PendSV_Handler
                0x0000000008003f42        0xe ./Core/Src/stm32l4xx_it.o
                0x0000000008003f42                PendSV_Handler
 .text.SysTick_Handler
                0x0000000008003f50        0xe ./Core/Src/stm32l4xx_it.o
                0x0000000008003f50                SysTick_Handler
 *fill*         0x0000000008003f5e        0x2 
 .text.DMA1_Channel3_IRQHandler
                0x0000000008003f60       0x14 ./Core/Src/stm32l4xx_it.o
                0x0000000008003f60                DMA1_Channel3_IRQHandler
 .text.DMA1_Channel4_IRQHandler
                0x0000000008003f74       0x14 ./Core/Src/stm32l4xx_it.o
                0x0000000008003f74                DMA1_Channel4_IRQHandler
 .text.TIM1_TRG_COM_TIM17_IRQHandler
                0x0000000008003f88       0x14 ./Core/Src/stm32l4xx_it.o
                0x0000000008003f88                TIM1_TRG_COM_TIM17_IRQHandler
 .text.TIM2_IRQHandler
                0x0000000008003f9c       0x14 ./Core/Src/stm32l4xx_it.o
                0x0000000008003f9c                TIM2_IRQHandler
 .text.EXTI15_10_IRQHandler
                0x0000000008003fb0       0x10 ./Core/Src/stm32l4xx_it.o
                0x0000000008003fb0                EXTI15_10_IRQHandler
 .text._getpid  0x0000000008003fc0       0x10 ./Core/Src/syscalls.o
                0x0000000008003fc0                _getpid
 .text._kill    0x0000000008003fd0       0x20 ./Core/Src/syscalls.o
                0x0000000008003fd0                _kill
 .text._exit    0x0000000008003ff0       0x14 ./Core/Src/syscalls.o
                0x0000000008003ff0                _exit
 .text._sbrk    0x0000000008004004       0x6c ./Core/Src/sysmem.o
                0x0000000008004004                _sbrk
 .text.SystemInit
                0x0000000008004070       0x24 ./Core/Src/system_stm32l4xx.o
                0x0000000008004070                SystemInit
 .text.Reset_Handler
                0x0000000008004094       0x50 ./Core/Startup/startup_stm32l475vgtx.o
                0x0000000008004094                Reset_Handler
 .text.Default_Handler
                0x00000000080040e4        0x2 ./Core/Startup/startup_stm32l475vgtx.o
                0x00000000080040e4                RTC_Alarm_IRQHandler
                0x00000000080040e4                EXTI2_IRQHandler
                0x00000000080040e4                TIM8_TRG_COM_IRQHandler
                0x00000000080040e4                TIM8_CC_IRQHandler
                0x00000000080040e4                TIM1_CC_IRQHandler
                0x00000000080040e4                TSC_IRQHandler
                0x00000000080040e4                TAMP_STAMP_IRQHandler
                0x00000000080040e4                EXTI3_IRQHandler
                0x00000000080040e4                LPTIM2_IRQHandler
                0x00000000080040e4                DFSDM1_FLT1_IRQHandler
                0x00000000080040e4                I2C3_ER_IRQHandler
                0x00000000080040e4                DFSDM1_FLT2_IRQHandler
                0x00000000080040e4                EXTI0_IRQHandler
                0x00000000080040e4                I2C2_EV_IRQHandler
                0x00000000080040e4                CAN1_RX0_IRQHandler
                0x00000000080040e4                FPU_IRQHandler
                0x00000000080040e4                TIM1_UP_TIM16_IRQHandler
                0x00000000080040e4                ADC1_2_IRQHandler
                0x00000000080040e4                SPI1_IRQHandler
                0x00000000080040e4                TIM6_DAC_IRQHandler
                0x00000000080040e4                TIM8_UP_IRQHandler
                0x00000000080040e4                DMA2_Channel2_IRQHandler
                0x00000000080040e4                SAI2_IRQHandler
                0x00000000080040e4                DFSDM1_FLT3_IRQHandler
                0x00000000080040e4                USART3_IRQHandler
                0x00000000080040e4                DMA1_Channel7_IRQHandler
                0x00000000080040e4                CAN1_RX1_IRQHandler
                0x00000000080040e4                UART5_IRQHandler
                0x00000000080040e4                ADC3_IRQHandler
                0x00000000080040e4                TIM4_IRQHandler
                0x00000000080040e4                DMA2_Channel1_IRQHandler
                0x00000000080040e4                QUADSPI_IRQHandler
                0x00000000080040e4                I2C1_EV_IRQHandler
                0x00000000080040e4                DMA1_Channel6_IRQHandler
                0x00000000080040e4                UART4_IRQHandler
                0x00000000080040e4                DMA2_Channel4_IRQHandler
                0x00000000080040e4                TIM3_IRQHandler
                0x00000000080040e4                RCC_IRQHandler
                0x00000000080040e4                DMA1_Channel1_IRQHandler
                0x00000000080040e4                Default_Handler
                0x00000000080040e4                DMA2_Channel7_IRQHandler
                0x00000000080040e4                TIM7_IRQHandler
                0x00000000080040e4                SDMMC1_IRQHandler
                0x00000000080040e4                TIM5_IRQHandler
                0x00000000080040e4                I2C3_EV_IRQHandler
                0x00000000080040e4                EXTI9_5_IRQHandler
                0x00000000080040e4                RTC_WKUP_IRQHandler
                0x00000000080040e4                PVD_PVM_IRQHandler
                0x00000000080040e4                SPI2_IRQHandler
                0x00000000080040e4                CAN1_TX_IRQHandler
                0x00000000080040e4                DMA2_Channel5_IRQHandler
                0x00000000080040e4                DMA1_Channel5_IRQHandler
                0x00000000080040e4                EXTI4_IRQHandler
                0x00000000080040e4                RNG_IRQHandler
                0x00000000080040e4                COMP_IRQHandler
                0x00000000080040e4                WWDG_IRQHandler
                0x00000000080040e4                LPUART1_IRQHandler
                0x00000000080040e4                DMA2_Channel6_IRQHandler
                0x00000000080040e4                EXTI1_IRQHandler
                0x00000000080040e4                USART2_IRQHandler
                0x00000000080040e4                DFSDM1_FLT0_IRQHandler
                0x00000000080040e4                I2C2_ER_IRQHandler
                0x00000000080040e4                DMA1_Channel2_IRQHandler
                0x00000000080040e4                TIM8_BRK_IRQHandler
                0x00000000080040e4                CAN1_SCE_IRQHandler
                0x00000000080040e4                FLASH_IRQHandler
                0x00000000080040e4                USART1_IRQHandler
                0x00000000080040e4                OTG_FS_IRQHandler
                0x00000000080040e4                SPI3_IRQHandler
                0x00000000080040e4                I2C1_ER_IRQHandler
                0x00000000080040e4                FMC_IRQHandler
                0x00000000080040e4                SWPMI1_IRQHandler
                0x00000000080040e4                LPTIM1_IRQHandler
                0x00000000080040e4                SAI1_IRQHandler
                0x00000000080040e4                DMA2_Channel3_IRQHandler
                0x00000000080040e4                TIM1_BRK_TIM15_IRQHandler
 .text.HAL_Init
                0x00000000080040e6       0x30 ./Drivers/STM32L4xx_HAL_Driver/Src/stm32l4xx_hal.o
                0x00000000080040e6                HAL_Init
 *fill*         0x0000000008004116        0x2 
 .text.HAL_IncTick
                0x0000000008004118       0x28 ./Drivers/STM32L4xx_HAL_Driver/Src/stm32l4xx_hal.o
                0x0000000008004118                HAL_IncTick
 .text.HAL_GetTick
                0x0000000008004140       0x18 ./Drivers/STM32L4xx_HAL_Driver/Src/stm32l4xx_hal.o
                0x0000000008004140                HAL_GetTick
 .text.HAL_Delay
                0x0000000008004158       0x48 ./Drivers/STM32L4xx_HAL_Driver/Src/stm32l4xx_hal.o
                0x0000000008004158                HAL_Delay
 .text.__NVIC_SetPriorityGrouping
                0x00000000080041a0       0x48 ./Drivers/STM32L4xx_HAL_Driver/Src/stm32l4xx_hal_cortex.o
 .text.__NVIC_GetPriorityGrouping
                0x00000000080041e8       0x1c ./Drivers/STM32L4xx_HAL_Driver/Src/stm32l4xx_hal_cortex.o
 .text.__NVIC_EnableIRQ
                0x0000000008004204       0x3c ./Drivers/STM32L4xx_HAL_Driver/Src/stm32l4xx_hal_cortex.o
 .text.__NVIC_SetPriority
                0x0000000008004240       0x54 ./Drivers/STM32L4xx_HAL_Driver/Src/stm32l4xx_hal_cortex.o
 .text.NVIC_EncodePriority
                0x0000000008004294       0x66 ./Drivers/STM32L4xx_HAL_Driver/Src/stm32l4xx_hal_cortex.o
 .text.HAL_NVIC_SetPriorityGrouping
                0x00000000080042fa       0x16 ./Drivers/STM32L4xx_HAL_Driver/Src/stm32l4xx_hal_cortex.o
                0x00000000080042fa                HAL_NVIC_SetPriorityGrouping
 .text.HAL_NVIC_SetPriority
                0x0000000008004310       0x38 ./Drivers/STM32L4xx_HAL_Driver/Src/stm32l4xx_hal_cortex.o
                0x0000000008004310                HAL_NVIC_SetPriority
 .text.HAL_NVIC_EnableIRQ
                0x0000000008004348       0x1c ./Drivers/STM32L4xx_HAL_Driver/Src/stm32l4xx_hal_cortex.o
                0x0000000008004348                HAL_NVIC_EnableIRQ
 .text.HAL_CRC_Init
                0x0000000008004364       0xc8 ./Drivers/STM32L4xx_HAL_Driver/Src/stm32l4xx_hal_crc.o
                0x0000000008004364                HAL_CRC_Init
 .text.HAL_CRCEx_Polynomial_Set
                0x000000000800442c      0x10c ./Drivers/STM32L4xx_HAL_Driver/Src/stm32l4xx_hal_crc_ex.o
                0x000000000800442c                HAL_CRCEx_Polynomial_Set
 .text.HAL_DAC_Init
                0x0000000008004538       0x44 ./Drivers/STM32L4xx_HAL_Driver/Src/stm32l4xx_hal_dac.o
                0x0000000008004538                HAL_DAC_Init
 .text.HAL_DAC_Start_DMA
                0x000000000800457c      0x198 ./Drivers/STM32L4xx_HAL_Driver/Src/stm32l4xx_hal_dac.o
                0x000000000800457c                HAL_DAC_Start_DMA
 .text.HAL_DAC_Stop_DMA
                0x0000000008004714       0x8a ./Drivers/STM32L4xx_HAL_Driver/Src/stm32l4xx_hal_dac.o
                0x0000000008004714                HAL_DAC_Stop_DMA
 .text.HAL_DAC_ErrorCallbackCh1
                0x000000000800479e       0x14 ./Drivers/STM32L4xx_HAL_Driver/Src/stm32l4xx_hal_dac.o
                0x000000000800479e                HAL_DAC_ErrorCallbackCh1
 .text.HAL_DAC_ConfigChannel
                0x00000000080047b2      0x234 ./Drivers/STM32L4xx_HAL_Driver/Src/stm32l4xx_hal_dac.o
                0x00000000080047b2                HAL_DAC_ConfigChannel
 .text.DAC_DMAConvCpltCh1
                0x00000000080049e6       0x22 ./Drivers/STM32L4xx_HAL_Driver/Src/stm32l4xx_hal_dac.o
                0x00000000080049e6                DAC_DMAConvCpltCh1
 .text.DAC_DMAHalfConvCpltCh1
                0x0000000008004a08       0x1c ./Drivers/STM32L4xx_HAL_Driver/Src/stm32l4xx_hal_dac.o
                0x0000000008004a08                DAC_DMAHalfConvCpltCh1
 .text.DAC_DMAErrorCh1
                0x0000000008004a24       0x2e ./Drivers/STM32L4xx_HAL_Driver/Src/stm32l4xx_hal_dac.o
                0x0000000008004a24                DAC_DMAErrorCh1
 .text.HAL_DACEx_ConvCpltCallbackCh2
                0x0000000008004a52       0x14 ./Drivers/STM32L4xx_HAL_Driver/Src/stm32l4xx_hal_dac_ex.o
                0x0000000008004a52                HAL_DACEx_ConvCpltCallbackCh2
 .text.HAL_DACEx_ConvHalfCpltCallbackCh2
                0x0000000008004a66       0x14 ./Drivers/STM32L4xx_HAL_Driver/Src/stm32l4xx_hal_dac_ex.o
                0x0000000008004a66                HAL_DACEx_ConvHalfCpltCallbackCh2
 .text.HAL_DACEx_ErrorCallbackCh2
                0x0000000008004a7a       0x14 ./Drivers/STM32L4xx_HAL_Driver/Src/stm32l4xx_hal_dac_ex.o
                0x0000000008004a7a                HAL_DACEx_ErrorCallbackCh2
 .text.DAC_DMAConvCpltCh2
                0x0000000008004a8e       0x22 ./Drivers/STM32L4xx_HAL_Driver/Src/stm32l4xx_hal_dac_ex.o
                0x0000000008004a8e                DAC_DMAConvCpltCh2
 .text.DAC_DMAHalfConvCpltCh2
                0x0000000008004ab0       0x1c ./Drivers/STM32L4xx_HAL_Driver/Src/stm32l4xx_hal_dac_ex.o
                0x0000000008004ab0                DAC_DMAHalfConvCpltCh2
 .text.DAC_DMAErrorCh2
                0x0000000008004acc       0x2e ./Drivers/STM32L4xx_HAL_Driver/Src/stm32l4xx_hal_dac_ex.o
                0x0000000008004acc                DAC_DMAErrorCh2
 *fill*         0x0000000008004afa        0x2 
 .text.HAL_DFSDM_ChannelInit
                0x0000000008004afc      0x180 ./Drivers/STM32L4xx_HAL_Driver/Src/stm32l4xx_hal_dfsdm.o
                0x0000000008004afc                HAL_DFSDM_ChannelInit
 .text.HAL_DFSDM_FilterInit
                0x0000000008004c7c      0x1b4 ./Drivers/STM32L4xx_HAL_Driver/Src/stm32l4xx_hal_dfsdm.o
                0x0000000008004c7c                HAL_DFSDM_FilterInit
 .text.HAL_DFSDM_FilterConfigRegChannel
                0x0000000008004e30       0x8a ./Drivers/STM32L4xx_HAL_Driver/Src/stm32l4xx_hal_dfsdm.o
                0x0000000008004e30                HAL_DFSDM_FilterConfigRegChannel
 *fill*         0x0000000008004eba        0x2 
 .text.HAL_DFSDM_FilterRegularStart_DMA
                0x0000000008004ebc      0x104 ./Drivers/STM32L4xx_HAL_Driver/Src/stm32l4xx_hal_dfsdm.o
                0x0000000008004ebc                HAL_DFSDM_FilterRegularStart_DMA
 .text.HAL_DFSDM_FilterRegularStop_DMA
                0x0000000008004fc0       0x40 ./Drivers/STM32L4xx_HAL_Driver/Src/stm32l4xx_hal_dfsdm.o
                0x0000000008004fc0                HAL_DFSDM_FilterRegularStop_DMA
 .text.HAL_DFSDM_FilterErrorCallback
                0x0000000008005000       0x14 ./Drivers/STM32L4xx_HAL_Driver/Src/stm32l4xx_hal_dfsdm.o
                0x0000000008005000                HAL_DFSDM_FilterErrorCallback
 .text.DFSDM_DMARegularHalfConvCplt
                0x0000000008005014       0x1c ./Drivers/STM32L4xx_HAL_Driver/Src/stm32l4xx_hal_dfsdm.o
 .text.DFSDM_DMARegularConvCplt
                0x0000000008005030       0x1c ./Drivers/STM32L4xx_HAL_Driver/Src/stm32l4xx_hal_dfsdm.o
 .text.DFSDM_DMAError
                0x000000000800504c       0x22 ./Drivers/STM32L4xx_HAL_Driver/Src/stm32l4xx_hal_dfsdm.o
 *fill*         0x000000000800506e        0x2 
 .text.DFSDM_GetChannelFromInstance
                0x0000000008005070       0x98 ./Drivers/STM32L4xx_HAL_Driver/Src/stm32l4xx_hal_dfsdm.o
 .text.DFSDM_RegConvStart
                0x0000000008005108       0xac ./Drivers/STM32L4xx_HAL_Driver/Src/stm32l4xx_hal_dfsdm.o
 .text.DFSDM_RegConvStop
                0x00000000080051b4       0x9a ./Drivers/STM32L4xx_HAL_Driver/Src/stm32l4xx_hal_dfsdm.o
 *fill*         0x000000000800524e        0x2 
 .text.HAL_DMA_Init
                0x0000000008005250      0x170 ./Drivers/STM32L4xx_HAL_Driver/Src/stm32l4xx_hal_dma.o
                0x0000000008005250                HAL_DMA_Init
 .text.HAL_DMA_Start_IT
                0x00000000080053c0       0xc0 ./Drivers/STM32L4xx_HAL_Driver/Src/stm32l4xx_hal_dma.o
                0x00000000080053c0                HAL_DMA_Start_IT
 .text.HAL_DMA_Abort
                0x0000000008005480       0x7c ./Drivers/STM32L4xx_HAL_Driver/Src/stm32l4xx_hal_dma.o
                0x0000000008005480                HAL_DMA_Abort
 .text.HAL_DMA_IRQHandler
                0x00000000080054fc      0x15e ./Drivers/STM32L4xx_HAL_Driver/Src/stm32l4xx_hal_dma.o
                0x00000000080054fc                HAL_DMA_IRQHandler
 .text.DMA_SetConfig
                0x000000000800565a       0x60 ./Drivers/STM32L4xx_HAL_Driver/Src/stm32l4xx_hal_dma.o
 *fill*         0x00000000080056ba        0x2 
 .text.HAL_GPIO_Init
                0x00000000080056bc      0x354 ./Drivers/STM32L4xx_HAL_Driver/Src/stm32l4xx_hal_gpio.o
                0x00000000080056bc                HAL_GPIO_Init
 .text.HAL_GPIO_DeInit
                0x0000000008005a10      0x1e8 ./Drivers/STM32L4xx_HAL_Driver/Src/stm32l4xx_hal_gpio.o
                0x0000000008005a10                HAL_GPIO_DeInit
 .text.HAL_GPIO_WritePin
                0x0000000008005bf8       0x30 ./Drivers/STM32L4xx_HAL_Driver/Src/stm32l4xx_hal_gpio.o
                0x0000000008005bf8                HAL_GPIO_WritePin
 .text.HAL_GPIO_EXTI_IRQHandler
                0x0000000008005c28       0x30 ./Drivers/STM32L4xx_HAL_Driver/Src/stm32l4xx_hal_gpio.o
                0x0000000008005c28                HAL_GPIO_EXTI_IRQHandler
 .text.HAL_PWR_EnterSLEEPMode
                0x0000000008005c58       0x68 ./Drivers/STM32L4xx_HAL_Driver/Src/stm32l4xx_hal_pwr.o
                0x0000000008005c58                HAL_PWR_EnterSLEEPMode
 .text.HAL_PWREx_GetVoltageRange
                0x0000000008005cc0       0x1c ./Drivers/STM32L4xx_HAL_Driver/Src/stm32l4xx_hal_pwr_ex.o
                0x0000000008005cc0                HAL_PWREx_GetVoltageRange
 .text.HAL_PWREx_ControlVoltageScaling
                0x0000000008005cdc       0xac ./Drivers/STM32L4xx_HAL_Driver/Src/stm32l4xx_hal_pwr_ex.o
                0x0000000008005cdc                HAL_PWREx_ControlVoltageScaling
 .text.HAL_PWREx_EnableLowPowerRunMode
                0x0000000008005d88       0x20 ./Drivers/STM32L4xx_HAL_Driver/Src/stm32l4xx_hal_pwr_ex.o
                0x0000000008005d88                HAL_PWREx_EnableLowPowerRunMode
 .text.HAL_PWREx_DisableLowPowerRunMode
                0x0000000008005da8       0x70 ./Drivers/STM32L4xx_HAL_Driver/Src/stm32l4xx_hal_pwr_ex.o
                0x0000000008005da8                HAL_PWREx_DisableLowPowerRunMode
 .text.HAL_QSPI_Init
                0x0000000008005e18       0xec ./Drivers/STM32L4xx_HAL_Driver/Src/stm32l4xx_hal_qspi.o
                0x0000000008005e18                HAL_QSPI_Init
 .text.HAL_QSPI_DeInit
                0x0000000008005f04       0x48 ./Drivers/STM32L4xx_HAL_Driver/Src/stm32l4xx_hal_qspi.o
                0x0000000008005f04                HAL_QSPI_DeInit
 .text.HAL_QSPI_Command
                0x0000000008005f4c       0xbc ./Drivers/STM32L4xx_HAL_Driver/Src/stm32l4xx_hal_qspi.o
                0x0000000008005f4c                HAL_QSPI_Command
 .text.HAL_QSPI_Transmit
                0x0000000008006008      0x12e ./Drivers/STM32L4xx_HAL_Driver/Src/stm32l4xx_hal_qspi.o
                0x0000000008006008                HAL_QSPI_Transmit
 .text.HAL_QSPI_Receive
                0x0000000008006136      0x144 ./Drivers/STM32L4xx_HAL_Driver/Src/stm32l4xx_hal_qspi.o
                0x0000000008006136                HAL_QSPI_Receive
 .text.HAL_QSPI_AutoPolling
                0x000000000800627a       0xee ./Drivers/STM32L4xx_HAL_Driver/Src/stm32l4xx_hal_qspi.o
                0x000000000800627a                HAL_QSPI_AutoPolling
 .text.HAL_QSPI_Abort
                0x0000000008006368       0xda ./Drivers/STM32L4xx_HAL_Driver/Src/stm32l4xx_hal_qspi.o
                0x0000000008006368                HAL_QSPI_Abort
 .text.HAL_QSPI_SetTimeout
                0x0000000008006442       0x1c ./Drivers/STM32L4xx_HAL_Driver/Src/stm32l4xx_hal_qspi.o
                0x0000000008006442                HAL_QSPI_SetTimeout
 .text.QSPI_WaitFlagStateUntilTimeout
                0x000000000800645e       0x6e ./Drivers/STM32L4xx_HAL_Driver/Src/stm32l4xx_hal_qspi.o
 .text.QSPI_Config
                0x00000000080064cc      0x30c ./Drivers/STM32L4xx_HAL_Driver/Src/stm32l4xx_hal_qspi.o
 .text.HAL_RCC_OscConfig
                0x00000000080067d8      0x7cc ./Drivers/STM32L4xx_HAL_Driver/Src/stm32l4xx_hal_rcc.o
                0x00000000080067d8                HAL_RCC_OscConfig
 .text.HAL_RCC_ClockConfig
                0x0000000008006fa4      0x1c4 ./Drivers/STM32L4xx_HAL_Driver/Src/stm32l4xx_hal_rcc.o
                0x0000000008006fa4                HAL_RCC_ClockConfig
 .text.HAL_RCC_GetSysClockFreq
                0x0000000008007168      0x118 ./Drivers/STM32L4xx_HAL_Driver/Src/stm32l4xx_hal_rcc.o
                0x0000000008007168                HAL_RCC_GetSysClockFreq
 .text.HAL_RCC_GetHCLKFreq
                0x0000000008007280       0x18 ./Drivers/STM32L4xx_HAL_Driver/Src/stm32l4xx_hal_rcc.o
                0x0000000008007280                HAL_RCC_GetHCLKFreq
 .text.HAL_RCC_GetPCLK1Freq
                0x0000000008007298       0x2c ./Drivers/STM32L4xx_HAL_Driver/Src/stm32l4xx_hal_rcc.o
                0x0000000008007298                HAL_RCC_GetPCLK1Freq
 .text.HAL_RCC_GetPCLK2Freq
                0x00000000080072c4       0x2c ./Drivers/STM32L4xx_HAL_Driver/Src/stm32l4xx_hal_rcc.o
                0x00000000080072c4                HAL_RCC_GetPCLK2Freq
 .text.HAL_RCC_GetClockConfig
                0x00000000080072f0       0x64 ./Drivers/STM32L4xx_HAL_Driver/Src/stm32l4xx_hal_rcc.o
                0x00000000080072f0                HAL_RCC_GetClockConfig
 .text.RCC_SetFlashLatencyFromMSIRange
                0x0000000008007354       0xc0 ./Drivers/STM32L4xx_HAL_Driver/Src/stm32l4xx_hal_rcc.o
 .text.HAL_RCCEx_PeriphCLKConfig
                0x0000000008007414      0x5d4 ./Drivers/STM32L4xx_HAL_Driver/Src/stm32l4xx_hal_rcc_ex.o
                0x0000000008007414                HAL_RCCEx_PeriphCLKConfig
 .text.RCCEx_PLLSAI1_Config
                0x00000000080079e8      0x1e8 ./Drivers/STM32L4xx_HAL_Driver/Src/stm32l4xx_hal_rcc_ex.o
 .text.RCCEx_PLLSAI2_Config
                0x0000000008007bd0      0x1bc ./Drivers/STM32L4xx_HAL_Driver/Src/stm32l4xx_hal_rcc_ex.o
 .text.HAL_TIM_Base_Init
                0x0000000008007d8c       0xae ./Drivers/STM32L4xx_HAL_Driver/Src/stm32l4xx_hal_tim.o
                0x0000000008007d8c                HAL_TIM_Base_Init
 *fill*         0x0000000008007e3a        0x2 
 .text.HAL_TIM_Base_Start_IT
                0x0000000008007e3c       0xe0 ./Drivers/STM32L4xx_HAL_Driver/Src/stm32l4xx_hal_tim.o
                0x0000000008007e3c                HAL_TIM_Base_Start_IT
 .text.HAL_TIM_IRQHandler
                0x0000000008007f1c      0x23e ./Drivers/STM32L4xx_HAL_Driver/Src/stm32l4xx_hal_tim.o
                0x0000000008007f1c                HAL_TIM_IRQHandler
 .text.HAL_TIM_ConfigClockSource
                0x000000000800815a      0x192 ./Drivers/STM32L4xx_HAL_Driver/Src/stm32l4xx_hal_tim.o
                0x000000000800815a                HAL_TIM_ConfigClockSource
 .text.HAL_TIM_OC_DelayElapsedCallback
                0x00000000080082ec       0x14 ./Drivers/STM32L4xx_HAL_Driver/Src/stm32l4xx_hal_tim.o
                0x00000000080082ec                HAL_TIM_OC_DelayElapsedCallback
 .text.HAL_TIM_IC_CaptureCallback
                0x0000000008008300       0x14 ./Drivers/STM32L4xx_HAL_Driver/Src/stm32l4xx_hal_tim.o
                0x0000000008008300                HAL_TIM_IC_CaptureCallback
 .text.HAL_TIM_PWM_PulseFinishedCallback
                0x0000000008008314       0x14 ./Drivers/STM32L4xx_HAL_Driver/Src/stm32l4xx_hal_tim.o
                0x0000000008008314                HAL_TIM_PWM_PulseFinishedCallback
 .text.HAL_TIM_TriggerCallback
                0x0000000008008328       0x14 ./Drivers/STM32L4xx_HAL_Driver/Src/stm32l4xx_hal_tim.o
                0x0000000008008328                HAL_TIM_TriggerCallback
 .text.TIM_Base_SetConfig
                0x000000000800833c      0x134 ./Drivers/STM32L4xx_HAL_Driver/Src/stm32l4xx_hal_tim.o
                0x000000000800833c                TIM_Base_SetConfig
 .text.TIM_TI1_ConfigInputStage
                0x0000000008008470       0x5e ./Drivers/STM32L4xx_HAL_Driver/Src/stm32l4xx_hal_tim.o
 .text.TIM_TI2_ConfigInputStage
                0x00000000080084ce       0x60 ./Drivers/STM32L4xx_HAL_Driver/Src/stm32l4xx_hal_tim.o
 .text.TIM_ITRx_SetConfig
                0x000000000800852e       0x36 ./Drivers/STM32L4xx_HAL_Driver/Src/stm32l4xx_hal_tim.o
 .text.TIM_ETR_SetConfig
                0x0000000008008564       0x40 ./Drivers/STM32L4xx_HAL_Driver/Src/stm32l4xx_hal_tim.o
                0x0000000008008564                TIM_ETR_SetConfig
 .text.HAL_TIMEx_MasterConfigSynchronization
                0x00000000080085a4      0x110 ./Drivers/STM32L4xx_HAL_Driver/Src/stm32l4xx_hal_tim_ex.o
                0x00000000080085a4                HAL_TIMEx_MasterConfigSynchronization
 .text.HAL_TIMEx_CommutCallback
                0x00000000080086b4       0x14 ./Drivers/STM32L4xx_HAL_Driver/Src/stm32l4xx_hal_tim_ex.o
                0x00000000080086b4                HAL_TIMEx_CommutCallback
 .text.HAL_TIMEx_BreakCallback
                0x00000000080086c8       0x14 ./Drivers/STM32L4xx_HAL_Driver/Src/stm32l4xx_hal_tim_ex.o
                0x00000000080086c8                HAL_TIMEx_BreakCallback
 .text.HAL_TIMEx_Break2Callback
                0x00000000080086dc       0x14 ./Drivers/STM32L4xx_HAL_Driver/Src/stm32l4xx_hal_tim_ex.o
                0x00000000080086dc                HAL_TIMEx_Break2Callback
 .text.HAL_UART_Init
                0x00000000080086f0       0x9c ./Drivers/STM32L4xx_HAL_Driver/Src/stm32l4xx_hal_uart.o
                0x00000000080086f0                HAL_UART_Init
 .text.HAL_UART_Transmit
                0x000000000800878c      0x128 ./Drivers/STM32L4xx_HAL_Driver/Src/stm32l4xx_hal_uart.o
                0x000000000800878c                HAL_UART_Transmit
 .text.UART_SetConfig
                0x00000000080088b4      0x514 ./Drivers/STM32L4xx_HAL_Driver/Src/stm32l4xx_hal_uart.o
                0x00000000080088b4                UART_SetConfig
 .text.UART_AdvFeatureConfig
                0x0000000008008dc8      0x144 ./Drivers/STM32L4xx_HAL_Driver/Src/stm32l4xx_hal_uart.o
                0x0000000008008dc8                UART_AdvFeatureConfig
 .text.UART_CheckIdleState
                0x0000000008008f0c       0x92 ./Drivers/STM32L4xx_HAL_Driver/Src/stm32l4xx_hal_uart.o
                0x0000000008008f0c                UART_CheckIdleState
 .text.UART_WaitOnFlagUntilTimeout
                0x0000000008008f9e      0x188 ./Drivers/STM32L4xx_HAL_Driver/Src/stm32l4xx_hal_uart.o
                0x0000000008008f9e                UART_WaitOnFlagUntilTimeout
 *fill*         0x0000000008009126        0x2 
 .text.cnn_model_configure_activations
                0x0000000008009128       0xe0 ./X-CUBE-AI/App/cnn_model.o
 .text.cnn_model_configure_weights
                0x0000000008009208      0x274 ./X-CUBE-AI/App/cnn_model.o
 .text.ai_cnn_model_get_error
                0x000000000800947c       0x18 ./X-CUBE-AI/App/cnn_model.o
                0x000000000800947c                ai_cnn_model_get_error
 .text.ai_cnn_model_create
                0x0000000008009494       0x2c ./X-CUBE-AI/App/cnn_model.o
                0x0000000008009494                ai_cnn_model_create
 .text.ai_cnn_model_inputs_get
                0x00000000080094c0       0x34 ./X-CUBE-AI/App/cnn_model.o
                0x00000000080094c0                ai_cnn_model_inputs_get
 .text.ai_cnn_model_outputs_get
                0x00000000080094f4       0x34 ./X-CUBE-AI/App/cnn_model.o
                0x00000000080094f4                ai_cnn_model_outputs_get
 .text.ai_cnn_model_destroy
                0x0000000008009528       0x18 ./X-CUBE-AI/App/cnn_model.o
                0x0000000008009528                ai_cnn_model_destroy
 .text.ai_cnn_model_init
                0x0000000008009540       0x78 ./X-CUBE-AI/App/cnn_model.o
                0x0000000008009540                ai_cnn_model_init
 .text.ai_cnn_model_run
                0x00000000080095b8       0x20 ./X-CUBE-AI/App/cnn_model.o
                0x00000000080095b8                ai_cnn_model_run
 .text.ai_cnn_model_data_activations_buffer_get
                0x00000000080095d8       0x68 ./X-CUBE-AI/App/cnn_model_data.o
                0x00000000080095d8                ai_cnn_model_data_activations_buffer_get
 .text.ai_cnn_model_data_weights_buffer_get
                0x0000000008009640       0x6c ./X-CUBE-AI/App/cnn_model_data.o
                0x0000000008009640                ai_cnn_model_data_weights_buffer_get
 .text.ai_cnn_model_data_weights_get
                0x00000000080096ac       0x14 ./X-CUBE-AI/App/cnn_model_data.o
                0x00000000080096ac                ai_cnn_model_data_weights_get
 .text.ai_buffer_get_size
                0x00000000080096c0       0x60 ../Middlewares/ST/AI/Lib\NetworkRuntime710_CM4_GCC.a(ai_platform.o)
                0x00000000080096c0                ai_buffer_get_size
 .text.ai_buffer_array_sane
                0x0000000008009720       0x14 ../Middlewares/ST/AI/Lib\NetworkRuntime710_CM4_GCC.a(ai_platform.o)
                0x0000000008009720                ai_buffer_array_sane
 .text._ai_platform_acquire_crc
                0x0000000008009734        0x4 ../Middlewares/ST/AI/Lib\NetworkRuntime710_CM4_GCC.a(ai_platform_interface.o)
                0x0000000008009734                _ai_platform_acquire_crc
 .text._ai_platform_release_crc
                0x0000000008009738        0x4 ../Middlewares/ST/AI/Lib\NetworkRuntime710_CM4_GCC.a(ai_platform_interface.o)
                0x0000000008009738                _ai_platform_release_crc
 .text.ai_platform_get_weights_map
                0x000000000800973c       0xa0 ../Middlewares/ST/AI/Lib\NetworkRuntime710_CM4_GCC.a(ai_platform_interface.o)
                0x000000000800973c                ai_platform_get_weights_map
 .text.ai_platform_get_activations_map
                0x00000000080097dc       0xa4 ../Middlewares/ST/AI/Lib\NetworkRuntime710_CM4_GCC.a(ai_platform_interface.o)
                0x00000000080097dc                ai_platform_get_activations_map
 .text.ai_platform_network_get_error
                0x0000000008009880       0xf4 ../Middlewares/ST/AI/Lib\NetworkRuntime710_CM4_GCC.a(ai_platform_interface.o)
                0x0000000008009880                ai_platform_network_get_error
 .text.ai_platform_network_set_error
                0x0000000008009974        0xc ../Middlewares/ST/AI/Lib\NetworkRuntime710_CM4_GCC.a(ai_platform_interface.o)
                0x0000000008009974                ai_platform_network_set_error
 .text.ai_platform_inputs_get
                0x0000000008009980      0x1e8 ../Middlewares/ST/AI/Lib\NetworkRuntime710_CM4_GCC.a(ai_platform_interface.o)
                0x0000000008009980                ai_platform_inputs_get
 .text.ai_platform_outputs_get
                0x0000000008009b68      0x1f4 ../Middlewares/ST/AI/Lib\NetworkRuntime710_CM4_GCC.a(ai_platform_interface.o)
                0x0000000008009b68                ai_platform_outputs_get
 .text.ai_platform_network_create
                0x0000000008009d5c      0x1c0 ../Middlewares/ST/AI/Lib\NetworkRuntime710_CM4_GCC.a(ai_platform_interface.o)
                0x0000000008009d5c                ai_platform_network_create
 .text.ai_platform_network_destroy
                0x0000000008009f1c       0xf0 ../Middlewares/ST/AI/Lib\NetworkRuntime710_CM4_GCC.a(ai_platform_interface.o)
                0x0000000008009f1c                ai_platform_network_destroy
 .text.ai_platform_network_init
                0x000000000800a00c      0x218 ../Middlewares/ST/AI/Lib\NetworkRuntime710_CM4_GCC.a(ai_platform_interface.o)
                0x000000000800a00c                ai_platform_network_init
 .text.ai_platform_network_post_init
                0x000000000800a224      0x128 ../Middlewares/ST/AI/Lib\NetworkRuntime710_CM4_GCC.a(ai_platform_interface.o)
                0x000000000800a224                ai_platform_network_post_init
 .text.ai_platform_network_process
                0x000000000800a34c      0x4d8 ../Middlewares/ST/AI/Lib\NetworkRuntime710_CM4_GCC.a(ai_platform_interface.o)
                0x000000000800a34c                ai_platform_network_process
 .text.core_init
                0x000000000800a824        0x4 ../Middlewares/ST/AI/Lib\NetworkRuntime710_CM4_GCC.a(core_common.o)
                0x000000000800a824                core_init
 .text.core_get_error
                0x000000000800a828        0xc ../Middlewares/ST/AI/Lib\NetworkRuntime710_CM4_GCC.a(core_common.o)
                0x000000000800a828                core_get_error
 .text.core_set_error
                0x000000000800a834       0x18 ../Middlewares/ST/AI/Lib\NetworkRuntime710_CM4_GCC.a(core_common.o)
                0x000000000800a834                core_set_error
 .text.func_dummy
                0x000000000800a84c        0x4 ../Middlewares/ST/AI/Lib\NetworkRuntime710_CM4_GCC.a(layers_conv2d_generic_float.o)
 .text.ai_dict_decompress_f32
                0x000000000800a850       0xa0 ../Middlewares/ST/AI/Lib\NetworkRuntime710_CM4_GCC.a(layers_conv2d_generic_float.o)
                0x000000000800a850                ai_dict_decompress_f32
 .text.forward_conv2d
                0x000000000800a8f0      0xfa4 ../Middlewares/ST/AI/Lib\NetworkRuntime710_CM4_GCC.a(layers_conv2d_generic_float.o)
                0x000000000800a8f0                forward_conv2d
 .text.forward_dense
                0x000000000800b894      0x7b8 ../Middlewares/ST/AI/Lib\NetworkRuntime710_CM4_GCC.a(layers_conv2d_generic_float.o)
                0x000000000800b894                forward_dense
 .text.nl_func_relu_array_f32
                0x000000000800c04c       0x50 ../Middlewares/ST/AI/Lib\NetworkRuntime710_CM4_GCC.a(layers_nl_generic_float.o)
                0x000000000800c04c                nl_func_relu_array_f32
 .text.nl_func_sm_array_f32
                0x000000000800c09c      0x100 ../Middlewares/ST/AI/Lib\NetworkRuntime710_CM4_GCC.a(layers_nl_generic_float.o)
                0x000000000800c09c                nl_func_sm_array_f32
 .text.nl_func_relu_generic_array_f32
                0x000000000800c19c       0xfc ../Middlewares/ST/AI/Lib\NetworkRuntime710_CM4_GCC.a(layers_nl_generic_float.o)
                0x000000000800c19c                nl_func_relu_generic_array_f32
 .text.forward_relu
                0x000000000800c298      0x124 ../Middlewares/ST/AI/Lib\NetworkRuntime710_CM4_GCC.a(layers_nl_generic_float.o)
                0x000000000800c298                forward_relu
 .text.forward_sm
                0x000000000800c3bc       0x64 ../Middlewares/ST/AI/Lib\NetworkRuntime710_CM4_GCC.a(layers_nl_generic_float.o)
                0x000000000800c3bc                forward_sm
 .text.forward_bn
                0x000000000800c420      0x15c ../Middlewares/ST/AI/Lib\NetworkRuntime710_CM4_GCC.a(layers_norm_generic_float.o)
                0x000000000800c420                forward_bn
 .text.ai_check_custom_types
                0x000000000800c57c       0x54 ../Middlewares/ST/AI/Lib\NetworkRuntime710_CM4_GCC.a(layers.o)
                0x000000000800c57c                ai_check_custom_types
 .text.ai_layers_init_all
                0x000000000800c5d0       0x28 ../Middlewares/ST/AI/Lib\NetworkRuntime710_CM4_GCC.a(layers.o)
                0x000000000800c5d0                ai_layers_init_all
 .text.ai_layers_post_init_all
                0x000000000800c5f8       0x30 ../Middlewares/ST/AI/Lib\NetworkRuntime710_CM4_GCC.a(layers.o)
                0x000000000800c5f8                ai_layers_post_init_all
 .text.ai_layers_forward_all
                0x000000000800c628       0x9c ../Middlewares/ST/AI/Lib\NetworkRuntime710_CM4_GCC.a(layers.o)
                0x000000000800c628                ai_layers_forward_all
 .text.ai_layers_destroy_all
                0x000000000800c6c4       0x30 ../Middlewares/ST/AI/Lib\NetworkRuntime710_CM4_GCC.a(layers.o)
                0x000000000800c6c4                ai_layers_destroy_all
 .text.ai_version_get
                0x000000000800c6f4        0xc ../Middlewares/ST/AI/Lib\NetworkRuntime710_CM4_GCC.a(ai_datatypes_internal.o)
                0x000000000800c6f4                ai_version_get
 .text.get_tensor_byte_size
                0x000000000800c700       0x28 ../Middlewares/ST/AI/Lib\NetworkRuntime710_CM4_GCC.a(ai_datatypes_internal.o)
                0x000000000800c700                get_tensor_byte_size
 .text.ai_array_to_buffer_fmt
                0x000000000800c728       0xac ../Middlewares/ST/AI/Lib\NetworkRuntime710_CM4_GCC.a(ai_datatypes_format.o)
                0x000000000800c728                ai_array_to_buffer_fmt
 .text.ai_array_get_byte_size
                0x000000000800c7d4       0x48 ../Middlewares/ST/AI/Lib\NetworkRuntime710_CM4_GCC.a(ai_datatypes_format.o)
                0x000000000800c7d4                ai_array_get_byte_size
 .text.ai_array_get_data_byte_size
                0x000000000800c81c       0x20 ../Middlewares/ST/AI/Lib\NetworkRuntime710_CM4_GCC.a(ai_datatypes_format.o)
                0x000000000800c81c                ai_array_get_data_byte_size
 .text.arm_copy_q7
                0x000000000800c83c       0xcc ../Core/Lib\libarm_cortexM4lf_math.a(arm_copy_q7.o)
                0x000000000800c83c                arm_copy_q7
 .text.arm_rfft_32_fast_init_f32
                0x000000000800c908       0x34 ../Core/Lib\libarm_cortexM4lf_math.a(arm_rfft_fast_init_f32.o)
                0x000000000800c908                arm_rfft_32_fast_init_f32
 .text.arm_rfft_64_fast_init_f32
                0x000000000800c93c       0x34 ../Core/Lib\libarm_cortexM4lf_math.a(arm_rfft_fast_init_f32.o)
                0x000000000800c93c                arm_rfft_64_fast_init_f32
 .text.arm_rfft_256_fast_init_f32
                0x000000000800c970       0x38 ../Core/Lib\libarm_cortexM4lf_math.a(arm_rfft_fast_init_f32.o)
                0x000000000800c970                arm_rfft_256_fast_init_f32
 .text.arm_rfft_512_fast_init_f32
                0x000000000800c9a8       0x3c ../Core/Lib\libarm_cortexM4lf_math.a(arm_rfft_fast_init_f32.o)
                0x000000000800c9a8                arm_rfft_512_fast_init_f32
 .text.arm_rfft_1024_fast_init_f32
                0x000000000800c9e4       0x3c ../Core/Lib\libarm_cortexM4lf_math.a(arm_rfft_fast_init_f32.o)
                0x000000000800c9e4                arm_rfft_1024_fast_init_f32
 .text.arm_rfft_2048_fast_init_f32
                0x000000000800ca20       0x3c ../Core/Lib\libarm_cortexM4lf_math.a(arm_rfft_fast_init_f32.o)
                0x000000000800ca20                arm_rfft_2048_fast_init_f32
 .text.arm_rfft_4096_fast_init_f32
                0x000000000800ca5c       0x3c ../Core/Lib\libarm_cortexM4lf_math.a(arm_rfft_fast_init_f32.o)
                0x000000000800ca5c                arm_rfft_4096_fast_init_f32
 .text.arm_rfft_fast_init_f32
                0x000000000800ca98       0x68 ../Core/Lib\libarm_cortexM4lf_math.a(arm_rfft_fast_init_f32.o)
                0x000000000800ca98                arm_rfft_fast_init_f32
 .text.stage_rfft_f32
                0x000000000800cb00       0xb4 ../Core/Lib\libarm_cortexM4lf_math.a(arm_rfft_fast_f32.o)
                0x000000000800cb00                stage_rfft_f32
 .text.merge_rfft_f32
                0x000000000800cbb4       0xac ../Core/Lib\libarm_cortexM4lf_math.a(arm_rfft_fast_f32.o)
                0x000000000800cbb4                merge_rfft_f32
 .text.arm_rfft_fast_f32
                0x000000000800cc60       0x40 ../Core/Lib\libarm_cortexM4lf_math.a(arm_rfft_fast_f32.o)
                0x000000000800cc60                arm_rfft_fast_f32
 .text.arm_cfft_radix8by2_f32
                0x000000000800cca0      0x1a0 ../Core/Lib\libarm_cortexM4lf_math.a(arm_cfft_f32.o)
                0x000000000800cca0                arm_cfft_radix8by2_f32
 .text.arm_cfft_radix8by4_f32
                0x000000000800ce40      0x4ac ../Core/Lib\libarm_cortexM4lf_math.a(arm_cfft_f32.o)
                0x000000000800ce40                arm_cfft_radix8by4_f32
 .text.arm_cfft_f32
                0x000000000800d2ec       0xf0 ../Core/Lib\libarm_cortexM4lf_math.a(arm_cfft_f32.o)
                0x000000000800d2ec                arm_cfft_f32
 .text.arm_bitreversal_32
                0x000000000800d3dc       0x40 ../Core/Lib\libarm_cortexM4lf_math.a(arm_bitreversal2.o)
                0x000000000800d3dc                arm_bitreversal_32
 .text.arm_radix8_butterfly_f32
                0x000000000800d41c      0x580 ../Core/Lib\libarm_cortexM4lf_math.a(arm_cfft_radix8_f32.o)
                0x000000000800d41c                arm_radix8_butterfly_f32
 .text._ZdlPvj  0x000000000800d99c        0x4 c:/st/stm32cubeide_1.7.0/stm32cubeide/plugins/com.st.stm32cube.ide.mcu.externaltools.gnu-tools-for-stm32.9-2020-q2-update.win32_2.0.0.202105311346/tools/bin/../lib/gcc/arm-none-eabi/9.3.1/../../../../arm-none-eabi/lib/thumb/v7e-m+fp/hard\libstdc++_nano.a(del_ops.o)
                0x000000000800d99c                operator delete(void*, unsigned int)
 .text._ZdaPv   0x000000000800d9a0        0x4 c:/st/stm32cubeide_1.7.0/stm32cubeide/plugins/com.st.stm32cube.ide.mcu.externaltools.gnu-tools-for-stm32.9-2020-q2-update.win32_2.0.0.202105311346/tools/bin/../lib/gcc/arm-none-eabi/9.3.1/../../../../arm-none-eabi/lib/thumb/v7e-m+fp/hard\libstdc++_nano.a(del_opv.o)
                0x000000000800d9a0                operator delete[](void*)
 .text._Znwj    0x000000000800d9a4       0x22 c:/st/stm32cubeide_1.7.0/stm32cubeide/plugins/com.st.stm32cube.ide.mcu.externaltools.gnu-tools-for-stm32.9-2020-q2-update.win32_2.0.0.202105311346/tools/bin/../lib/gcc/arm-none-eabi/9.3.1/../../../../arm-none-eabi/lib/thumb/v7e-m+fp/hard\libstdc++_nano.a(new_op.o)
                0x000000000800d9a4                operator new(unsigned int)
 .text._Znaj    0x000000000800d9c6        0x4 c:/st/stm32cubeide_1.7.0/stm32cubeide/plugins/com.st.stm32cube.ide.mcu.externaltools.gnu-tools-for-stm32.9-2020-q2-update.win32_2.0.0.202105311346/tools/bin/../lib/gcc/arm-none-eabi/9.3.1/../../../../arm-none-eabi/lib/thumb/v7e-m+fp/hard\libstdc++_nano.a(new_opv.o)
                0x000000000800d9c6                operator new[](unsigned int)
 .text._ZdlPv   0x000000000800d9ca        0x4 c:/st/stm32cubeide_1.7.0/stm32cubeide/plugins/com.st.stm32cube.ide.mcu.externaltools.gnu-tools-for-stm32.9-2020-q2-update.win32_2.0.0.202105311346/tools/bin/../lib/gcc/arm-none-eabi/9.3.1/../../../../arm-none-eabi/lib/thumb/v7e-m+fp/hard\libstdc++_nano.a(del_op.o)
                0x000000000800d9ca                operator delete(void*)
 *fill*         0x000000000800d9ce        0x2 
 .text._ZSt15get_new_handlerv
                0x000000000800d9d0       0x10 c:/st/stm32cubeide_1.7.0/stm32cubeide/plugins/com.st.stm32cube.ide.mcu.externaltools.gnu-tools-for-stm32.9-2020-q2-update.win32_2.0.0.202105311346/tools/bin/../lib/gcc/arm-none-eabi/9.3.1/../../../../arm-none-eabi/lib/thumb/v7e-m+fp/hard\libstdc++_nano.a(new_handler.o)
                0x000000000800d9d0                std::get_new_handler()
 .text.ceil     0x000000000800d9e0      0x108 c:/st/stm32cubeide_1.7.0/stm32cubeide/plugins/com.st.stm32cube.ide.mcu.externaltools.gnu-tools-for-stm32.9-2020-q2-update.win32_2.0.0.202105311346/tools/bin/../lib/gcc/arm-none-eabi/9.3.1/../../../../arm-none-eabi/lib/thumb/v7e-m+fp/hard\libm.a(lib_a-s_ceil.o)
                0x000000000800d9e0                ceil
 .text.cos      0x000000000800dae8       0xa0 c:/st/stm32cubeide_1.7.0/stm32cubeide/plugins/com.st.stm32cube.ide.mcu.externaltools.gnu-tools-for-stm32.9-2020-q2-update.win32_2.0.0.202105311346/tools/bin/../lib/gcc/arm-none-eabi/9.3.1/../../../../arm-none-eabi/lib/thumb/v7e-m+fp/hard\libm.a(lib_a-s_cos.o)
                0x000000000800dae8                cos
 .text.roundf   0x000000000800db88       0x4c c:/st/stm32cubeide_1.7.0/stm32cubeide/plugins/com.st.stm32cube.ide.mcu.externaltools.gnu-tools-for-stm32.9-2020-q2-update.win32_2.0.0.202105311346/tools/bin/../lib/gcc/arm-none-eabi/9.3.1/../../../../arm-none-eabi/lib/thumb/v7e-m+fp/hard\libm.a(lib_a-sf_round.o)
                0x000000000800db88                roundf
 *fill*         0x000000000800dbd4        0x4 
 .text.log      0x000000000800dbd8       0x90 c:/st/stm32cubeide_1.7.0/stm32cubeide/plugins/com.st.stm32cube.ide.mcu.externaltools.gnu-tools-for-stm32.9-2020-q2-update.win32_2.0.0.202105311346/tools/bin/../lib/gcc/arm-none-eabi/9.3.1/../../../../arm-none-eabi/lib/thumb/v7e-m+fp/hard\libm.a(lib_a-w_log.o)
                0x000000000800dbd8                log
 .text.pow      0x000000000800dc68      0x15c c:/st/stm32cubeide_1.7.0/stm32cubeide/plugins/com.st.stm32cube.ide.mcu.externaltools.gnu-tools-for-stm32.9-2020-q2-update.win32_2.0.0.202105311346/tools/bin/../lib/gcc/arm-none-eabi/9.3.1/../../../../arm-none-eabi/lib/thumb/v7e-m+fp/hard\libm.a(lib_a-w_pow.o)
                0x000000000800dc68                pow
 .text.expf     0x000000000800ddc4       0x7c c:/st/stm32cubeide_1.7.0/stm32cubeide/plugins/com.st.stm32cube.ide.mcu.externaltools.gnu-tools-for-stm32.9-2020-q2-update.win32_2.0.0.202105311346/tools/bin/../lib/gcc/arm-none-eabi/9.3.1/../../../../arm-none-eabi/lib/thumb/v7e-m+fp/hard\libm.a(lib_a-wf_exp.o)
                0x000000000800ddc4                expf
 .text.logf     0x000000000800de40       0x6c c:/st/stm32cubeide_1.7.0/stm32cubeide/plugins/com.st.stm32cube.ide.mcu.externaltools.gnu-tools-for-stm32.9-2020-q2-update.win32_2.0.0.202105311346/tools/bin/../lib/gcc/arm-none-eabi/9.3.1/../../../../arm-none-eabi/lib/thumb/v7e-m+fp/hard\libm.a(lib_a-wf_log.o)
                0x000000000800de40                logf
 .text.sqrtf    0x000000000800deac       0x4c c:/st/stm32cubeide_1.7.0/stm32cubeide/plugins/com.st.stm32cube.ide.mcu.externaltools.gnu-tools-for-stm32.9-2020-q2-update.win32_2.0.0.202105311346/tools/bin/../lib/gcc/arm-none-eabi/9.3.1/../../../../arm-none-eabi/lib/thumb/v7e-m+fp/hard\libm.a(lib_a-wf_sqrt.o)
                0x000000000800deac                sqrtf
 .text.__ieee754_log
                0x000000000800def8      0x374 c:/st/stm32cubeide_1.7.0/stm32cubeide/plugins/com.st.stm32cube.ide.mcu.externaltools.gnu-tools-for-stm32.9-2020-q2-update.win32_2.0.0.202105311346/tools/bin/../lib/gcc/arm-none-eabi/9.3.1/../../../../arm-none-eabi/lib/thumb/v7e-m+fp/hard\libm.a(lib_a-e_log.o)
                0x000000000800def8                __ieee754_log
 *fill*         0x000000000800e26c        0x4 
 .text.__ieee754_pow
                0x000000000800e270      0xa44 c:/st/stm32cubeide_1.7.0/stm32cubeide/plugins/com.st.stm32cube.ide.mcu.externaltools.gnu-tools-for-stm32.9-2020-q2-update.win32_2.0.0.202105311346/tools/bin/../lib/gcc/arm-none-eabi/9.3.1/../../../../arm-none-eabi/lib/thumb/v7e-m+fp/hard\libm.a(lib_a-e_pow.o)
                0x000000000800e270                __ieee754_pow
 *fill*         0x000000000800ecb4        0x4 
 .text.__ieee754_rem_pio2
                0x000000000800ecb8      0x414 c:/st/stm32cubeide_1.7.0/stm32cubeide/plugins/com.st.stm32cube.ide.mcu.externaltools.gnu-tools-for-stm32.9-2020-q2-update.win32_2.0.0.202105311346/tools/bin/../lib/gcc/arm-none-eabi/9.3.1/../../../../arm-none-eabi/lib/thumb/v7e-m+fp/hard\libm.a(lib_a-e_rem_pio2.o)
                0x000000000800ecb8                __ieee754_rem_pio2
 .text.__ieee754_sqrt
                0x000000000800f0cc      0x168 c:/st/stm32cubeide_1.7.0/stm32cubeide/plugins/com.st.stm32cube.ide.mcu.externaltools.gnu-tools-for-stm32.9-2020-q2-update.win32_2.0.0.202105311346/tools/bin/../lib/gcc/arm-none-eabi/9.3.1/../../../../arm-none-eabi/lib/thumb/v7e-m+fp/hard\libm.a(lib_a-e_sqrt.o)
                0x000000000800f0cc                __ieee754_sqrt
 .text.__ieee754_expf
                0x000000000800f234      0x1a8 c:/st/stm32cubeide_1.7.0/stm32cubeide/plugins/com.st.stm32cube.ide.mcu.externaltools.gnu-tools-for-stm32.9-2020-q2-update.win32_2.0.0.202105311346/tools/bin/../lib/gcc/arm-none-eabi/9.3.1/../../../../arm-none-eabi/lib/thumb/v7e-m+fp/hard\libm.a(lib_a-ef_exp.o)
                0x000000000800f234                __ieee754_expf
 .text.__ieee754_logf
                0x000000000800f3dc      0x1e0 c:/st/stm32cubeide_1.7.0/stm32cubeide/plugins/com.st.stm32cube.ide.mcu.externaltools.gnu-tools-for-stm32.9-2020-q2-update.win32_2.0.0.202105311346/tools/bin/../lib/gcc/arm-none-eabi/9.3.1/../../../../arm-none-eabi/lib/thumb/v7e-m+fp/hard\libm.a(lib_a-ef_log.o)
                0x000000000800f3dc                __ieee754_logf
 .text.__ieee754_sqrtf
                0x000000000800f5bc        0x6 c:/st/stm32cubeide_1.7.0/stm32cubeide/plugins/com.st.stm32cube.ide.mcu.externaltools.gnu-tools-for-stm32.9-2020-q2-update.win32_2.0.0.202105311346/tools/bin/../lib/gcc/arm-none-eabi/9.3.1/../../../../arm-none-eabi/lib/thumb/v7e-m+fp/hard\libm.a(lib_a-ef_sqrt.o)
                0x000000000800f5bc                __ieee754_sqrtf
 *fill*         0x000000000800f5c2        0x6 
 .text.__kernel_cos
                0x000000000800f5c8      0x18c c:/st/stm32cubeide_1.7.0/stm32cubeide/plugins/com.st.stm32cube.ide.mcu.externaltools.gnu-tools-for-stm32.9-2020-q2-update.win32_2.0.0.202105311346/tools/bin/../lib/gcc/arm-none-eabi/9.3.1/../../../../arm-none-eabi/lib/thumb/v7e-m+fp/hard\libm.a(lib_a-k_cos.o)
                0x000000000800f5c8                __kernel_cos
 *fill*         0x000000000800f754        0x4 
 .text.__kernel_rem_pio2
                0x000000000800f758      0x680 c:/st/stm32cubeide_1.7.0/stm32cubeide/plugins/com.st.stm32cube.ide.mcu.externaltools.gnu-tools-for-stm32.9-2020-q2-update.win32_2.0.0.202105311346/tools/bin/../lib/gcc/arm-none-eabi/9.3.1/../../../../arm-none-eabi/lib/thumb/v7e-m+fp/hard\libm.a(lib_a-k_rem_pio2.o)
                0x000000000800f758                __kernel_rem_pio2
 .text.__kernel_sin
                0x000000000800fdd8      0x17c c:/st/stm32cubeide_1.7.0/stm32cubeide/plugins/com.st.stm32cube.ide.mcu.externaltools.gnu-tools-for-stm32.9-2020-q2-update.win32_2.0.0.202105311346/tools/bin/../lib/gcc/arm-none-eabi/9.3.1/../../../../arm-none-eabi/lib/thumb/v7e-m+fp/hard\libm.a(lib_a-k_sin.o)
                0x000000000800fdd8                __kernel_sin
 .text.fabs     0x000000000800ff54       0x12 c:/st/stm32cubeide_1.7.0/stm32cubeide/plugins/com.st.stm32cube.ide.mcu.externaltools.gnu-tools-for-stm32.9-2020-q2-update.win32_2.0.0.202105311346/tools/bin/../lib/gcc/arm-none-eabi/9.3.1/../../../../arm-none-eabi/lib/thumb/v7e-m+fp/hard\libm.a(lib_a-s_fabs.o)
                0x000000000800ff54                fabs
 .text.finite   0x000000000800ff66       0x16 c:/st/stm32cubeide_1.7.0/stm32cubeide/plugins/com.st.stm32cube.ide.mcu.externaltools.gnu-tools-for-stm32.9-2020-q2-update.win32_2.0.0.202105311346/tools/bin/../lib/gcc/arm-none-eabi/9.3.1/../../../../arm-none-eabi/lib/thumb/v7e-m+fp/hard\libm.a(lib_a-s_finite.o)
                0x000000000800ff66                finite
 *fill*         0x000000000800ff7c        0x4 
 .text.floor    0x000000000800ff80      0x100 c:/st/stm32cubeide_1.7.0/stm32cubeide/plugins/com.st.stm32cube.ide.mcu.externaltools.gnu-tools-for-stm32.9-2020-q2-update.win32_2.0.0.202105311346/tools/bin/../lib/gcc/arm-none-eabi/9.3.1/../../../../arm-none-eabi/lib/thumb/v7e-m+fp/hard\libm.a(lib_a-s_floor.o)
                0x000000000800ff80                floor
 .text.nan      0x0000000008010080       0x10 c:/st/stm32cubeide_1.7.0/stm32cubeide/plugins/com.st.stm32cube.ide.mcu.externaltools.gnu-tools-for-stm32.9-2020-q2-update.win32_2.0.0.202105311346/tools/bin/../lib/gcc/arm-none-eabi/9.3.1/../../../../arm-none-eabi/lib/thumb/v7e-m+fp/hard\libm.a(lib_a-s_nan.o)
                0x0000000008010080                nan
 .text.rint     0x0000000008010090      0x114 c:/st/stm32cubeide_1.7.0/stm32cubeide/plugins/com.st.stm32cube.ide.mcu.externaltools.gnu-tools-for-stm32.9-2020-q2-update.win32_2.0.0.202105311346/tools/bin/../lib/gcc/arm-none-eabi/9.3.1/../../../../arm-none-eabi/lib/thumb/v7e-m+fp/hard\libm.a(lib_a-s_rint.o)
                0x0000000008010090                rint
 *fill*         0x00000000080101a4        0x4 
 .text.scalbn   0x00000000080101a8      0x10c c:/st/stm32cubeide_1.7.0/stm32cubeide/plugins/com.st.stm32cube.ide.mcu.externaltools.gnu-tools-for-stm32.9-2020-q2-update.win32_2.0.0.202105311346/tools/bin/../lib/gcc/arm-none-eabi/9.3.1/../../../../arm-none-eabi/lib/thumb/v7e-m+fp/hard\libm.a(lib_a-s_scalbn.o)
                0x00000000080101a8                scalbn
 .text.finitef  0x00000000080102b4       0x1a c:/st/stm32cubeide_1.7.0/stm32cubeide/plugins/com.st.stm32cube.ide.mcu.externaltools.gnu-tools-for-stm32.9-2020-q2-update.win32_2.0.0.202105311346/tools/bin/../lib/gcc/arm-none-eabi/9.3.1/../../../../arm-none-eabi/lib/thumb/v7e-m+fp/hard\libm.a(lib_a-sf_finite.o)
                0x00000000080102b4                finitef
 *fill*         0x00000000080102ce        0x2 
 .text.nanf     0x00000000080102d0        0xc c:/st/stm32cubeide_1.7.0/stm32cubeide/plugins/com.st.stm32cube.ide.mcu.externaltools.gnu-tools-for-stm32.9-2020-q2-update.win32_2.0.0.202105311346/tools/bin/../lib/gcc/arm-none-eabi/9.3.1/../../../../arm-none-eabi/lib/thumb/v7e-m+fp/hard\libm.a(lib_a-sf_nan.o)
                0x00000000080102d0                nanf
 .text.abort    0x00000000080102dc        0xe c:/st/stm32cubeide_1.7.0/stm32cubeide/plugins/com.st.stm32cube.ide.mcu.externaltools.gnu-tools-for-stm32.9-2020-q2-update.win32_2.0.0.202105311346/tools/bin/../lib/gcc/arm-none-eabi/9.3.1/../../../../arm-none-eabi/lib/thumb/v7e-m+fp/hard\libc_nano.a(lib_a-abort.o)
                0x00000000080102dc                abort
 *fill*         0x00000000080102ea        0x2 
 .text.calloc   0x00000000080102ec       0x10 c:/st/stm32cubeide_1.7.0/stm32cubeide/plugins/com.st.stm32cube.ide.mcu.externaltools.gnu-tools-for-stm32.9-2020-q2-update.win32_2.0.0.202105311346/tools/bin/../lib/gcc/arm-none-eabi/9.3.1/../../../../arm-none-eabi/lib/thumb/v7e-m+fp/hard\libc_nano.a(lib_a-calloc.o)
                0x00000000080102ec                calloc
 .text.__errno  0x00000000080102fc        0xc c:/st/stm32cubeide_1.7.0/stm32cubeide/plugins/com.st.stm32cube.ide.mcu.externaltools.gnu-tools-for-stm32.9-2020-q2-update.win32_2.0.0.202105311346/tools/bin/../lib/gcc/arm-none-eabi/9.3.1/../../../../arm-none-eabi/lib/thumb/v7e-m+fp/hard\libc_nano.a(lib_a-errno.o)
                0x00000000080102fc                __errno
 .text.__libc_init_array
                0x0000000008010308       0x48 c:/st/stm32cubeide_1.7.0/stm32cubeide/plugins/com.st.stm32cube.ide.mcu.externaltools.gnu-tools-for-stm32.9-2020-q2-update.win32_2.0.0.202105311346/tools/bin/../lib/gcc/arm-none-eabi/9.3.1/../../../../arm-none-eabi/lib/thumb/v7e-m+fp/hard\libc_nano.a(lib_a-init.o)
                0x0000000008010308                __libc_init_array
 .text.malloc   0x0000000008010350       0x10 c:/st/stm32cubeide_1.7.0/stm32cubeide/plugins/com.st.stm32cube.ide.mcu.externaltools.gnu-tools-for-stm32.9-2020-q2-update.win32_2.0.0.202105311346/tools/bin/../lib/gcc/arm-none-eabi/9.3.1/../../../../arm-none-eabi/lib/thumb/v7e-m+fp/hard\libc_nano.a(lib_a-malloc.o)
                0x0000000008010350                malloc
 .text.free     0x0000000008010360       0x10 c:/st/stm32cubeide_1.7.0/stm32cubeide/plugins/com.st.stm32cube.ide.mcu.externaltools.gnu-tools-for-stm32.9-2020-q2-update.win32_2.0.0.202105311346/tools/bin/../lib/gcc/arm-none-eabi/9.3.1/../../../../arm-none-eabi/lib/thumb/v7e-m+fp/hard\libc_nano.a(lib_a-malloc.o)
                0x0000000008010360                free
 .text.memcpy   0x0000000008010370       0x1c c:/st/stm32cubeide_1.7.0/stm32cubeide/plugins/com.st.stm32cube.ide.mcu.externaltools.gnu-tools-for-stm32.9-2020-q2-update.win32_2.0.0.202105311346/tools/bin/../lib/gcc/arm-none-eabi/9.3.1/../../../../arm-none-eabi/lib/thumb/v7e-m+fp/hard\libc_nano.a(lib_a-memcpy-stub.o)
                0x0000000008010370                memcpy
 .text.memset   0x000000000801038c       0x10 c:/st/stm32cubeide_1.7.0/stm32cubeide/plugins/com.st.stm32cube.ide.mcu.externaltools.gnu-tools-for-stm32.9-2020-q2-update.win32_2.0.0.202105311346/tools/bin/../lib/gcc/arm-none-eabi/9.3.1/../../../../arm-none-eabi/lib/thumb/v7e-m+fp/hard\libc_nano.a(lib_a-memset.o)
                0x000000000801038c                memset
 .text._calloc_r
                0x000000000801039c       0x1e c:/st/stm32cubeide_1.7.0/stm32cubeide/plugins/com.st.stm32cube.ide.mcu.externaltools.gnu-tools-for-stm32.9-2020-q2-update.win32_2.0.0.202105311346/tools/bin/../lib/gcc/arm-none-eabi/9.3.1/../../../../arm-none-eabi/lib/thumb/v7e-m+fp/hard\libc_nano.a(lib_a-nano-callocr.o)
                0x000000000801039c                _calloc_r
 *fill*         0x00000000080103ba        0x2 
 .text._free_r  0x00000000080103bc       0xa0 c:/st/stm32cubeide_1.7.0/stm32cubeide/plugins/com.st.stm32cube.ide.mcu.externaltools.gnu-tools-for-stm32.9-2020-q2-update.win32_2.0.0.202105311346/tools/bin/../lib/gcc/arm-none-eabi/9.3.1/../../../../arm-none-eabi/lib/thumb/v7e-m+fp/hard\libc_nano.a(lib_a-nano-freer.o)
                0x00000000080103bc                _free_r
 .text._malloc_r
                0x000000000801045c       0xb4 c:/st/stm32cubeide_1.7.0/stm32cubeide/plugins/com.st.stm32cube.ide.mcu.externaltools.gnu-tools-for-stm32.9-2020-q2-update.win32_2.0.0.202105311346/tools/bin/../lib/gcc/arm-none-eabi/9.3.1/../../../../arm-none-eabi/lib/thumb/v7e-m+fp/hard\libc_nano.a(lib_a-nano-mallocr.o)
                0x000000000801045c                _malloc_r
 .text._sbrk_r  0x0000000008010510       0x20 c:/st/stm32cubeide_1.7.0/stm32cubeide/plugins/com.st.stm32cube.ide.mcu.externaltools.gnu-tools-for-stm32.9-2020-q2-update.win32_2.0.0.202105311346/tools/bin/../lib/gcc/arm-none-eabi/9.3.1/../../../../arm-none-eabi/lib/thumb/v7e-m+fp/hard\libc_nano.a(lib_a-sbrkr.o)
                0x0000000008010510                _sbrk_r
 .text._raise_r
                0x0000000008010530       0x50 c:/st/stm32cubeide_1.7.0/stm32cubeide/plugins/com.st.stm32cube.ide.mcu.externaltools.gnu-tools-for-stm32.9-2020-q2-update.win32_2.0.0.202105311346/tools/bin/../lib/gcc/arm-none-eabi/9.3.1/../../../../arm-none-eabi/lib/thumb/v7e-m+fp/hard\libc_nano.a(lib_a-signal.o)
                0x0000000008010530                _raise_r
 .text.raise    0x0000000008010580       0x10 c:/st/stm32cubeide_1.7.0/stm32cubeide/plugins/com.st.stm32cube.ide.mcu.externaltools.gnu-tools-for-stm32.9-2020-q2-update.win32_2.0.0.202105311346/tools/bin/../lib/gcc/arm-none-eabi/9.3.1/../../../../arm-none-eabi/lib/thumb/v7e-m+fp/hard\libc_nano.a(lib_a-signal.o)
                0x0000000008010580                raise
 .text._kill_r  0x0000000008010590       0x24 c:/st/stm32cubeide_1.7.0/stm32cubeide/plugins/com.st.stm32cube.ide.mcu.externaltools.gnu-tools-for-stm32.9-2020-q2-update.win32_2.0.0.202105311346/tools/bin/../lib/gcc/arm-none-eabi/9.3.1/../../../../arm-none-eabi/lib/thumb/v7e-m+fp/hard\libc_nano.a(lib_a-signalr.o)
                0x0000000008010590                _kill_r
 .text._getpid_r
                0x00000000080105b4        0x4 c:/st/stm32cubeide_1.7.0/stm32cubeide/plugins/com.st.stm32cube.ide.mcu.externaltools.gnu-tools-for-stm32.9-2020-q2-update.win32_2.0.0.202105311346/tools/bin/../lib/gcc/arm-none-eabi/9.3.1/../../../../arm-none-eabi/lib/thumb/v7e-m+fp/hard\libc_nano.a(lib_a-signalr.o)
                0x00000000080105b4                _getpid_r
 .text.sprintf  0x00000000080105b8       0x40 c:/st/stm32cubeide_1.7.0/stm32cubeide/plugins/com.st.stm32cube.ide.mcu.externaltools.gnu-tools-for-stm32.9-2020-q2-update.win32_2.0.0.202105311346/tools/bin/../lib/gcc/arm-none-eabi/9.3.1/../../../../arm-none-eabi/lib/thumb/v7e-m+fp/hard\libc_nano.a(lib_a-sprintf.o)
                0x00000000080105b8                siprintf
                0x00000000080105b8                sprintf
 .text.strcpy   0x00000000080105f8       0x10 c:/st/stm32cubeide_1.7.0/stm32cubeide/plugins/com.st.stm32cube.ide.mcu.externaltools.gnu-tools-for-stm32.9-2020-q2-update.win32_2.0.0.202105311346/tools/bin/../lib/gcc/arm-none-eabi/9.3.1/../../../../arm-none-eabi/lib/thumb/v7e-m+fp/hard\libc_nano.a(lib_a-strcpy.o)
                0x00000000080105f8                strcpy
 .text.__malloc_lock
                0x0000000008010608        0xc c:/st/stm32cubeide_1.7.0/stm32cubeide/plugins/com.st.stm32cube.ide.mcu.externaltools.gnu-tools-for-stm32.9-2020-q2-update.win32_2.0.0.202105311346/tools/bin/../lib/gcc/arm-none-eabi/9.3.1/../../../../arm-none-eabi/lib/thumb/v7e-m+fp/hard\libc_nano.a(lib_a-mlock.o)
                0x0000000008010608                __malloc_lock
 .text.__malloc_unlock
                0x0000000008010614        0xc c:/st/stm32cubeide_1.7.0/stm32cubeide/plugins/com.st.stm32cube.ide.mcu.externaltools.gnu-tools-for-stm32.9-2020-q2-update.win32_2.0.0.202105311346/tools/bin/../lib/gcc/arm-none-eabi/9.3.1/../../../../arm-none-eabi/lib/thumb/v7e-m+fp/hard\libc_nano.a(lib_a-mlock.o)
                0x0000000008010614                __malloc_unlock
 .text._realloc_r
                0x0000000008010620       0x4c c:/st/stm32cubeide_1.7.0/stm32cubeide/plugins/com.st.stm32cube.ide.mcu.externaltools.gnu-tools-for-stm32.9-2020-q2-update.win32_2.0.0.202105311346/tools/bin/../lib/gcc/arm-none-eabi/9.3.1/../../../../arm-none-eabi/lib/thumb/v7e-m+fp/hard\libc_nano.a(lib_a-nano-reallocr.o)
                0x0000000008010620                _realloc_r
 .text.__ssputs_r
                0x000000000801066c       0xb6 c:/st/stm32cubeide_1.7.0/stm32cubeide/plugins/com.st.stm32cube.ide.mcu.externaltools.gnu-tools-for-stm32.9-2020-q2-update.win32_2.0.0.202105311346/tools/bin/../lib/gcc/arm-none-eabi/9.3.1/../../../../arm-none-eabi/lib/thumb/v7e-m+fp/hard\libc_nano.a(lib_a-nano-svfprintf.o)
                0x000000000801066c                __ssputs_r
 *fill*         0x0000000008010722        0x2 
 .text._svfprintf_r
                0x0000000008010724      0x200 c:/st/stm32cubeide_1.7.0/stm32cubeide/plugins/com.st.stm32cube.ide.mcu.externaltools.gnu-tools-for-stm32.9-2020-q2-update.win32_2.0.0.202105311346/tools/bin/../lib/gcc/arm-none-eabi/9.3.1/../../../../arm-none-eabi/lib/thumb/v7e-m+fp/hard\libc_nano.a(lib_a-nano-svfprintf.o)
                0x0000000008010724                _svfiprintf_r
                0x0000000008010724                _svfprintf_r
 .text._printf_common
                0x0000000008010924       0xda c:/st/stm32cubeide_1.7.0/stm32cubeide/plugins/com.st.stm32cube.ide.mcu.externaltools.gnu-tools-for-stm32.9-2020-q2-update.win32_2.0.0.202105311346/tools/bin/../lib/gcc/arm-none-eabi/9.3.1/../../../../arm-none-eabi/lib/thumb/v7e-m+fp/hard\libc_nano.a(lib_a-nano-vfprintf_i.o)
                0x0000000008010924                _printf_common
 *fill*         0x00000000080109fe        0x2 
 .text._printf_i
                0x0000000008010a00      0x24c c:/st/stm32cubeide_1.7.0/stm32cubeide/plugins/com.st.stm32cube.ide.mcu.externaltools.gnu-tools-for-stm32.9-2020-q2-update.win32_2.0.0.202105311346/tools/bin/../lib/gcc/arm-none-eabi/9.3.1/../../../../arm-none-eabi/lib/thumb/v7e-m+fp/hard\libc_nano.a(lib_a-nano-vfprintf_i.o)
                0x0000000008010a00                _printf_i
 .text.__retarget_lock_acquire_recursive
                0x0000000008010c4c        0x2 c:/st/stm32cubeide_1.7.0/stm32cubeide/plugins/com.st.stm32cube.ide.mcu.externaltools.gnu-tools-for-stm32.9-2020-q2-update.win32_2.0.0.202105311346/tools/bin/../lib/gcc/arm-none-eabi/9.3.1/../../../../arm-none-eabi/lib/thumb/v7e-m+fp/hard\libc_nano.a(lib_a-lock.o)
                0x0000000008010c4c                __retarget_lock_acquire_recursive
 .text.__retarget_lock_release_recursive
                0x0000000008010c4e        0x2 c:/st/stm32cubeide_1.7.0/stm32cubeide/plugins/com.st.stm32cube.ide.mcu.externaltools.gnu-tools-for-stm32.9-2020-q2-update.win32_2.0.0.202105311346/tools/bin/../lib/gcc/arm-none-eabi/9.3.1/../../../../arm-none-eabi/lib/thumb/v7e-m+fp/hard\libc_nano.a(lib_a-lock.o)
                0x0000000008010c4e                __retarget_lock_release_recursive
 .text.memmove  0x0000000008010c50       0x34 c:/st/stm32cubeide_1.7.0/stm32cubeide/plugins/com.st.stm32cube.ide.mcu.externaltools.gnu-tools-for-stm32.9-2020-q2-update.win32_2.0.0.202105311346/tools/bin/../lib/gcc/arm-none-eabi/9.3.1/../../../../arm-none-eabi/lib/thumb/v7e-m+fp/hard\libc_nano.a(lib_a-memmove.o)
                0x0000000008010c50                memmove
 .text._malloc_usable_size_r
                0x0000000008010c84       0x10 c:/st/stm32cubeide_1.7.0/stm32cubeide/plugins/com.st.stm32cube.ide.mcu.externaltools.gnu-tools-for-stm32.9-2020-q2-update.win32_2.0.0.202105311346/tools/bin/../lib/gcc/arm-none-eabi/9.3.1/../../../../arm-none-eabi/lib/thumb/v7e-m+fp/hard\libc_nano.a(lib_a-nano-msizer.o)
                0x0000000008010c84                _malloc_usable_size_r
 *(.glue_7)
 .glue_7        0x0000000008010c94        0x0 linker stubs
 *(.glue_7t)
 .glue_7t       0x0000000008010c94        0x0 linker stubs
 *(.eh_frame)
 .eh_frame      0x0000000008010c94        0x0 c:/st/stm32cubeide_1.7.0/stm32cubeide/plugins/com.st.stm32cube.ide.mcu.externaltools.gnu-tools-for-stm32.9-2020-q2-update.win32_2.0.0.202105311346/tools/bin/../lib/gcc/arm-none-eabi/9.3.1/thumb/v7e-m+fp/hard/crtbegin.o
 *(.init)
 .init          0x0000000008010c94        0x4 c:/st/stm32cubeide_1.7.0/stm32cubeide/plugins/com.st.stm32cube.ide.mcu.externaltools.gnu-tools-for-stm32.9-2020-q2-update.win32_2.0.0.202105311346/tools/bin/../lib/gcc/arm-none-eabi/9.3.1/thumb/v7e-m+fp/hard/crti.o
                0x0000000008010c94                _init
 .init          0x0000000008010c98        0x8 c:/st/stm32cubeide_1.7.0/stm32cubeide/plugins/com.st.stm32cube.ide.mcu.externaltools.gnu-tools-for-stm32.9-2020-q2-update.win32_2.0.0.202105311346/tools/bin/../lib/gcc/arm-none-eabi/9.3.1/thumb/v7e-m+fp/hard/crtn.o
 *(.fini)
 .fini          0x0000000008010ca0        0x4 c:/st/stm32cubeide_1.7.0/stm32cubeide/plugins/com.st.stm32cube.ide.mcu.externaltools.gnu-tools-for-stm32.9-2020-q2-update.win32_2.0.0.202105311346/tools/bin/../lib/gcc/arm-none-eabi/9.3.1/thumb/v7e-m+fp/hard/crti.o
                0x0000000008010ca0                _fini
 .fini          0x0000000008010ca4        0x8 c:/st/stm32cubeide_1.7.0/stm32cubeide/plugins/com.st.stm32cube.ide.mcu.externaltools.gnu-tools-for-stm32.9-2020-q2-update.win32_2.0.0.202105311346/tools/bin/../lib/gcc/arm-none-eabi/9.3.1/thumb/v7e-m+fp/hard/crtn.o
                0x0000000008010cac                . = ALIGN (0x4)
                0x0000000008010cac                _etext = .

.vfp11_veneer   0x0000000008010cac        0x0
 .vfp11_veneer  0x0000000008010cac        0x0 linker stubs

.v4_bx          0x0000000008010cac        0x0
 .v4_bx         0x0000000008010cac        0x0 linker stubs

.iplt           0x0000000008010cac        0x0
 .iplt          0x0000000008010cac        0x0 c:/st/stm32cubeide_1.7.0/stm32cubeide/plugins/com.st.stm32cube.ide.mcu.externaltools.gnu-tools-for-stm32.9-2020-q2-update.win32_2.0.0.202105311346/tools/bin/../lib/gcc/arm-none-eabi/9.3.1/thumb/v7e-m+fp/hard/crtbegin.o

.rodata         0x0000000008010cc0    0x56fc4
                0x0000000008010cc0                . = ALIGN (0x4)
 *(.rodata)
 .rodata        0x0000000008010cc0       0xfc ./Core/Src/main.o
 .rodata        0x0000000008010dbc       0x30 ./X-CUBE-AI/App/cnn_model_data.o
 .rodata        0x0000000008010dec        0x4 ../Middlewares/ST/AI/Lib\NetworkRuntime710_CM4_GCC.a(layers.o)
 *(.rodata*)
 .rodata.AHBPrescTable
                0x0000000008010df0       0x10 ./Core/Src/system_stm32l4xx.o
                0x0000000008010df0                AHBPrescTable
 .rodata.APBPrescTable
                0x0000000008010e00        0x8 ./Core/Src/system_stm32l4xx.o
                0x0000000008010e00                APBPrescTable
 .rodata.MSIRangeTable
                0x0000000008010e08       0x30 ./Core/Src/system_stm32l4xx.o