Archive member included to satisfy reference by file (symbol)

../Middlewares/ST/AI/Lib\NetworkRuntime710_CM4_GCC.a(ai_platform.o)
                              ./X-CUBE-AI/App/cnn_model.o (ai_buffer_array_item_set_address)
../Middlewares/ST/AI/Lib\NetworkRuntime710_CM4_GCC.a(ai_platform_interface.o)
                              ./X-CUBE-AI/App/cnn_model.o (ai_platform_get_weights_map)
../Middlewares/ST/AI/Lib\NetworkRuntime710_CM4_GCC.a(core_mem_manager.o)
                              ../Middlewares/ST/AI/Lib\NetworkRuntime710_CM4_GCC.a(ai_platform_interface.o) (core_mem_alloc)
../Middlewares/ST/AI/Lib\NetworkRuntime710_CM4_GCC.a(core_common.o)
                              ../Middlewares/ST/AI/Lib\NetworkRuntime710_CM4_GCC.a(ai_platform_interface.o) (core_init)
../Middlewares/ST/AI/Lib\NetworkRuntime710_CM4_GCC.a(layers_conv2d_generic_float.o)
                              ./X-CUBE-AI/App/cnn_model.o (forward_conv2d)
../Middlewares/ST/AI/Lib\NetworkRuntime710_CM4_GCC.a(layers_nl_generic_float.o)
                              ./X-CUBE-AI/App/cnn_model.o (nl_func_relu_array_f32)
../Middlewares/ST/AI/Lib\NetworkRuntime710_CM4_GCC.a(layers_norm_generic_float.o)
                              ./X-CUBE-AI/App/cnn_model.o (forward_bn)
../Middlewares/ST/AI/Lib\NetworkRuntime710_CM4_GCC.a(layers.o)
                              ../Middlewares/ST/AI/Lib\NetworkRuntime710_CM4_GCC.a(ai_platform_interface.o) (ai_check_custom_types)
../Middlewares/ST/AI/Lib\NetworkRuntime710_CM4_GCC.a(arm_mat_init_f32.o)
                              ../Middlewares/ST/AI/Lib\NetworkRuntime710_CM4_GCC.a(layers_conv2d_generic_float.o) (st_dsp_arm_mat_init_f32)
../Middlewares/ST/AI/Lib\NetworkRuntime710_CM4_GCC.a(ai_datatypes_internal.o)
                              ../Middlewares/ST/AI/Lib\NetworkRuntime710_CM4_GCC.a(ai_platform_interface.o) (ai_version_get)
../Middlewares/ST/AI/Lib\NetworkRuntime710_CM4_GCC.a(ai_datatypes_format.o)
                              ../Middlewares/ST/AI/Lib\NetworkRuntime710_CM4_GCC.a(ai_platform_interface.o) (ai_array_to_buffer_fmt)
../Middlewares/ST/AI/Lib\NetworkRuntime710_CM4_GCC.a(ai_math_helpers.o)
                              ../Middlewares/ST/AI/Lib\NetworkRuntime710_CM4_GCC.a(layers_nl_generic_float.o) (ai_math_sqrt)
../Middlewares/ST/AI/Lib\NetworkRuntime710_CM4_GCC.a(st_convolve_reference.o)
                              ../Middlewares/ST/AI/Lib\NetworkRuntime710_CM4_GCC.a(ai_math_helpers.o) (align_factor)
../Core/Lib\libarm_cortexM4lf_math.a(arm_copy_q7.o)
                              ./Core/Src/main.o (arm_copy_q7)
../Core/Lib\libarm_cortexM4lf_math.a(arm_rfft_fast_init_f32.o)
                              ./Core/Src/ML-KWS-for-MCU/MFCC/mfcc.o (arm_rfft_fast_init_f32)
../Core/Lib\libarm_cortexM4lf_math.a(arm_rfft_fast_f32.o)
                              ./Core/Src/ML-KWS-for-MCU/MFCC/mfcc.o (arm_rfft_fast_f32)
../Core/Lib\libarm_cortexM4lf_math.a(arm_cfft_f32.o)
                              ../Core/Lib\libarm_cortexM4lf_math.a(arm_rfft_fast_f32.o) (arm_cfft_f32)
../Core/Lib\libarm_cortexM4lf_math.a(arm_bitreversal2.o)
                              ../Core/Lib\libarm_cortexM4lf_math.a(arm_cfft_f32.o) (arm_bitreversal_32)
../Core/Lib\libarm_cortexM4lf_math.a(arm_common_tables.o)
                              ../Core/Lib\libarm_cortexM4lf_math.a(arm_rfft_fast_init_f32.o) (twiddleCoef_rfft_4096)
../Core/Lib\libarm_cortexM4lf_math.a(arm_cfft_radix8_f32.o)
                              ../Core/Lib\libarm_cortexM4lf_math.a(arm_cfft_f32.o) (arm_radix8_butterfly_f32)
c:/st/stm32cubeide_1.7.0/stm32cubeide/plugins/com.st.stm32cube.ide.mcu.externaltools.gnu-tools-for-stm32.9-2020-q2-update.win32_2.0.0.202105311346/tools/bin/../lib/gcc/arm-none-eabi/9.3.1/../../../../arm-none-eabi/lib/thumb/v7e-m+fp/hard\libstdc++_nano.a(del_ops.o)
                              ./Core/Src/ML-KWS-for-MCU/MFCC/mfcc.o (operator delete(void*, unsigned int))
c:/st/stm32cubeide_1.7.0/stm32cubeide/plugins/com.st.stm32cube.ide.mcu.externaltools.gnu-tools-for-stm32.9-2020-q2-update.win32_2.0.0.202105311346/tools/bin/../lib/gcc/arm-none-eabi/9.3.1/../../../../arm-none-eabi/lib/thumb/v7e-m+fp/hard\libstdc++_nano.a(del_opv.o)
                              ./Core/Src/ML-KWS-for-MCU/MFCC/mfcc.o (operator delete[](void*))
c:/st/stm32cubeide_1.7.0/stm32cubeide/plugins/com.st.stm32cube.ide.mcu.externaltools.gnu-tools-for-stm32.9-2020-q2-update.win32_2.0.0.202105311346/tools/bin/../lib/gcc/arm-none-eabi/9.3.1/../../../../arm-none-eabi/lib/thumb/v7e-m+fp/hard\libstdc++_nano.a(new_op.o)
                              ./Core/Src/ML-KWS-for-MCU/MFCC/mfcc.o (operator new(unsigned int))
c:/st/stm32cubeide_1.7.0/stm32cubeide/plugins/com.st.stm32cube.ide.mcu.externaltools.gnu-tools-for-stm32.9-2020-q2-update.win32_2.0.0.202105311346/tools/bin/../lib/gcc/arm-none-eabi/9.3.1/../../../../arm-none-eabi/lib/thumb/v7e-m+fp/hard\libstdc++_nano.a(new_opv.o)
[...]
Memory Configuration

Name             Origin             Length             Attributes
RAM              0x0000000020000000 0x0000000000018000 xrw
RAM2             0x0000000010000000 0x0000000000008000 xrw
FLASH            0x0000000008000000 0x0000000000100000 xr
*default*        0x0000000000000000 0xffffffffffffffff

Linker script and memory map

LOAD c:/st/stm32cubeide_1.7.0/stm32cubeide/plugins/com.st.stm32cube.ide.mcu.externaltools.gnu-tools-for-stm32.9-2020-q2-update.win32_2.0.0.202105311346/tools/bin/../lib/gcc/arm-none-eabi/9.3.1/thumb/v7e-m+fp/hard/crti.o
LOAD c:/st/stm32cubeide_1.7.0/stm32cubeide/plugins/com.st.stm32cube.ide.mcu.externaltools.gnu-tools-for-stm32.9-2020-q2-update.win32_2.0.0.202105311346/tools/bin/../lib/gcc/arm-none-eabi/9.3.1/thumb/v7e-m+fp/hard/crtbegin.o
LOAD c:/st/stm32cubeide_1.7.0/stm32cubeide/plugins/com.st.stm32cube.ide.mcu.externaltools.gnu-tools-for-stm32.9-2020-q2-update.win32_2.0.0.202105311346/tools/bin/../lib/gcc/arm-none-eabi/9.3.1/../../../../arm-none-eabi/lib/thumb/v7e-m+fp/hard/crt0.o
LOAD ./Core/Src/ML-KWS-for-MCU/MFCC/mfcc.o
LOAD ./Core/Src/audio_player.o
LOAD ./Core/Src/audio_recorder.o
LOAD ./Core/Src/kws.o
LOAD ./Core/Src/low_power.o
LOAD ./Core/Src/main.o
LOAD ./Core/Src/qspi_handler.o
LOAD ./Core/Src/stm32l475e_iot01_qspi.o
LOAD ./Core/Src/stm32l4xx_hal_msp.o
LOAD ./Core/Src/stm32l4xx_hal_timebase_tim.o
LOAD ./Core/Src/stm32l4xx_it.o
LOAD ./Core/Src/syscalls.o
LOAD ./Core/Src/sysmem.o
LOAD ./Core/Src/system_stm32l4xx.o
LOAD ./Core/Startup/startup_stm32l475vgtx.o
LOAD ./Drivers/STM32L4xx_HAL_Driver/Src/stm32l4xx_hal.o
LOAD ./Drivers/STM32L4xx_HAL_Driver/Src/stm32l4xx_hal_cortex.o
LOAD ./Drivers/STM32L4xx_HAL_Driver/Src/stm32l4xx_hal_crc.o
LOAD ./Drivers/STM32L4xx_HAL_Driver/Src/stm32l4xx_hal_crc_ex.o
LOAD ./Drivers/STM32L4xx_HAL_Driver/Src/stm32l4xx_hal_dac.o
LOAD ./Drivers/STM32L4xx_HAL_Driver/Src/stm32l4xx_hal_dac_ex.o
LOAD ./Drivers/STM32L4xx_HAL_Driver/Src/stm32l4xx_hal_dfsdm.o
LOAD ./Drivers/STM32L4xx_HAL_Driver/Src/stm32l4xx_hal_dma.o
LOAD ./Drivers/STM32L4xx_HAL_Driver/Src/stm32l4xx_hal_dma_ex.o
LOAD ./Drivers/STM32L4xx_HAL_Driver/Src/stm32l4xx_hal_exti.o
LOAD ./Drivers/STM32L4xx_HAL_Driver/Src/stm32l4xx_hal_flash.o
LOAD ./Drivers/STM32L4xx_HAL_Driver/Src/stm32l4xx_hal_flash_ex.o
LOAD ./Drivers/STM32L4xx_HAL_Driver/Src/stm32l4xx_hal_flash_ramfunc.o
LOAD ./Drivers/STM32L4xx_HAL_Driver/Src/stm32l4xx_hal_gpio.o
LOAD ./Drivers/STM32L4xx_HAL_Driver/Src/stm32l4xx_hal_i2c.o
LOAD ./Drivers/STM32L4xx_HAL_Driver/Src/stm32l4xx_hal_i2c_ex.o
LOAD ./Drivers/STM32L4xx_HAL_Driver/Src/stm32l4xx_hal_pwr.o
LOAD ./Drivers/STM32L4xx_HAL_Driver/Src/stm32l4xx_hal_pwr_ex.o
LOAD ./Drivers/STM32L4xx_HAL_Driver/Src/stm32l4xx_hal_qspi.o
LOAD ./Drivers/STM32L4xx_HAL_Driver/Src/stm32l4xx_hal_rcc.o
LOAD ./Drivers/STM32L4xx_HAL_Driver/Src/stm32l4xx_hal_rcc_ex.o
LOAD ./Drivers/STM32L4xx_HAL_Driver/Src/stm32l4xx_hal_tim.o
LOAD ./Drivers/STM32L4xx_HAL_Driver/Src/stm32l4xx_hal_tim_ex.o
LOAD ./Drivers/STM32L4xx_HAL_Driver/Src/stm32l4xx_hal_uart.o
LOAD ./Drivers/STM32L4xx_HAL_Driver/Src/stm32l4xx_hal_uart_ex.o
LOAD ./X-CUBE-AI/App/cnn_model.o
LOAD ./X-CUBE-AI/App/cnn_model_data.o
LOAD ../Middlewares/ST/AI/Lib\NetworkRuntime710_CM4_GCC.a
LOAD ../Core/Lib\libarm_cortexM4lf_math.a
START GROUP
LOAD c:/st/stm32cubeide_1.7.0/stm32cubeide/plugins/com.st.stm32cube.ide.mcu.externaltools.gnu-tools-for-stm32.9-2020-q2-update.win32_2.0.0.202105311346/tools/bin/../lib/gcc/arm-none-eabi/9.3.1/../../../../arm-none-eabi/lib/thumb/v7e-m+fp/hard\libstdc++_nano.a
LOAD c:/st/stm32cubeide_1.7.0/stm32cubeide/plugins/com.st.stm32cube.ide.mcu.externaltools.gnu-tools-for-stm32.9-2020-q2-update.win32_2.0.0.202105311346/tools/bin/../lib/gcc/arm-none-eabi/9.3.1/../../../../arm-none-eabi/lib/thumb/v7e-m+fp/hard\libsupc++_nano.a
END GROUP
LOAD c:/st/stm32cubeide_1.7.0/stm32cubeide/plugins/com.st.stm32cube.ide.mcu.externaltools.gnu-tools-for-stm32.9-2020-q2-update.win32_2.0.0.202105311346/tools/bin/../lib/gcc/arm-none-eabi/9.3.1/../../../../arm-none-eabi/lib/thumb/v7e-m+fp/hard\libstdc++_nano.a
LOAD c:/st/stm32cubeide_1.7.0/stm32cubeide/plugins/com.st.stm32cube.ide.mcu.externaltools.gnu-tools-for-stm32.9-2020-q2-update.win32_2.0.0.202105311346/tools/bin/../lib/gcc/arm-none-eabi/9.3.1/../../../../arm-none-eabi/lib/thumb/v7e-m+fp/hard\libm.a
LOAD c:/st/stm32cubeide_1.7.0/stm32cubeide/plugins/com.st.stm32cube.ide.mcu.externaltools.gnu-tools-for-stm32.9-2020-q2-update.win32_2.0.0.202105311346/tools/bin/../lib/gcc/arm-none-eabi/9.3.1/../../../../arm-none-eabi/lib/thumb/v7e-m+fp/hard\libc_nano.a
START GROUP
LOAD c:/st/stm32cubeide_1.7.0/stm32cubeide/plugins/com.st.stm32cube.ide.mcu.externaltools.gnu-tools-for-stm32.9-2020-q2-update.win32_2.0.0.202105311346/tools/bin/../lib/gcc/arm-none-eabi/9.3.1/thumb/v7e-m+fp/hard\libgcc.a
LOAD c:/st/stm32cubeide_1.7.0/stm32cubeide/plugins/com.st.stm32cube.ide.mcu.externaltools.gnu-tools-for-stm32.9-2020-q2-update.win32_2.0.0.202105311346/tools/bin/../lib/gcc/arm-none-eabi/9.3.1/../../../../arm-none-eabi/lib/thumb/v7e-m+fp/hard\libc_nano.a
END GROUP
START GROUP
LOAD c:/st/stm32cubeide_1.7.0/stm32cubeide/plugins/com.st.stm32cube.ide.mcu.externaltools.gnu-tools-for-stm32.9-2020-q2-update.win32_2.0.0.202105311346/tools/bin/../lib/gcc/arm-none-eabi/9.3.1/thumb/v7e-m+fp/hard\libgcc.a
LOAD c:/st/stm32cubeide_1.7.0/stm32cubeide/plugins/com.st.stm32cube.ide.mcu.externaltools.gnu-tools-for-stm32.9-2020-q2-update.win32_2.0.0.202105311346/tools/bin/../lib/gcc/arm-none-eabi/9.3.1/../../../../arm-none-eabi/lib/thumb/v7e-m+fp/hard\libc_nano.a
END GROUP
LOAD c:/st/stm32cubeide_1.7.0/stm32cubeide/plugins/com.st.stm32cube.ide.mcu.externaltools.gnu-tools-for-stm32.9-2020-q2-update.win32_2.0.0.202105311346/tools/bin/../lib/gcc/arm-none-eabi/9.3.1/thumb/v7e-m+fp/hard/crtend.o
LOAD c:/st/stm32cubeide_1.7.0/stm32cubeide/plugins/com.st.stm32cube.ide.mcu.externaltools.gnu-tools-for-stm32.9-2020-q2-update.win32_2.0.0.202105311346/tools/bin/../lib/gcc/arm-none-eabi/9.3.1/thumb/v7e-m+fp/hard/crtn.o
                0x0000000020018000                _estack = (ORIGIN (RAM) + LENGTH (RAM))
                0x0000000000000800                _Min_Heap_Size = 0x800
                0x0000000000000800                _Min_Stack_Size = 0x800

.isr_vector     0x0000000008000000      0x188
                0x0000000008000000                . = ALIGN (0x4)
 *(.isr_vector)
 .isr_vector    0x0000000008000000      0x188 ./Core/Startup/startup_stm32l475vgtx.o
                0x0000000008000000                g_pfnVectors
                0x0000000008000188                . = ALIGN (0x4)

.text           0x0000000008000190     0xccf8
                0x0000000008000190                . = ALIGN (0x4)
 *(.text)
 .text          0x0000000008000190       0x40 c:/st/stm32cubeide_1.7.0/stm32cubeide/plugins/com.st.stm32cube.ide.mcu.externaltools.gnu-tools-for-stm32.9-2020-q2-update.win32_2.0.0.202105311346/tools/bin/../lib/gcc/arm-none-eabi/9.3.1/thumb/v7e-m+fp/hard/crtbegin.o
 .text          0x00000000080001d0       0x10 c:/st/stm32cubeide_1.7.0/stm32cubeide/plugins/com.st.stm32cube.ide.mcu.externaltools.gnu-tools-for-stm32.9-2020-q2-update.win32_2.0.0.202105311346/tools/bin/../lib/gcc/arm-none-eabi/9.3.1/../../../../arm-none-eabi/lib/thumb/v7e-m+fp/hard\libc_nano.a(lib_a-strlen.o)
                0x00000000080001d0                strlen
 .text          0x00000000080001e0       0xa0 c:/st/stm32cubeide_1.7.0/stm32cubeide/plugins/com.st.stm32cube.ide.mcu.externaltools.gnu-tools-for-stm32.9-2020-q2-update.win32_2.0.0.202105311346/tools/bin/../lib/gcc/arm-none-eabi/9.3.1/../../../../arm-none-eabi/lib/thumb/v7e-m+fp/hard\libc_nano.a(lib_a-memchr.o)
                0x00000000080001e0                memchr
 .text          0x0000000008000280      0x378 c:/st/stm32cubeide_1.7.0/stm32cubeide/plugins/com.st.stm32cube.ide.mcu.externaltools.gnu-tools-for-stm32.9-2020-q2-update.win32_2.0.0.202105311346/tools/bin/../lib/gcc/arm-none-eabi/9.3.1/thumb/v7e-m+fp/hard\libgcc.a(_arm_addsubdf3.o)
                0x0000000008000280                __aeabi_drsub
                0x0000000008000288                __aeabi_dsub
                0x0000000008000288                __subdf3
                0x000000000800028c                __aeabi_dadd
                0x000000000800028c                __adddf3
                0x0000000008000504                __floatunsidf
                0x0000000008000504                __aeabi_ui2d
                0x0000000008000524                __floatsidf
                0x0000000008000524                __aeabi_i2d
                0x0000000008000548                __aeabi_f2d
                0x0000000008000548                __extendsfdf2
                0x000000000800058c                __floatundidf
                0x000000000800058c                __aeabi_ul2d
                0x000000000800059c                __floatdidf
                0x000000000800059c                __aeabi_l2d
 .text          0x00000000080005f8      0x424 c:/st/stm32cubeide_1.7.0/stm32cubeide/plugins/com.st.stm32cube.ide.mcu.externaltools.gnu-tools-for-stm32.9-2020-q2-update.win32_2.0.0.202105311346/tools/bin/../lib/gcc/arm-none-eabi/9.3.1/thumb/v7e-m+fp/hard\libgcc.a(_arm_muldivdf3.o)
                0x00000000080005f8                __aeabi_dmul
                0x00000000080005f8                __muldf3
                0x000000000800084c                __divdf3
                0x000000000800084c                __aeabi_ddiv
 .text          0x0000000008000a1c      0x110 c:/st/stm32cubeide_1.7.0/stm32cubeide/plugins/com.st.stm32cube.ide.mcu.externaltools.gnu-tools-for-stm32.9-2020-q2-update.win32_2.0.0.202105311346/tools/bin/../lib/gcc/arm-none-eabi/9.3.1/thumb/v7e-m+fp/hard\libgcc.a(_arm_cmpdf2.o)
                0x0000000008000a1c                __gtdf2
                0x0000000008000a1c                __gedf2
                0x0000000008000a24                __ltdf2
                0x0000000008000a24                __ledf2
                0x0000000008000a2c                __nedf2
                0x0000000008000a2c                __eqdf2
                0x0000000008000a2c                __cmpdf2
                0x0000000008000aa8                __aeabi_cdrcmple
                0x0000000008000ab8                __aeabi_cdcmpeq
                0x0000000008000ab8                __aeabi_cdcmple
                0x0000000008000ac8                __aeabi_dcmpeq
                0x0000000008000adc                __aeabi_dcmplt
                0x0000000008000af0                __aeabi_dcmple
                0x0000000008000b04                __aeabi_dcmpge
                0x0000000008000b18                __aeabi_dcmpgt
 .text          0x0000000008000b2c       0x2c c:/st/stm32cubeide_1.7.0/stm32cubeide/plugins/com.st.stm32cube.ide.mcu.externaltools.gnu-tools-for-stm32.9-2020-q2-update.win32_2.0.0.202105311346/tools/bin/../lib/gcc/arm-none-eabi/9.3.1/thumb/v7e-m+fp/hard\libgcc.a(_arm_unorddf2.o)
                0x0000000008000b2c                __unorddf2
                0x0000000008000b2c                __aeabi_dcmpun
 .text          0x0000000008000b58       0x50 c:/st/stm32cubeide_1.7.0/stm32cubeide/plugins/com.st.stm32cube.ide.mcu.externaltools.gnu-tools-for-stm32.9-2020-q2-update.win32_2.0.0.202105311346/tools/bin/../lib/gcc/arm-none-eabi/9.3.1/thumb/v7e-m+fp/hard\libgcc.a(_arm_fixdfsi.o)
                0x0000000008000b58                __aeabi_d2iz
                0x0000000008000b58                __fixdfsi
 .text          0x0000000008000ba8       0xa0 c:/st/stm32cubeide_1.7.0/stm32cubeide/plugins/com.st.stm32cube.ide.mcu.externaltools.gnu-tools-for-stm32.9-2020-q2-update.win32_2.0.0.202105311346/tools/bin/../lib/gcc/arm-none-eabi/9.3.1/thumb/v7e-m+fp/hard\libgcc.a(_arm_truncdfsf2.o)
                0x0000000008000ba8                __truncdfsf2
                0x0000000008000ba8                __aeabi_d2f
 .text          0x0000000008000c48       0x30 c:/st/stm32cubeide_1.7.0/stm32cubeide/plugins/com.st.stm32cube.ide.mcu.externaltools.gnu-tools-for-stm32.9-2020-q2-update.win32_2.0.0.202105311346/tools/bin/../lib/gcc/arm-none-eabi/9.3.1/thumb/v7e-m+fp/hard\libgcc.a(_aeabi_uldivmod.o)
                0x0000000008000c48                __aeabi_uldivmod
 .text          0x0000000008000c78      0x2c4 c:/st/stm32cubeide_1.7.0/stm32cubeide/plugins/com.st.stm32cube.ide.mcu.externaltools.gnu-tools-for-stm32.9-2020-q2-update.win32_2.0.0.202105311346/tools/bin/../lib/gcc/arm-none-eabi/9.3.1/thumb/v7e-m+fp/hard\libgcc.a(_udivmoddi4.o)
                0x0000000008000c78                __udivmoddi4
 .text          0x0000000008000f3c        0x4 c:/st/stm32cubeide_1.7.0/stm32cubeide/plugins/com.st.stm32cube.ide.mcu.externaltools.gnu-tools-for-stm32.9-2020-q2-update.win32_2.0.0.202105311346/tools/bin/../lib/gcc/arm-none-eabi/9.3.1/thumb/v7e-m+fp/hard\libgcc.a(_dvmd_tls.o)
                0x0000000008000f3c                __aeabi_idiv0
                0x0000000008000f3c                __aeabi_ldiv0
 *(.text*)
 .text._ZSt5roundf
                0x0000000008000f40       0x20 ./Core/Src/ML-KWS-for-MCU/MFCC/mfcc.o
                0x0000000008000f40                std::round(float)
 .text._ZN4MFCC8MelScaleEf
                0x0000000008000f60       0x44 ./Core/Src/ML-KWS-for-MCU/MFCC/mfcc.o
                0x0000000008000f60                MFCC::MelScale(float)
 .text._ZSt3logIiEN9__gnu_cxx11__enable_ifIXsrSt12__is_integerIT_E7__valueEdE6__typeES3_
                0x0000000008000fa4       0x30 ./Core/Src/ML-KWS-for-MCU/MFCC/mfcc.o
                0x0000000008000fa4                __gnu_cxx::__enable_if<std::__is_integer<int>::__value, double>::__type std::log<int>(int)
 .text._ZSt3powIidEN9__gnu_cxx11__promote_2IT_T0_NS0_9__promoteIS2_XsrSt12__is_integerIS2_E7__valueEE6__typeENS4_IS3_XsrS5_IS3_E7__valueEE6__typeEE6__typeES2_S3_
                0x0000000008000fd4       0x38 ./Core/Src/ML-KWS-for-MCU/MFCC/mfcc.o
                0x0000000008000fd4                __gnu_cxx::__promote_2<int, double, __gnu_cxx::__promote<int, std::__is_integer<int>::__value>::__type, __gnu_cxx::__promote<double, std::__is_integer<double>::__value>::__type>::__type std::pow<int, double>(int, double)
 *fill*         0x000000000800100c        0x4 
 .text._ZN4MFCCC2Eiii
                0x0000000008001010      0x1dc ./Core/Src/ML-KWS-for-MCU/MFCC/mfcc.o
                0x0000000008001010                MFCC::MFCC(int, int, int)
                0x0000000008001010                MFCC::MFCC(int, int, int)
 .text._ZN4MFCCD2Ev
                0x00000000080011ec       0xda ./Core/Src/ML-KWS-for-MCU/MFCC/mfcc.o
                0x00000000080011ec                MFCC::~MFCC()
                0x00000000080011ec                MFCC::~MFCC()
 *fill*         0x00000000080012c6        0x2 
 .text._ZN4MFCC17create_dct_matrixEll
                0x00000000080012c8      0x15c ./Core/Src/ML-KWS-for-MCU/MFCC/mfcc.o
                0x00000000080012c8                MFCC::create_dct_matrix(long, long)
 .text._ZN4MFCC16create_mel_fbankEv
                0x0000000008001424      0x278 ./Core/Src/ML-KWS-for-MCU/MFCC/mfcc.o
                0x0000000008001424                MFCC::create_mel_fbank()
 .text._ZN4MFCC12mfcc_computeEPKsPa
                0x000000000800169c      0x388 ./Core/Src/ML-KWS-for-MCU/MFCC/mfcc.o
                0x000000000800169c                MFCC::mfcc_compute(short const*, signed char*)
 .text._ZN11AudioPlayerC2EP17DAC_HandleTypeDef
                0x0000000008001a24       0x24 ./Core/Src/audio_player.o
                0x0000000008001a24                AudioPlayer::AudioPlayer(DAC_HandleTypeDef*)
                0x0000000008001a24                AudioPlayer::AudioPlayer(DAC_HandleTypeDef*)
 .text._ZN11AudioPlayerD2Ev
                0x0000000008001a48       0x16 ./Core/Src/audio_player.o
                0x0000000008001a48                AudioPlayer::~AudioPlayer()
                0x0000000008001a48                AudioPlayer::~AudioPlayer()
 .text._ZN11AudioPlayer10play_audioEP8WaveData
                0x0000000008001a5e       0xae ./Core/Src/audio_player.o
                0x0000000008001a5e                AudioPlayer::play_audio(WaveData*)
 .text._ZN11AudioPlayer17update_dac_bufferEmm
                0x0000000008001b0c       0xcc ./Core/Src/audio_player.o
                0x0000000008001b0c                AudioPlayer::update_dac_buffer(unsigned long, unsigned long)
 .text._ZN8WaveDataC2Em
                0x0000000008001bd8       0x24 ./Core/Src/audio_recorder.o
                0x0000000008001bd8                WaveData::WaveData(unsigned long)
                0x0000000008001bd8                WaveData::WaveData(unsigned long)
 .text._ZN13AudioRecorderC2EP26DFSDM_Filter_HandleTypeDef
                0x0000000008001bfc       0x24 ./Core/Src/audio_recorder.o
                0x0000000008001bfc                AudioRecorder::AudioRecorder(DFSDM_Filter_HandleTypeDef*)
                0x0000000008001bfc                AudioRecorder::AudioRecorder(DFSDM_Filter_HandleTypeDef*)
 .text._ZN13AudioRecorderD2Ev
                0x0000000008001c20       0x16 ./Core/Src/audio_recorder.o
                0x0000000008001c20                AudioRecorder::~AudioRecorder()
                0x0000000008001c20                AudioRecorder::~AudioRecorder()
 *fill*         0x0000000008001c36        0x2 
 .text._ZN13AudioRecorder12record_audioEm
                0x0000000008001c38       0xbc ./Core/Src/audio_recorder.o
                0x0000000008001c38                AudioRecorder::record_audio(unsigned long)
 .text._ZN13AudioRecorder18update_wave_bufferEmm
                0x0000000008001cf4       0x92 ./Core/Src/audio_recorder.o
                0x0000000008001cf4                AudioRecorder::update_wave_buffer(unsigned long, unsigned long)
 *fill*         0x0000000008001d86        0x2 
 .text._Z13get_top_classPa
                0x0000000008001d88       0x5c ./Core/Src/kws.o
                0x0000000008001d88                get_top_class(signed char*)
 .text._Z19average_predictionsPaS_mm
                0x0000000008001de4       0xe0 ./Core/Src/kws.o
                0x0000000008001de4                average_predictions(signed char*, signed char*, unsigned long, unsigned long)
 .text.__NVIC_EnableIRQ
                0x0000000008001ec4       0x3c ./Core/Src/low_power.o
 .text.__NVIC_DisableIRQ
                0x0000000008001f00       0x48 ./Core/Src/low_power.o
 .text._Z16enter_sleep_modev
                0x0000000008001f48       0x30 ./Core/Src/low_power.o
                0x0000000008001f48                enter_sleep_mode()
 .text.main     0x0000000008001f78      0x3f8 ./Core/Src/main.o
                0x0000000008001f78                main
 .text._Z18SystemClock_Configv
                0x0000000008002370       0xc2 ./Core/Src/main.o
                0x0000000008002370                SystemClock_Config()
 *fill*         0x0000000008002432        0x2 
 .text._ZL11MX_CRC_Initv
                0x0000000008002434       0x50 ./Core/Src/main.o
 .text._ZL12MX_DAC1_Initv
                0x0000000008002484       0x78 ./Core/Src/main.o
 .text._ZL14MX_DFSDM1_Initv
                0x00000000080024fc       0xe8 ./Core/Src/main.o
 .text._ZL15MX_QUADSPI_Initv
                0x00000000080025e4       0x54 ./Core/Src/main.o
 .text._ZL12MX_TIM2_Initv
                0x0000000008002638       0xb8 ./Core/Src/main.o
 .text._ZL19MX_USART1_UART_Initv
                0x00000000080026f0       0x68 ./Core/Src/main.o
 .text._ZL11MX_DMA_Initv
                0x0000000008002758       0x4c ./Core/Src/main.o
 .text._ZL12MX_GPIO_Initv
                0x00000000080027a4      0x10c ./Core/Src/main.o
 .text.HAL_GPIO_EXTI_Callback
                0x00000000080028b0       0x68 ./Core/Src/main.o
                0x00000000080028b0                HAL_GPIO_EXTI_Callback
 .text.HAL_DAC_ConvHalfCpltCallbackCh1
                0x0000000008002918       0x74 ./Core/Src/main.o
                0x0000000008002918                HAL_DAC_ConvHalfCpltCallbackCh1
 .text.HAL_DAC_ConvCpltCallbackCh1
                0x000000000800298c       0x78 ./Core/Src/main.o
                0x000000000800298c                HAL_DAC_ConvCpltCallbackCh1
 .text.HAL_DFSDM_FilterRegConvHalfCpltCallback
                0x0000000008002a04       0x60 ./Core/Src/main.o
                0x0000000008002a04                HAL_DFSDM_FilterRegConvHalfCpltCallback
 .text.HAL_DFSDM_FilterRegConvCpltCallback
                0x0000000008002a64       0x64 ./Core/Src/main.o
                0x0000000008002a64                HAL_DFSDM_FilterRegConvCpltCallback
 .text.print    0x0000000008002ac8       0x34 ./Core/Src/main.o
                0x0000000008002ac8                print
 .text.HAL_TIM_PeriodElapsedCallback
                0x0000000008002afc       0x24 ./Core/Src/main.o
                0x0000000008002afc                HAL_TIM_PeriodElapsedCallback
 .text.Error_Handler
                0x0000000008002b20       0x1c ./Core/Src/main.o
                0x0000000008002b20                Error_Handler
 .text._Z9qspi_readPhmm
                0x0000000008002b3c       0x32 ./Core/Src/qspi_handler.o
                0x0000000008002b3c                qspi_read(unsigned char*, unsigned long, unsigned long)
 .text._Z10qspi_writePhmm
                0x0000000008002b6e       0x32 ./Core/Src/qspi_handler.o
                0x0000000008002b6e                qspi_write(unsigned char*, unsigned long, unsigned long)
 .text._Z9qspi_initv
                0x0000000008002ba0        0xc ./Core/Src/qspi_handler.o
                0x0000000008002ba0                qspi_init()
 .text._Z16qspi_erase_blockm
                0x0000000008002bac       0x16 ./Core/Src/qspi_handler.o
                0x0000000008002bac                qspi_erase_block(unsigned long)
 .text._Z17qspi_erase_blocksmm
                0x0000000008002bc2       0x36 ./Core/Src/qspi_handler.o
                0x0000000008002bc2                qspi_erase_blocks(unsigned long, unsigned long)
 .text.BSP_QSPI_Init
                0x0000000008002bf8       0xd8 ./Core/Src/stm32l475e_iot01_qspi.o
                0x0000000008002bf8                BSP_QSPI_Init
 .text.BSP_QSPI_Read
                0x0000000008002cd0       0x8c ./Core/Src/stm32l475e_iot01_qspi.o
                0x0000000008002cd0                BSP_QSPI_Read
 .text.BSP_QSPI_Write
                0x0000000008002d5c       0xfc ./Core/Src/stm32l475e_iot01_qspi.o
                0x0000000008002d5c                BSP_QSPI_Write
 .text.BSP_QSPI_Erase_Block
                0x0000000008002e58       0x88 ./Core/Src/stm32l475e_iot01_qspi.o
                0x0000000008002e58                BSP_QSPI_Erase_Block
 .text.BSP_QSPI_MspInit
                0x0000000008002ee0       0x80 ./Core/Src/stm32l475e_iot01_qspi.o
                0x0000000008002ee0                BSP_QSPI_MspInit
 .text.QSPI_ResetMemory
                0x0000000008002f60       0x88 ./Core/Src/stm32l475e_iot01_qspi.o
 .text.QSPI_WriteEnable
                0x0000000008002fe8       0x98 ./Core/Src/stm32l475e_iot01_qspi.o
 .text.QSPI_AutoPollingMemReady
                0x0000000008003080       0x74 ./Core/Src/stm32l475e_iot01_qspi.o
 .text.QSPI_QuadMode
                0x00000000080030f4      0x150 ./Core/Src/stm32l475e_iot01_qspi.o
 .text.QSPI_HighPerfMode
                0x0000000008003244      0x194 ./Core/Src/stm32l475e_iot01_qspi.o
 .text.HAL_MspInit
                0x00000000080033d8       0x48 ./Core/Src/stm32l4xx_hal_msp.o
                0x00000000080033d8                HAL_MspInit
 .text.HAL_CRC_MspInit
                0x0000000008003420       0x40 ./Core/Src/stm32l4xx_hal_msp.o
                0x0000000008003420                HAL_CRC_MspInit
 .text.HAL_DAC_MspInit
                0x0000000008003460       0xdc ./Core/Src/stm32l4xx_hal_msp.o
                0x0000000008003460                HAL_DAC_MspInit
 .text.HAL_DFSDM_FilterMspInit
                0x000000000800353c      0x158 ./Core/Src/stm32l4xx_hal_msp.o
                0x000000000800353c                HAL_DFSDM_FilterMspInit
 .text.HAL_DFSDM_ChannelMspInit
                0x0000000008003694       0xe0 ./Core/Src/stm32l4xx_hal_msp.o
                0x0000000008003694                HAL_DFSDM_ChannelMspInit
 .text.HAL_QSPI_MspInit
                0x0000000008003774       0x88 ./Core/Src/stm32l4xx_hal_msp.o
                0x0000000008003774                HAL_QSPI_MspInit
 .text.HAL_QSPI_MspDeInit
                0x00000000080037fc       0x3c ./Core/Src/stm32l4xx_hal_msp.o
                0x00000000080037fc                HAL_QSPI_MspDeInit
 .text.HAL_TIM_Base_MspInit
                0x0000000008003838       0x48 ./Core/Src/stm32l4xx_hal_msp.o
                0x0000000008003838                HAL_TIM_Base_MspInit
 .text.HAL_UART_MspInit
                0x0000000008003880       0xbc ./Core/Src/stm32l4xx_hal_msp.o
                0x0000000008003880                HAL_UART_MspInit
 .text.HAL_InitTick
                0x000000000800393c       0xac ./Core/Src/stm32l4xx_hal_timebase_tim.o
                0x000000000800393c                HAL_InitTick
 .text.HAL_SuspendTick
                0x00000000080039e8       0x24 ./Core/Src/stm32l4xx_hal_timebase_tim.o
                0x00000000080039e8                HAL_SuspendTick
 .text.HAL_ResumeTick
                0x0000000008003a0c       0x24 ./Core/Src/stm32l4xx_hal_timebase_tim.o
                0x0000000008003a0c                HAL_ResumeTick
 .text.NMI_Handler
                0x0000000008003a30        0x6 ./Core/Src/stm32l4xx_it.o
                0x0000000008003a30                NMI_Handler
 .text.HardFault_Handler
                0x0000000008003a36        0x6 ./Core/Src/stm32l4xx_it.o
                0x0000000008003a36                HardFault_Handler
 .text.MemManage_Handler
                0x0000000008003a3c        0x6 ./Core/Src/stm32l4xx_it.o
                0x0000000008003a3c                MemManage_Handler
 .text.BusFault_Handler
                0x0000000008003a42        0x6 ./Core/Src/stm32l4xx_it.o
                0x0000000008003a42                BusFault_Handler
 .text.UsageFault_Handler
                0x0000000008003a48        0x6 ./Core/Src/stm32l4xx_it.o
                0x0000000008003a48                UsageFault_Handler
 .text.SVC_Handler
                0x0000000008003a4e        0xe ./Core/Src/stm32l4xx_it.o
                0x0000000008003a4e                SVC_Handler
 .text.DebugMon_Handler
                0x0000000008003a5c        0xe ./Core/Src/stm32l4xx_it.o
                0x0000000008003a5c                DebugMon_Handler
 .text.PendSV_Handler
                0x0000000008003a6a        0xe ./Core/Src/stm32l4xx_it.o
                0x0000000008003a6a                PendSV_Handler
 .text.SysTick_Handler
                0x0000000008003a78        0xe ./Core/Src/stm32l4xx_it.o
                0x0000000008003a78                SysTick_Handler
 *fill*         0x0000000008003a86        0x2 
 .text.DMA1_Channel3_IRQHandler
                0x0000000008003a88       0x14 ./Core/Src/stm32l4xx_it.o
                0x0000000008003a88                DMA1_Channel3_IRQHandler
 .text.DMA1_Channel4_IRQHandler
                0x0000000008003a9c       0x14 ./Core/Src/stm32l4xx_it.o
                0x0000000008003a9c                DMA1_Channel4_IRQHandler
 .text.TIM1_TRG_COM_TIM17_IRQHandler
                0x0000000008003ab0       0x14 ./Core/Src/stm32l4xx_it.o
                0x0000000008003ab0                TIM1_TRG_COM_TIM17_IRQHandler
 .text.TIM2_IRQHandler
                0x0000000008003ac4       0x14 ./Core/Src/stm32l4xx_it.o
                0x0000000008003ac4                TIM2_IRQHandler
 .text.EXTI15_10_IRQHandler
                0x0000000008003ad8       0x10 ./Core/Src/stm32l4xx_it.o
                0x0000000008003ad8                EXTI15_10_IRQHandler
 .text._getpid  0x0000000008003ae8       0x10 ./Core/Src/syscalls.o
                0x0000000008003ae8                _getpid
 .text._kill    0x0000000008003af8       0x20 ./Core/Src/syscalls.o
                0x0000000008003af8                _kill
 .text._exit    0x0000000008003b18       0x14 ./Core/Src/syscalls.o
                0x0000000008003b18                _exit
 .text._sbrk    0x0000000008003b2c       0x6c ./Core/Src/sysmem.o
                0x0000000008003b2c                _sbrk
 .text.SystemInit
                0x0000000008003b98       0x24 ./Core/Src/system_stm32l4xx.o
                0x0000000008003b98                SystemInit
 .text.Reset_Handler
                0x0000000008003bbc       0x50 ./Core/Startup/startup_stm32l475vgtx.o
                0x0000000008003bbc                Reset_Handler
 .text.Default_Handler
                0x0000000008003c0c        0x2 ./Core/Startup/startup_stm32l475vgtx.o
                0x0000000008003c0c                RTC_Alarm_IRQHandler
                0x0000000008003c0c                EXTI2_IRQHandler
                0x0000000008003c0c                TIM8_TRG_COM_IRQHandler
                0x0000000008003c0c                TIM8_CC_IRQHandler
                0x0000000008003c0c                TIM1_CC_IRQHandler
                0x0000000008003c0c                TSC_IRQHandler
                0x0000000008003c0c                TAMP_STAMP_IRQHandler
                0x0000000008003c0c                EXTI3_IRQHandler
                0x0000000008003c0c                LPTIM2_IRQHandler
                0x0000000008003c0c                DFSDM1_FLT1_IRQHandler
                0x0000000008003c0c                I2C3_ER_IRQHandler
                0x0000000008003c0c                DFSDM1_FLT2_IRQHandler
                0x0000000008003c0c                EXTI0_IRQHandler
                0x0000000008003c0c                I2C2_EV_IRQHandler
                0x0000000008003c0c                CAN1_RX0_IRQHandler
                0x0000000008003c0c                FPU_IRQHandler
                0x0000000008003c0c                TIM1_UP_TIM16_IRQHandler
                0x0000000008003c0c                ADC1_2_IRQHandler
                0x0000000008003c0c                SPI1_IRQHandler
                0x0000000008003c0c                TIM6_DAC_IRQHandler
                0x0000000008003c0c                TIM8_UP_IRQHandler
                0x0000000008003c0c                DMA2_Channel2_IRQHandler
                0x0000000008003c0c                SAI2_IRQHandler
                0x0000000008003c0c                DFSDM1_FLT3_IRQHandler
                0x0000000008003c0c                USART3_IRQHandler
                0x0000000008003c0c                DMA1_Channel7_IRQHandler
                0x0000000008003c0c                CAN1_RX1_IRQHandler
                0x0000000008003c0c                UART5_IRQHandler
                0x0000000008003c0c                ADC3_IRQHandler
                0x0000000008003c0c                TIM4_IRQHandler
                0x0000000008003c0c                DMA2_Channel1_IRQHandler
                0x0000000008003c0c                QUADSPI_IRQHandler
                0x0000000008003c0c                I2C1_EV_IRQHandler
                0x0000000008003c0c                DMA1_Channel6_IRQHandler
                0x0000000008003c0c                UART4_IRQHandler
                0x0000000008003c0c                DMA2_Channel4_IRQHandler
                0x0000000008003c0c                TIM3_IRQHandler
                0x0000000008003c0c                RCC_IRQHandler
                0x0000000008003c0c                DMA1_Channel1_IRQHandler
                0x0000000008003c0c                Default_Handler
                0x0000000008003c0c                DMA2_Channel7_IRQHandler
                0x0000000008003c0c                TIM7_IRQHandler
                0x0000000008003c0c                SDMMC1_IRQHandler
                0x0000000008003c0c                TIM5_IRQHandler
                0x0000000008003c0c                I2C3_EV_IRQHandler
                0x0000000008003c0c                EXTI9_5_IRQHandler
                0x0000000008003c0c                RTC_WKUP_IRQHandler
                0x0000000008003c0c                PVD_PVM_IRQHandler
                0x0000000008003c0c                SPI2_IRQHandler
                0x0000000008003c0c                CAN1_TX_IRQHandler
                0x0000000008003c0c                DMA2_Channel5_IRQHandler
                0x0000000008003c0c                DMA1_Channel5_IRQHandler
                0x0000000008003c0c                EXTI4_IRQHandler
                0x0000000008003c0c                RNG_IRQHandler
                0x0000000008003c0c                COMP_IRQHandler
                0x0000000008003c0c                WWDG_IRQHandler
                0x0000000008003c0c                LPUART1_IRQHandler
                0x0000000008003c0c                DMA2_Channel6_IRQHandler
                0x0000000008003c0c                EXTI1_IRQHandler
                0x0000000008003c0c                USART2_IRQHandler
                0x0000000008003c0c                DFSDM1_FLT0_IRQHandler
                0x0000000008003c0c                I2C2_ER_IRQHandler
                0x0000000008003c0c                DMA1_Channel2_IRQHandler
                0x0000000008003c0c                TIM8_BRK_IRQHandler
                0x0000000008003c0c                CAN1_SCE_IRQHandler
                0x0000000008003c0c                FLASH_IRQHandler
                0x0000000008003c0c                USART1_IRQHandler
                0x0000000008003c0c                OTG_FS_IRQHandler
                0x0000000008003c0c                SPI3_IRQHandler
                0x0000000008003c0c                I2C1_ER_IRQHandler
                0x0000000008003c0c                FMC_IRQHandler
                0x0000000008003c0c                SWPMI1_IRQHandler
                0x0000000008003c0c                LPTIM1_IRQHandler
                0x0000000008003c0c                SAI1_IRQHandler
                0x0000000008003c0c                DMA2_Channel3_IRQHandler
                0x0000000008003c0c                TIM1_BRK_TIM15_IRQHandler
 .text.HAL_Init
                0x0000000008003c0e       0x30 ./Drivers/STM32L4xx_HAL_Driver/Src/stm32l4xx_hal.o
                0x0000000008003c0e                HAL_Init
 *fill*         0x0000000008003c3e        0x2 
 .text.HAL_IncTick
                0x0000000008003c40       0x28 ./Drivers/STM32L4xx_HAL_Driver/Src/stm32l4xx_hal.o
                0x0000000008003c40                HAL_IncTick
 .text.HAL_GetTick
                0x0000000008003c68       0x18 ./Drivers/STM32L4xx_HAL_Driver/Src/stm32l4xx_hal.o
                0x0000000008003c68                HAL_GetTick
 .text.HAL_Delay
                0x0000000008003c80       0x48 ./Drivers/STM32L4xx_HAL_Driver/Src/stm32l4xx_hal.o
                0x0000000008003c80                HAL_Delay
 .text.__NVIC_SetPriorityGrouping
                0x0000000008003cc8       0x48 ./Drivers/STM32L4xx_HAL_Driver/Src/stm32l4xx_hal_cortex.o
 .text.__NVIC_GetPriorityGrouping
                0x0000000008003d10       0x1c ./Drivers/STM32L4xx_HAL_Driver/Src/stm32l4xx_hal_cortex.o
 .text.__NVIC_EnableIRQ
                0x0000000008003d2c       0x3c ./Drivers/STM32L4xx_HAL_Driver/Src/stm32l4xx_hal_cortex.o
 .text.__NVIC_SetPriority
                0x0000000008003d68       0x54 ./Drivers/STM32L4xx_HAL_Driver/Src/stm32l4xx_hal_cortex.o
 .text.NVIC_EncodePriority
                0x0000000008003dbc       0x66 ./Drivers/STM32L4xx_HAL_Driver/Src/stm32l4xx_hal_cortex.o
 .text.HAL_NVIC_SetPriorityGrouping
                0x0000000008003e22       0x16 ./Drivers/STM32L4xx_HAL_Driver/Src/stm32l4xx_hal_cortex.o
                0x0000000008003e22                HAL_NVIC_SetPriorityGrouping
 .text.HAL_NVIC_SetPriority
                0x0000000008003e38       0x38 ./Drivers/STM32L4xx_HAL_Driver/Src/stm32l4xx_hal_cortex.o
                0x0000000008003e38                HAL_NVIC_SetPriority
 .text.HAL_NVIC_EnableIRQ
                0x0000000008003e70       0x1c ./Drivers/STM32L4xx_HAL_Driver/Src/stm32l4xx_hal_cortex.o
                0x0000000008003e70                HAL_NVIC_EnableIRQ
 .text.HAL_CRC_Init
                0x0000000008003e8c       0xc8 ./Drivers/STM32L4xx_HAL_Driver/Src/stm32l4xx_hal_crc.o
                0x0000000008003e8c                HAL_CRC_Init
 .text.HAL_CRCEx_Polynomial_Set
                0x0000000008003f54      0x10c ./Drivers/STM32L4xx_HAL_Driver/Src/stm32l4xx_hal_crc_ex.o
                0x0000000008003f54                HAL_CRCEx_Polynomial_Set
 .text.HAL_DAC_Init
                0x0000000008004060       0x44 ./Drivers/STM32L4xx_HAL_Driver/Src/stm32l4xx_hal_dac.o
                0x0000000008004060                HAL_DAC_Init
 .text.HAL_DAC_Start_DMA
                0x00000000080040a4      0x198 ./Drivers/STM32L4xx_HAL_Driver/Src/stm32l4xx_hal_dac.o
                0x00000000080040a4                HAL_DAC_Start_DMA
 .text.HAL_DAC_Stop_DMA
                0x000000000800423c       0x8a ./Drivers/STM32L4xx_HAL_Driver/Src/stm32l4xx_hal_dac.o
                0x000000000800423c                HAL_DAC_Stop_DMA
 .text.HAL_DAC_ErrorCallbackCh1
                0x00000000080042c6       0x14 ./Drivers/STM32L4xx_HAL_Driver/Src/stm32l4xx_hal_dac.o
                0x00000000080042c6                HAL_DAC_ErrorCallbackCh1
 .text.HAL_DAC_ConfigChannel
                0x00000000080042da      0x234 ./Drivers/STM32L4xx_HAL_Driver/Src/stm32l4xx_hal_dac.o
                0x00000000080042da                HAL_DAC_ConfigChannel
 .text.DAC_DMAConvCpltCh1
                0x000000000800450e       0x22 ./Drivers/STM32L4xx_HAL_Driver/Src/stm32l4xx_hal_dac.o
                0x000000000800450e                DAC_DMAConvCpltCh1
 .text.DAC_DMAHalfConvCpltCh1
                0x0000000008004530       0x1c ./Drivers/STM32L4xx_HAL_Driver/Src/stm32l4xx_hal_dac.o
                0x0000000008004530                DAC_DMAHalfConvCpltCh1
 .text.DAC_DMAErrorCh1
                0x000000000800454c       0x2e ./Drivers/STM32L4xx_HAL_Driver/Src/stm32l4xx_hal_dac.o
                0x000000000800454c                DAC_DMAErrorCh1
 .text.HAL_DACEx_ConvCpltCallbackCh2
                0x000000000800457a       0x14 ./Drivers/STM32L4xx_HAL_Driver/Src/stm32l4xx_hal_dac_ex.o
                0x000000000800457a                HAL_DACEx_ConvCpltCallbackCh2
 .text.HAL_DACEx_ConvHalfCpltCallbackCh2
                0x000000000800458e       0x14 ./Drivers/STM32L4xx_HAL_Driver/Src/stm32l4xx_hal_dac_ex.o
                0x000000000800458e                HAL_DACEx_ConvHalfCpltCallbackCh2
 .text.HAL_DACEx_ErrorCallbackCh2
                0x00000000080045a2       0x14 ./Drivers/STM32L4xx_HAL_Driver/Src/stm32l4xx_hal_dac_ex.o
                0x00000000080045a2                HAL_DACEx_ErrorCallbackCh2
 .text.DAC_DMAConvCpltCh2
                0x00000000080045b6       0x22 ./Drivers/STM32L4xx_HAL_Driver/Src/stm32l4xx_hal_dac_ex.o
                0x00000000080045b6                DAC_DMAConvCpltCh2
 .text.DAC_DMAHalfConvCpltCh2
                0x00000000080045d8       0x1c ./Drivers/STM32L4xx_HAL_Driver/Src/stm32l4xx_hal_dac_ex.o
                0x00000000080045d8                DAC_DMAHalfConvCpltCh2
 .text.DAC_DMAErrorCh2
                0x00000000080045f4       0x2e ./Drivers/STM32L4xx_HAL_Driver/Src/stm32l4xx_hal_dac_ex.o
                0x00000000080045f4                DAC_DMAErrorCh2
 *fill*         0x0000000008004622        0x2 
 .text.HAL_DFSDM_ChannelInit
                0x0000000008004624      0x180 ./Drivers/STM32L4xx_HAL_Driver/Src/stm32l4xx_hal_dfsdm.o
                0x0000000008004624                HAL_DFSDM_ChannelInit
 .text.HAL_DFSDM_FilterInit
                0x00000000080047a4      0x1b4 ./Drivers/STM32L4xx_HAL_Driver/Src/stm32l4xx_hal_dfsdm.o
                0x00000000080047a4                HAL_DFSDM_FilterInit
 .text.HAL_DFSDM_FilterConfigRegChannel
                0x0000000008004958       0x8a ./Drivers/STM32L4xx_HAL_Driver/Src/stm32l4xx_hal_dfsdm.o
                0x0000000008004958                HAL_DFSDM_FilterConfigRegChannel
 *fill*         0x00000000080049e2        0x2 
 .text.HAL_DFSDM_FilterRegularStart_DMA
                0x00000000080049e4      0x104 ./Drivers/STM32L4xx_HAL_Driver/Src/stm32l4xx_hal_dfsdm.o
                0x00000000080049e4                HAL_DFSDM_FilterRegularStart_DMA
 .text.HAL_DFSDM_FilterRegularStop_DMA
                0x0000000008004ae8       0x40 ./Drivers/STM32L4xx_HAL_Driver/Src/stm32l4xx_hal_dfsdm.o
                0x0000000008004ae8                HAL_DFSDM_FilterRegularStop_DMA
 .text.HAL_DFSDM_FilterErrorCallback
                0x0000000008004b28       0x14 ./Drivers/STM32L4xx_HAL_Driver/Src/stm32l4xx_hal_dfsdm.o
                0x0000000008004b28                HAL_DFSDM_FilterErrorCallback
 .text.DFSDM_DMARegularHalfConvCplt
                0x0000000008004b3c       0x1c ./Drivers/STM32L4xx_HAL_Driver/Src/stm32l4xx_hal_dfsdm.o
 .text.DFSDM_DMARegularConvCplt
                0x0000000008004b58       0x1c ./Drivers/STM32L4xx_HAL_Driver/Src/stm32l4xx_hal_dfsdm.o
 .text.DFSDM_DMAError
                0x0000000008004b74       0x22 ./Drivers/STM32L4xx_HAL_Driver/Src/stm32l4xx_hal_dfsdm.o
 *fill*         0x0000000008004b96        0x2 
 .text.DFSDM_GetChannelFromInstance
                0x0000000008004b98       0x98 ./Drivers/STM32L4xx_HAL_Driver/Src/stm32l4xx_hal_dfsdm.o
 .text.DFSDM_RegConvStart
                0x0000000008004c30       0xac ./Drivers/STM32L4xx_HAL_Driver/Src/stm32l4xx_hal_dfsdm.o
 .text.DFSDM_RegConvStop
                0x0000000008004cdc       0x9a ./Drivers/STM32L4xx_HAL_Driver/Src/stm32l4xx_hal_dfsdm.o
 *fill*         0x0000000008004d76        0x2 
 .text.HAL_DMA_Init
                0x0000000008004d78      0x170 ./Drivers/STM32L4xx_HAL_Driver/Src/stm32l4xx_hal_dma.o
                0x0000000008004d78                HAL_DMA_Init
 .text.HAL_DMA_Start_IT
                0x0000000008004ee8       0xc0 ./Drivers/STM32L4xx_HAL_Driver/Src/stm32l4xx_hal_dma.o
                0x0000000008004ee8                HAL_DMA_Start_IT
 .text.HAL_DMA_Abort
                0x0000000008004fa8       0x7c ./Drivers/STM32L4xx_HAL_Driver/Src/stm32l4xx_hal_dma.o
                0x0000000008004fa8                HAL_DMA_Abort
 .text.HAL_DMA_IRQHandler
                0x0000000008005024      0x15e ./Drivers/STM32L4xx_HAL_Driver/Src/stm32l4xx_hal_dma.o
                0x0000000008005024                HAL_DMA_IRQHandler
 .text.DMA_SetConfig
                0x0000000008005182       0x60 ./Drivers/STM32L4xx_HAL_Driver/Src/stm32l4xx_hal_dma.o
 *fill*         0x00000000080051e2        0x2 
 .text.HAL_GPIO_Init
                0x00000000080051e4      0x354 ./Drivers/STM32L4xx_HAL_Driver/Src/stm32l4xx_hal_gpio.o
                0x00000000080051e4                HAL_GPIO_Init
 .text.HAL_GPIO_DeInit
                0x0000000008005538      0x1e8 ./Drivers/STM32L4xx_HAL_Driver/Src/stm32l4xx_hal_gpio.o
                0x0000000008005538                HAL_GPIO_DeInit
 .text.HAL_GPIO_WritePin
                0x0000000008005720       0x30 ./Drivers/STM32L4xx_HAL_Driver/Src/stm32l4xx_hal_gpio.o
                0x0000000008005720                HAL_GPIO_WritePin
 .text.HAL_GPIO_EXTI_IRQHandler
                0x0000000008005750       0x30 ./Drivers/STM32L4xx_HAL_Driver/Src/stm32l4xx_hal_gpio.o
                0x0000000008005750                HAL_GPIO_EXTI_IRQHandler
 .text.HAL_PWR_EnterSLEEPMode
                0x0000000008005780       0x68 ./Drivers/STM32L4xx_HAL_Driver/Src/stm32l4xx_hal_pwr.o
                0x0000000008005780                HAL_PWR_EnterSLEEPMode
 .text.HAL_PWREx_GetVoltageRange
                0x00000000080057e8       0x1c ./Drivers/STM32L4xx_HAL_Driver/Src/stm32l4xx_hal_pwr_ex.o
                0x00000000080057e8                HAL_PWREx_GetVoltageRange
 .text.HAL_PWREx_ControlVoltageScaling
                0x0000000008005804       0xac ./Drivers/STM32L4xx_HAL_Driver/Src/stm32l4xx_hal_pwr_ex.o
                0x0000000008005804                HAL_PWREx_ControlVoltageScaling
 .text.HAL_PWREx_EnableLowPowerRunMode
                0x00000000080058b0       0x20 ./Drivers/STM32L4xx_HAL_Driver/Src/stm32l4xx_hal_pwr_ex.o
                0x00000000080058b0                HAL_PWREx_EnableLowPowerRunMode
 .text.HAL_PWREx_DisableLowPowerRunMode
                0x00000000080058d0       0x70 ./Drivers/STM32L4xx_HAL_Driver/Src/stm32l4xx_hal_pwr_ex.o
                0x00000000080058d0                HAL_PWREx_DisableLowPowerRunMode
 .text.HAL_QSPI_Init
                0x0000000008005940       0xec ./Drivers/STM32L4xx_HAL_Driver/Src/stm32l4xx_hal_qspi.o
                0x0000000008005940                HAL_QSPI_Init
 .text.HAL_QSPI_DeInit
                0x0000000008005a2c       0x48 ./Drivers/STM32L4xx_HAL_Driver/Src/stm32l4xx_hal_qspi.o
                0x0000000008005a2c                HAL_QSPI_DeInit
 .text.HAL_QSPI_Command
                0x0000000008005a74       0xbc ./Drivers/STM32L4xx_HAL_Driver/Src/stm32l4xx_hal_qspi.o
                0x0000000008005a74                HAL_QSPI_Command
 .text.HAL_QSPI_Transmit
                0x0000000008005b30      0x12e ./Drivers/STM32L4xx_HAL_Driver/Src/stm32l4xx_hal_qspi.o
                0x0000000008005b30                HAL_QSPI_Transmit
 .text.HAL_QSPI_Receive
                0x0000000008005c5e      0x144 ./Drivers/STM32L4xx_HAL_Driver/Src/stm32l4xx_hal_qspi.o
                0x0000000008005c5e                HAL_QSPI_Receive
 .text.HAL_QSPI_AutoPolling
                0x0000000008005da2       0xee ./Drivers/STM32L4xx_HAL_Driver/Src/stm32l4xx_hal_qspi.o
                0x0000000008005da2                HAL_QSPI_AutoPolling
 .text.HAL_QSPI_Abort
                0x0000000008005e90       0xda ./Drivers/STM32L4xx_HAL_Driver/Src/stm32l4xx_hal_qspi.o
                0x0000000008005e90                HAL_QSPI_Abort
 .text.HAL_QSPI_SetTimeout
                0x0000000008005f6a       0x1c ./Drivers/STM32L4xx_HAL_Driver/Src/stm32l4xx_hal_qspi.o
                0x0000000008005f6a                HAL_QSPI_SetTimeout
 .text.QSPI_WaitFlagStateUntilTimeout
                0x0000000008005f86       0x6e ./Drivers/STM32L4xx_HAL_Driver/Src/stm32l4xx_hal_qspi.o
 .text.QSPI_Config
                0x0000000008005ff4      0x30c ./Drivers/STM32L4xx_HAL_Driver/Src/stm32l4xx_hal_qspi.o
 .text.HAL_RCC_OscConfig
                0x0000000008006300      0x7cc ./Drivers/STM32L4xx_HAL_Driver/Src/stm32l4xx_hal_rcc.o
                0x0000000008006300                HAL_RCC_OscConfig
 .text.HAL_RCC_ClockConfig
                0x0000000008006acc      0x1c4 ./Drivers/STM32L4xx_HAL_Driver/Src/stm32l4xx_hal_rcc.o
                0x0000000008006acc                HAL_RCC_ClockConfig
 .text.HAL_RCC_GetSysClockFreq
                0x0000000008006c90      0x118 ./Drivers/STM32L4xx_HAL_Driver/Src/stm32l4xx_hal_rcc.o
                0x0000000008006c90                HAL_RCC_GetSysClockFreq
 .text.HAL_RCC_GetHCLKFreq
                0x0000000008006da8       0x18 ./Drivers/STM32L4xx_HAL_Driver/Src/stm32l4xx_hal_rcc.o
                0x0000000008006da8                HAL_RCC_GetHCLKFreq
 .text.HAL_RCC_GetPCLK1Freq
                0x0000000008006dc0       0x2c ./Drivers/STM32L4xx_HAL_Driver/Src/stm32l4xx_hal_rcc.o
                0x0000000008006dc0                HAL_RCC_GetPCLK1Freq
 .text.HAL_RCC_GetPCLK2Freq
                0x0000000008006dec       0x2c ./Drivers/STM32L4xx_HAL_Driver/Src/stm32l4xx_hal_rcc.o
                0x0000000008006dec                HAL_RCC_GetPCLK2Freq
 .text.HAL_RCC_GetClockConfig
                0x0000000008006e18       0x64 ./Drivers/STM32L4xx_HAL_Driver/Src/stm32l4xx_hal_rcc.o
                0x0000000008006e18                HAL_RCC_GetClockConfig
 .text.RCC_SetFlashLatencyFromMSIRange
                0x0000000008006e7c       0xc0 ./Drivers/STM32L4xx_HAL_Driver/Src/stm32l4xx_hal_rcc.o
 .text.HAL_RCCEx_PeriphCLKConfig
                0x0000000008006f3c      0x5d4 ./Drivers/STM32L4xx_HAL_Driver/Src/stm32l4xx_hal_rcc_ex.o
                0x0000000008006f3c                HAL_RCCEx_PeriphCLKConfig
 .text.RCCEx_PLLSAI1_Config
                0x0000000008007510      0x1e8 ./Drivers/STM32L4xx_HAL_Driver/Src/stm32l4xx_hal_rcc_ex.o
 .text.RCCEx_PLLSAI2_Config
                0x00000000080076f8      0x1bc ./Drivers/STM32L4xx_HAL_Driver/Src/stm32l4xx_hal_rcc_ex.o
 .text.HAL_TIM_Base_Init
                0x00000000080078b4       0xae ./Drivers/STM32L4xx_HAL_Driver/Src/stm32l4xx_hal_tim.o
                0x00000000080078b4                HAL_TIM_Base_Init
 *fill*         0x0000000008007962        0x2 
 .text.HAL_TIM_Base_Start_IT
                0x0000000008007964       0xe0 ./Drivers/STM32L4xx_HAL_Driver/Src/stm32l4xx_hal_tim.o
                0x0000000008007964                HAL_TIM_Base_Start_IT
 .text.HAL_TIM_IRQHandler
                0x0000000008007a44      0x23e ./Drivers/STM32L4xx_HAL_Driver/Src/stm32l4xx_hal_tim.o
                0x0000000008007a44                HAL_TIM_IRQHandler
 .text.HAL_TIM_ConfigClockSource
                0x0000000008007c82      0x192 ./Drivers/STM32L4xx_HAL_Driver/Src/stm32l4xx_hal_tim.o
                0x0000000008007c82                HAL_TIM_ConfigClockSource
 .text.HAL_TIM_OC_DelayElapsedCallback
                0x0000000008007e14       0x14 ./Drivers/STM32L4xx_HAL_Driver/Src/stm32l4xx_hal_tim.o
                0x0000000008007e14                HAL_TIM_OC_DelayElapsedCallback
 .text.HAL_TIM_IC_CaptureCallback
                0x0000000008007e28       0x14 ./Drivers/STM32L4xx_HAL_Driver/Src/stm32l4xx_hal_tim.o
                0x0000000008007e28                HAL_TIM_IC_CaptureCallback
 .text.HAL_TIM_PWM_PulseFinishedCallback
                0x0000000008007e3c       0x14 ./Drivers/STM32L4xx_HAL_Driver/Src/stm32l4xx_hal_tim.o
                0x0000000008007e3c                HAL_TIM_PWM_PulseFinishedCallback
 .text.HAL_TIM_TriggerCallback
                0x0000000008007e50       0x14 ./Drivers/STM32L4xx_HAL_Driver/Src/stm32l4xx_hal_tim.o
                0x0000000008007e50                HAL_TIM_TriggerCallback
 .text.TIM_Base_SetConfig
                0x0000000008007e64      0x134 ./Drivers/STM32L4xx_HAL_Driver/Src/stm32l4xx_hal_tim.o
                0x0000000008007e64                TIM_Base_SetConfig
 .text.TIM_TI1_ConfigInputStage
                0x0000000008007f98       0x5e ./Drivers/STM32L4xx_HAL_Driver/Src/stm32l4xx_hal_tim.o
 .text.TIM_TI2_ConfigInputStage
                0x0000000008007ff6       0x60 ./Drivers/STM32L4xx_HAL_Driver/Src/stm32l4xx_hal_tim.o
 .text.TIM_ITRx_SetConfig
                0x0000000008008056       0x36 ./Drivers/STM32L4xx_HAL_Driver/Src/stm32l4xx_hal_tim.o
 .text.TIM_ETR_SetConfig
                0x000000000800808c       0x40 ./Drivers/STM32L4xx_HAL_Driver/Src/stm32l4xx_hal_tim.o
                0x000000000800808c                TIM_ETR_SetConfig
 .text.HAL_TIMEx_MasterConfigSynchronization
                0x00000000080080cc      0x110 ./Drivers/STM32L4xx_HAL_Driver/Src/stm32l4xx_hal_tim_ex.o
                0x00000000080080cc                HAL_TIMEx_MasterConfigSynchronization
 .text.HAL_TIMEx_CommutCallback
                0x00000000080081dc       0x14 ./Drivers/STM32L4xx_HAL_Driver/Src/stm32l4xx_hal_tim_ex.o
                0x00000000080081dc                HAL_TIMEx_CommutCallback
 .text.HAL_TIMEx_BreakCallback
                0x00000000080081f0       0x14 ./Drivers/STM32L4xx_HAL_Driver/Src/stm32l4xx_hal_tim_ex.o
                0x00000000080081f0                HAL_TIMEx_BreakCallback
 .text.HAL_TIMEx_Break2Callback
                0x0000000008008204       0x14 ./Drivers/STM32L4xx_HAL_Driver/Src/stm32l4xx_hal_tim_ex.o
                0x0000000008008204                HAL_TIMEx_Break2Callback
 .text.HAL_UART_Init
                0x0000000008008218       0x9c ./Drivers/STM32L4xx_HAL_Driver/Src/stm32l4xx_hal_uart.o
                0x0000000008008218                HAL_UART_Init
 .text.HAL_UART_Transmit
                0x00000000080082b4      0x128 ./Drivers/STM32L4xx_HAL_Driver/Src/stm32l4xx_hal_uart.o
                0x00000000080082b4                HAL_UART_Transmit
 .text.UART_SetConfig
                0x00000000080083dc      0x514 ./Drivers/STM32L4xx_HAL_Driver/Src/stm32l4xx_hal_uart.o
                0x00000000080083dc                UART_SetConfig
 .text.UART_AdvFeatureConfig
                0x00000000080088f0      0x144 ./Drivers/STM32L4xx_HAL_Driver/Src/stm32l4xx_hal_uart.o
                0x00000000080088f0                UART_AdvFeatureConfig
 .text.UART_CheckIdleState
                0x0000000008008a34       0x92 ./Drivers/STM32L4xx_HAL_Driver/Src/stm32l4xx_hal_uart.o
                0x0000000008008a34                UART_CheckIdleState
 .text.UART_WaitOnFlagUntilTimeout
                0x0000000008008ac6      0x188 ./Drivers/STM32L4xx_HAL_Driver/Src/stm32l4xx_hal_uart.o
                0x0000000008008ac6                UART_WaitOnFlagUntilTimeout
 *fill*         0x0000000008008c4e        0x2 
 .text.arm_copy_q7
                0x0000000008008c50       0xcc ../Core/Lib\libarm_cortexM4lf_math.a(arm_copy_q7.o)
                0x0000000008008c50                arm_copy_q7
 .text.arm_rfft_32_fast_init_f32
                0x0000000008008d1c       0x34 ../Core/Lib\libarm_cortexM4lf_math.a(arm_rfft_fast_init_f32.o)
                0x0000000008008d1c                arm_rfft_32_fast_init_f32
 .text.arm_rfft_64_fast_init_f32
                0x0000000008008d50       0x34 ../Core/Lib\libarm_cortexM4lf_math.a(arm_rfft_fast_init_f32.o)
                0x0000000008008d50                arm_rfft_64_fast_init_f32
 .text.arm_rfft_256_fast_init_f32
                0x0000000008008d84       0x38 ../Core/Lib\libarm_cortexM4lf_math.a(arm_rfft_fast_init_f32.o)
                0x0000000008008d84                arm_rfft_256_fast_init_f32
 .text.arm_rfft_512_fast_init_f32
                0x0000000008008dbc       0x3c ../Core/Lib\libarm_cortexM4lf_math.a(arm_rfft_fast_init_f32.o)
                0x0000000008008dbc                arm_rfft_512_fast_init_f32
 .text.arm_rfft_1024_fast_init_f32
                0x0000000008008df8       0x3c ../Core/Lib\libarm_cortexM4lf_math.a(arm_rfft_fast_init_f32.o)
                0x0000000008008df8                arm_rfft_1024_fast_init_f32
 .text.arm_rfft_2048_fast_init_f32
                0x0000000008008e34       0x3c ../Core/Lib\libarm_cortexM4lf_math.a(arm_rfft_fast_init_f32.o)
                0x0000000008008e34                arm_rfft_2048_fast_init_f32
 .text.arm_rfft_4096_fast_init_f32
                0x0000000008008e70       0x3c ../Core/Lib\libarm_cortexM4lf_math.a(arm_rfft_fast_init_f32.o)
                0x0000000008008e70                arm_rfft_4096_fast_init_f32
 .text.arm_rfft_fast_init_f32
                0x0000000008008eac       0x68 ../Core/Lib\libarm_cortexM4lf_math.a(arm_rfft_fast_init_f32.o)
                0x0000000008008eac                arm_rfft_fast_init_f32
 .text.stage_rfft_f32
                0x0000000008008f14       0xb4 ../Core/Lib\libarm_cortexM4lf_math.a(arm_rfft_fast_f32.o)
                0x0000000008008f14                stage_rfft_f32
 .text.merge_rfft_f32
                0x0000000008008fc8       0xac ../Core/Lib\libarm_cortexM4lf_math.a(arm_rfft_fast_f32.o)
                0x0000000008008fc8                merge_rfft_f32
 .text.arm_rfft_fast_f32
                0x0000000008009074       0x40 ../Core/Lib\libarm_cortexM4lf_math.a(arm_rfft_fast_f32.o)
                0x0000000008009074                arm_rfft_fast_f32
 .text.arm_cfft_radix8by2_f32
                0x00000000080090b4      0x1a0 ../Core/Lib\libarm_cortexM4lf_math.a(arm_cfft_f32.o)
                0x00000000080090b4                arm_cfft_radix8by2_f32
 .text.arm_cfft_radix8by4_f32
                0x0000000008009254      0x4ac ../Core/Lib\libarm_cortexM4lf_math.a(arm_cfft_f32.o)
                0x0000000008009254                arm_cfft_radix8by4_f32
 .text.arm_cfft_f32
                0x0000000008009700       0xf0 ../Core/Lib\libarm_cortexM4lf_math.a(arm_cfft_f32.o)
                0x0000000008009700                arm_cfft_f32
 .text.arm_bitreversal_32
                0x00000000080097f0       0x40 ../Core/Lib\libarm_cortexM4lf_math.a(arm_bitreversal2.o)
                0x00000000080097f0                arm_bitreversal_32
 .text.arm_radix8_butterfly_f32
                0x0000000008009830      0x580 ../Core/Lib\libarm_cortexM4lf_math.a(arm_cfft_radix8_f32.o)
                0x0000000008009830                arm_radix8_butterfly_f32
 .text._ZdlPvj  0x0000000008009db0        0x4 c:/st/stm32cubeide_1.7.0/stm32cubeide/plugins/com.st.stm32cube.ide.mcu.externaltools.gnu-tools-for-stm32.9-2020-q2-update.win32_2.0.0.202105311346/tools/bin/../lib/gcc/arm-none-eabi/9.3.1/../../../../arm-none-eabi/lib/thumb/v7e-m+fp/hard\libstdc++_nano.a(del_ops.o)
                0x0000000008009db0                operator delete(void*, unsigned int)
 .text._ZdaPv   0x0000000008009db4        0x4 c:/st/stm32cubeide_1.7.0/stm32cubeide/plugins/com.st.stm32cube.ide.mcu.externaltools.gnu-tools-for-stm32.9-2020-q2-update.win32_2.0.0.202105311346/tools/bin/../lib/gcc/arm-none-eabi/9.3.1/../../../../arm-none-eabi/lib/thumb/v7e-m+fp/hard\libstdc++_nano.a(del_opv.o)
                0x0000000008009db4                operator delete[](void*)
 .text._Znwj    0x0000000008009db8       0x22 c:/st/stm32cubeide_1.7.0/stm32cubeide/plugins/com.st.stm32cube.ide.mcu.externaltools.gnu-tools-for-stm32.9-2020-q2-update.win32_2.0.0.202105311346/tools/bin/../lib/gcc/arm-none-eabi/9.3.1/../../../../arm-none-eabi/lib/thumb/v7e-m+fp/hard\libstdc++_nano.a(new_op.o)
                0x0000000008009db8                operator new(unsigned int)
 .text._Znaj    0x0000000008009dda        0x4 c:/st/stm32cubeide_1.7.0/stm32cubeide/plugins/com.st.stm32cube.ide.mcu.externaltools.gnu-tools-for-stm32.9-2020-q2-update.win32_2.0.0.202105311346/tools/bin/../lib/gcc/arm-none-eabi/9.3.1/../../../../arm-none-eabi/lib/thumb/v7e-m+fp/hard\libstdc++_nano.a(new_opv.o)
                0x0000000008009dda                operator new[](unsigned int)
 .text._ZdlPv   0x0000000008009dde        0x4 c:/st/stm32cubeide_1.7.0/stm32cubeide/plugins/com.st.stm32cube.ide.mcu.externaltools.gnu-tools-for-stm32.9-2020-q2-update.win32_2.0.0.202105311346/tools/bin/../lib/gcc/arm-none-eabi/9.3.1/../../../../arm-none-eabi/lib/thumb/v7e-m+fp/hard\libstdc++_nano.a(del_op.o)
                0x0000000008009dde                operator delete(void*)
 *fill*         0x0000000008009de2        0x2 
 .text._ZSt15get_new_handlerv
                0x0000000008009de4       0x10 c:/st/stm32cubeide_1.7.0/stm32cubeide/plugins/com.st.stm32cube.ide.mcu.externaltools.gnu-tools-for-stm32.9-2020-q2-update.win32_2.0.0.202105311346/tools/bin/../lib/gcc/arm-none-eabi/9.3.1/../../../../arm-none-eabi/lib/thumb/v7e-m+fp/hard\libstdc++_nano.a(new_handler.o)
                0x0000000008009de4                std::get_new_handler()
 *fill*         0x0000000008009df4        0x4 
 .text.ceil     0x0000000008009df8      0x108 c:/st/stm32cubeide_1.7.0/stm32cubeide/plugins/com.st.stm32cube.ide.mcu.externaltools.gnu-tools-for-stm32.9-2020-q2-update.win32_2.0.0.202105311346/tools/bin/../lib/gcc/arm-none-eabi/9.3.1/../../../../arm-none-eabi/lib/thumb/v7e-m+fp/hard\libm.a(lib_a-s_ceil.o)
                0x0000000008009df8                ceil
 .text.cos      0x0000000008009f00       0xa0 c:/st/stm32cubeide_1.7.0/stm32cubeide/plugins/com.st.stm32cube.ide.mcu.externaltools.gnu-tools-for-stm32.9-2020-q2-update.win32_2.0.0.202105311346/tools/bin/../lib/gcc/arm-none-eabi/9.3.1/../../../../arm-none-eabi/lib/thumb/v7e-m+fp/hard\libm.a(lib_a-s_cos.o)
                0x0000000008009f00                cos
 .text.roundf   0x0000000008009fa0       0x4c c:/st/stm32cubeide_1.7.0/stm32cubeide/plugins/com.st.stm32cube.ide.mcu.externaltools.gnu-tools-for-stm32.9-2020-q2-update.win32_2.0.0.202105311346/tools/bin/../lib/gcc/arm-none-eabi/9.3.1/../../../../arm-none-eabi/lib/thumb/v7e-m+fp/hard\libm.a(lib_a-sf_round.o)
                0x0000000008009fa0                roundf
 *fill*         0x0000000008009fec        0x4 
 .text.log      0x0000000008009ff0       0x90 c:/st/stm32cubeide_1.7.0/stm32cubeide/plugins/com.st.stm32cube.ide.mcu.externaltools.gnu-tools-for-stm32.9-2020-q2-update.win32_2.0.0.202105311346/tools/bin/../lib/gcc/arm-none-eabi/9.3.1/../../../../arm-none-eabi/lib/thumb/v7e-m+fp/hard\libm.a(lib_a-w_log.o)
                0x0000000008009ff0                log
 .text.pow      0x000000000800a080      0x15c c:/st/stm32cubeide_1.7.0/stm32cubeide/plugins/com.st.stm32cube.ide.mcu.externaltools.gnu-tools-for-stm32.9-2020-q2-update.win32_2.0.0.202105311346/tools/bin/../lib/gcc/arm-none-eabi/9.3.1/../../../../arm-none-eabi/lib/thumb/v7e-m+fp/hard\libm.a(lib_a-w_pow.o)
                0x000000000800a080                pow
 .text.logf     0x000000000800a1dc       0x6c c:/st/stm32cubeide_1.7.0/stm32cubeide/plugins/com.st.stm32cube.ide.mcu.externaltools.gnu-tools-for-stm32.9-2020-q2-update.win32_2.0.0.202105311346/tools/bin/../lib/gcc/arm-none-eabi/9.3.1/../../../../arm-none-eabi/lib/thumb/v7e-m+fp/hard\libm.a(lib_a-wf_log.o)
                0x000000000800a1dc                logf
 .text.sqrtf    0x000000000800a248       0x4c c:/st/stm32cubeide_1.7.0/stm32cubeide/plugins/com.st.stm32cube.ide.mcu.externaltools.gnu-tools-for-stm32.9-2020-q2-update.win32_2.0.0.202105311346/tools/bin/../lib/gcc/arm-none-eabi/9.3.1/../../../../arm-none-eabi/lib/thumb/v7e-m+fp/hard\libm.a(lib_a-wf_sqrt.o)
                0x000000000800a248                sqrtf
 *fill*         0x000000000800a294        0x4 
 .text.__ieee754_log
                0x000000000800a298      0x374 c:/st/stm32cubeide_1.7.0/stm32cubeide/plugins/com.st.stm32cube.ide.mcu.externaltools.gnu-tools-for-stm32.9-2020-q2-update.win32_2.0.0.202105311346/tools/bin/../lib/gcc/arm-none-eabi/9.3.1/../../../../arm-none-eabi/lib/thumb/v7e-m+fp/hard\libm.a(lib_a-e_log.o)
                0x000000000800a298                __ieee754_log
 *fill*         0x000000000800a60c        0x4 
 .text.__ieee754_pow
                0x000000000800a610      0xa44 c:/st/stm32cubeide_1.7.0/stm32cubeide/plugins/com.st.stm32cube.ide.mcu.externaltools.gnu-tools-for-stm32.9-2020-q2-update.win32_2.0.0.202105311346/tools/bin/../lib/gcc/arm-none-eabi/9.3.1/../../../../arm-none-eabi/lib/thumb/v7e-m+fp/hard\libm.a(lib_a-e_pow.o)
                0x000000000800a610                __ieee754_pow
 *fill*         0x000000000800b054        0x4 
 .text.__ieee754_rem_pio2
                0x000000000800b058      0x414 c:/st/stm32cubeide_1.7.0/stm32cubeide/plugins/com.st.stm32cube.ide.mcu.externaltools.gnu-tools-for-stm32.9-2020-q2-update.win32_2.0.0.202105311346/tools/bin/../lib/gcc/arm-none-eabi/9.3.1/../../../../arm-none-eabi/lib/thumb/v7e-m+fp/hard\libm.a(lib_a-e_rem_pio2.o)
                0x000000000800b058                __ieee754_rem_pio2
 .text.__ieee754_sqrt
                0x000000000800b46c      0x168 c:/st/stm32cubeide_1.7.0/stm32cubeide/plugins/com.st.stm32cube.ide.mcu.externaltools.gnu-tools-for-stm32.9-2020-q2-update.win32_2.0.0.202105311346/tools/bin/../lib/gcc/arm-none-eabi/9.3.1/../../../../arm-none-eabi/lib/thumb/v7e-m+fp/hard\libm.a(lib_a-e_sqrt.o)
                0x000000000800b46c                __ieee754_sqrt
 .text.__ieee754_logf
                0x000000000800b5d4      0x1e0 c:/st/stm32cubeide_1.7.0/stm32cubeide/plugins/com.st.stm32cube.ide.mcu.externaltools.gnu-tools-for-stm32.9-2020-q2-update.win32_2.0.0.202105311346/tools/bin/../lib/gcc/arm-none-eabi/9.3.1/../../../../arm-none-eabi/lib/thumb/v7e-m+fp/hard\libm.a(lib_a-ef_log.o)
                0x000000000800b5d4                __ieee754_logf
 .text.__ieee754_sqrtf
                0x000000000800b7b4        0x6 c:/st/stm32cubeide_1.7.0/stm32cubeide/plugins/com.st.stm32cube.ide.mcu.externaltools.gnu-tools-for-stm32.9-2020-q2-update.win32_2.0.0.202105311346/tools/bin/../lib/gcc/arm-none-eabi/9.3.1/../../../../arm-none-eabi/lib/thumb/v7e-m+fp/hard\libm.a(lib_a-ef_sqrt.o)
                0x000000000800b7b4                __ieee754_sqrtf
 *fill*         0x000000000800b7ba        0x6 
 .text.__kernel_cos
                0x000000000800b7c0      0x18c c:/st/stm32cubeide_1.7.0/stm32cubeide/plugins/com.st.stm32cube.ide.mcu.externaltools.gnu-tools-for-stm32.9-2020-q2-update.win32_2.0.0.202105311346/tools/bin/../lib/gcc/arm-none-eabi/9.3.1/../../../../arm-none-eabi/lib/thumb/v7e-m+fp/hard\libm.a(lib_a-k_cos.o)
                0x000000000800b7c0                __kernel_cos
 *fill*         0x000000000800b94c        0x4 
 .text.__kernel_rem_pio2
                0x000000000800b950      0x680 c:/st/stm32cubeide_1.7.0/stm32cubeide/plugins/com.st.stm32cube.ide.mcu.externaltools.gnu-tools-for-stm32.9-2020-q2-update.win32_2.0.0.202105311346/tools/bin/../lib/gcc/arm-none-eabi/9.3.1/../../../../arm-none-eabi/lib/thumb/v7e-m+fp/hard\libm.a(lib_a-k_rem_pio2.o)
                0x000000000800b950                __kernel_rem_pio2
 .text.__kernel_sin
                0x000000000800bfd0      0x17c c:/st/stm32cubeide_1.7.0/stm32cubeide/plugins/com.st.stm32cube.ide.mcu.externaltools.gnu-tools-for-stm32.9-2020-q2-update.win32_2.0.0.202105311346/tools/bin/../lib/gcc/arm-none-eabi/9.3.1/../../../../arm-none-eabi/lib/thumb/v7e-m+fp/hard\libm.a(lib_a-k_sin.o)
                0x000000000800bfd0                __kernel_sin
 .text.fabs     0x000000000800c14c       0x12 c:/st/stm32cubeide_1.7.0/stm32cubeide/plugins/com.st.stm32cube.ide.mcu.externaltools.gnu-tools-for-stm32.9-2020-q2-update.win32_2.0.0.202105311346/tools/bin/../lib/gcc/arm-none-eabi/9.3.1/../../../../arm-none-eabi/lib/thumb/v7e-m+fp/hard\libm.a(lib_a-s_fabs.o)
                0x000000000800c14c                fabs
 .text.finite   0x000000000800c15e       0x16 c:/st/stm32cubeide_1.7.0/stm32cubeide/plugins/com.st.stm32cube.ide.mcu.externaltools.gnu-tools-for-stm32.9-2020-q2-update.win32_2.0.0.202105311346/tools/bin/../lib/gcc/arm-none-eabi/9.3.1/../../../../arm-none-eabi/lib/thumb/v7e-m+fp/hard\libm.a(lib_a-s_finite.o)
                0x000000000800c15e                finite
 *fill*         0x000000000800c174        0x4 
 .text.floor    0x000000000800c178      0x100 c:/st/stm32cubeide_1.7.0/stm32cubeide/plugins/com.st.stm32cube.ide.mcu.externaltools.gnu-tools-for-stm32.9-2020-q2-update.win32_2.0.0.202105311346/tools/bin/../lib/gcc/arm-none-eabi/9.3.1/../../../../arm-none-eabi/lib/thumb/v7e-m+fp/hard\libm.a(lib_a-s_floor.o)
                0x000000000800c178                floor
 .text.nan      0x000000000800c278       0x10 c:/st/stm32cubeide_1.7.0/stm32cubeide/plugins/com.st.stm32cube.ide.mcu.externaltools.gnu-tools-for-stm32.9-2020-q2-update.win32_2.0.0.202105311346/tools/bin/../lib/gcc/arm-none-eabi/9.3.1/../../../../arm-none-eabi/lib/thumb/v7e-m+fp/hard\libm.a(lib_a-s_nan.o)
                0x000000000800c278                nan
 .text.rint     0x000000000800c288      0x114 c:/st/stm32cubeide_1.7.0/stm32cubeide/plugins/com.st.stm32cube.ide.mcu.externaltools.gnu-tools-for-stm32.9-2020-q2-update.win32_2.0.0.202105311346/tools/bin/../lib/gcc/arm-none-eabi/9.3.1/../../../../arm-none-eabi/lib/thumb/v7e-m+fp/hard\libm.a(lib_a-s_rint.o)
                0x000000000800c288                rint
 *fill*         0x000000000800c39c        0x4 
 .text.scalbn   0x000000000800c3a0      0x10c c:/st/stm32cubeide_1.7.0/stm32cubeide/plugins/com.st.stm32cube.ide.mcu.externaltools.gnu-tools-for-stm32.9-2020-q2-update.win32_2.0.0.202105311346/tools/bin/../lib/gcc/arm-none-eabi/9.3.1/../../../../arm-none-eabi/lib/thumb/v7e-m+fp/hard\libm.a(lib_a-s_scalbn.o)
                0x000000000800c3a0                scalbn
 .text.nanf     0x000000000800c4ac        0xc c:/st/stm32cubeide_1.7.0/stm32cubeide/plugins/com.st.stm32cube.ide.mcu.externaltools.gnu-tools-for-stm32.9-2020-q2-update.win32_2.0.0.202105311346/tools/bin/../lib/gcc/arm-none-eabi/9.3.1/../../../../arm-none-eabi/lib/thumb/v7e-m+fp/hard\libm.a(lib_a-sf_nan.o)
                0x000000000800c4ac                nanf
 .text.abort    0x000000000800c4b8        0xe c:/st/stm32cubeide_1.7.0/stm32cubeide/plugins/com.st.stm32cube.ide.mcu.externaltools.gnu-tools-for-stm32.9-2020-q2-update.win32_2.0.0.202105311346/tools/bin/../lib/gcc/arm-none-eabi/9.3.1/../../../../arm-none-eabi/lib/thumb/v7e-m+fp/hard\libc_nano.a(lib_a-abort.o)
                0x000000000800c4b8                abort
 *fill*         0x000000000800c4c6        0x2 
 .text.calloc   0x000000000800c4c8       0x10 c:/st/stm32cubeide_1.7.0/stm32cubeide/plugins/com.st.stm32cube.ide.mcu.externaltools.gnu-tools-for-stm32.9-2020-q2-update.win32_2.0.0.202105311346/tools/bin/../lib/gcc/arm-none-eabi/9.3.1/../../../../arm-none-eabi/lib/thumb/v7e-m+fp/hard\libc_nano.a(lib_a-calloc.o)
                0x000000000800c4c8                calloc
 .text.__errno  0x000000000800c4d8        0xc c:/st/stm32cubeide_1.7.0/stm32cubeide/plugins/com.st.stm32cube.ide.mcu.externaltools.gnu-tools-for-stm32.9-2020-q2-update.win32_2.0.0.202105311346/tools/bin/../lib/gcc/arm-none-eabi/9.3.1/../../../../arm-none-eabi/lib/thumb/v7e-m+fp/hard\libc_nano.a(lib_a-errno.o)
                0x000000000800c4d8                __errno
 .text.__libc_init_array
                0x000000000800c4e4       0x48 c:/st/stm32cubeide_1.7.0/stm32cubeide/plugins/com.st.stm32cube.ide.mcu.externaltools.gnu-tools-for-stm32.9-2020-q2-update.win32_2.0.0.202105311346/tools/bin/../lib/gcc/arm-none-eabi/9.3.1/../../../../arm-none-eabi/lib/thumb/v7e-m+fp/hard\libc_nano.a(lib_a-init.o)
                0x000000000800c4e4                __libc_init_array
 .text.malloc   0x000000000800c52c       0x10 c:/st/stm32cubeide_1.7.0/stm32cubeide/plugins/com.st.stm32cube.ide.mcu.externaltools.gnu-tools-for-stm32.9-2020-q2-update.win32_2.0.0.202105311346/tools/bin/../lib/gcc/arm-none-eabi/9.3.1/../../../../arm-none-eabi/lib/thumb/v7e-m+fp/hard\libc_nano.a(lib_a-malloc.o)
                0x000000000800c52c                malloc
 .text.free     0x000000000800c53c       0x10 c:/st/stm32cubeide_1.7.0/stm32cubeide/plugins/com.st.stm32cube.ide.mcu.externaltools.gnu-tools-for-stm32.9-2020-q2-update.win32_2.0.0.202105311346/tools/bin/../lib/gcc/arm-none-eabi/9.3.1/../../../../arm-none-eabi/lib/thumb/v7e-m+fp/hard\libc_nano.a(lib_a-malloc.o)
                0x000000000800c53c                free
 .text.memcpy   0x000000000800c54c       0x1c c:/st/stm32cubeide_1.7.0/stm32cubeide/plugins/com.st.stm32cube.ide.mcu.externaltools.gnu-tools-for-stm32.9-2020-q2-update.win32_2.0.0.202105311346/tools/bin/../lib/gcc/arm-none-eabi/9.3.1/../../../../arm-none-eabi/lib/thumb/v7e-m+fp/hard\libc_nano.a(lib_a-memcpy-stub.o)
                0x000000000800c54c                memcpy
 .text.memset   0x000000000800c568       0x10 c:/st/stm32cubeide_1.7.0/stm32cubeide/plugins/com.st.stm32cube.ide.mcu.externaltools.gnu-tools-for-stm32.9-2020-q2-update.win32_2.0.0.202105311346/tools/bin/../lib/gcc/arm-none-eabi/9.3.1/../../../../arm-none-eabi/lib/thumb/v7e-m+fp/hard\libc_nano.a(lib_a-memset.o)
                0x000000000800c568                memset
 .text._calloc_r
                0x000000000800c578       0x1e c:/st/stm32cubeide_1.7.0/stm32cubeide/plugins/com.st.stm32cube.ide.mcu.externaltools.gnu-tools-for-stm32.9-2020-q2-update.win32_2.0.0.202105311346/tools/bin/../lib/gcc/arm-none-eabi/9.3.1/../../../../arm-none-eabi/lib/thumb/v7e-m+fp/hard\libc_nano.a(lib_a-nano-callocr.o)
                0x000000000800c578                _calloc_r
 *fill*         0x000000000800c596        0x2 
 .text._free_r  0x000000000800c598       0xa0 c:/st/stm32cubeide_1.7.0/stm32cubeide/plugins/com.st.stm32cube.ide.mcu.externaltools.gnu-tools-for-stm32.9-2020-q2-update.win32_2.0.0.202105311346/tools/bin/../lib/gcc/arm-none-eabi/9.3.1/../../../../arm-none-eabi/lib/thumb/v7e-m+fp/hard\libc_nano.a(lib_a-nano-freer.o)
                0x000000000800c598                _free_r
 .text._malloc_r
                0x000000000800c638       0xb4 c:/st/stm32cubeide_1.7.0/stm32cubeide/plugins/com.st.stm32cube.ide.mcu.externaltools.gnu-tools-for-stm32.9-2020-q2-update.win32_2.0.0.202105311346/tools/bin/../lib/gcc/arm-none-eabi/9.3.1/../../../../arm-none-eabi/lib/thumb/v7e-m+fp/hard\libc_nano.a(lib_a-nano-mallocr.o)
                0x000000000800c638                _malloc_r
 .text._sbrk_r  0x000000000800c6ec       0x20 c:/st/stm32cubeide_1.7.0/stm32cubeide/plugins/com.st.stm32cube.ide.mcu.externaltools.gnu-tools-for-stm32.9-2020-q2-update.win32_2.0.0.202105311346/tools/bin/../lib/gcc/arm-none-eabi/9.3.1/../../../../arm-none-eabi/lib/thumb/v7e-m+fp/hard\libc_nano.a(lib_a-sbrkr.o)
                0x000000000800c6ec                _sbrk_r
 .text._raise_r
                0x000000000800c70c       0x50 c:/st/stm32cubeide_1.7.0/stm32cubeide/plugins/com.st.stm32cube.ide.mcu.externaltools.gnu-tools-for-stm32.9-2020-q2-update.win32_2.0.0.202105311346/tools/bin/../lib/gcc/arm-none-eabi/9.3.1/../../../../arm-none-eabi/lib/thumb/v7e-m+fp/hard\libc_nano.a(lib_a-signal.o)
                0x000000000800c70c                _raise_r
 .text.raise    0x000000000800c75c       0x10 c:/st/stm32cubeide_1.7.0/stm32cubeide/plugins/com.st.stm32cube.ide.mcu.externaltools.gnu-tools-for-stm32.9-2020-q2-update.win32_2.0.0.202105311346/tools/bin/../lib/gcc/arm-none-eabi/9.3.1/../../../../arm-none-eabi/lib/thumb/v7e-m+fp/hard\libc_nano.a(lib_a-signal.o)
                0x000000000800c75c                raise
 .text._kill_r  0x000000000800c76c       0x24 c:/st/stm32cubeide_1.7.0/stm32cubeide/plugins/com.st.stm32cube.ide.mcu.externaltools.gnu-tools-for-stm32.9-2020-q2-update.win32_2.0.0.202105311346/tools/bin/../lib/gcc/arm-none-eabi/9.3.1/../../../../arm-none-eabi/lib/thumb/v7e-m+fp/hard\libc_nano.a(lib_a-signalr.o)
                0x000000000800c76c                _kill_r
 .text._getpid_r
                0x000000000800c790        0x4 c:/st/stm32cubeide_1.7.0/stm32cubeide/plugins/com.st.stm32cube.ide.mcu.externaltools.gnu-tools-for-stm32.9-2020-q2-update.win32_2.0.0.202105311346/tools/bin/../lib/gcc/arm-none-eabi/9.3.1/../../../../arm-none-eabi/lib/thumb/v7e-m+fp/hard\libc_nano.a(lib_a-signalr.o)
                0x000000000800c790                _getpid_r
 .text.sprintf  0x000000000800c794       0x40 c:/st/stm32cubeide_1.7.0/stm32cubeide/plugins/com.st.stm32cube.ide.mcu.externaltools.gnu-tools-for-stm32.9-2020-q2-update.win32_2.0.0.202105311346/tools/bin/../lib/gcc/arm-none-eabi/9.3.1/../../../../arm-none-eabi/lib/thumb/v7e-m+fp/hard\libc_nano.a(lib_a-sprintf.o)
                0x000000000800c794                siprintf
                0x000000000800c794                sprintf
 .text.strcpy   0x000000000800c7d4       0x10 c:/st/stm32cubeide_1.7.0/stm32cubeide/plugins/com.st.stm32cube.ide.mcu.externaltools.gnu-tools-for-stm32.9-2020-q2-update.win32_2.0.0.202105311346/tools/bin/../lib/gcc/arm-none-eabi/9.3.1/../../../../arm-none-eabi/lib/thumb/v7e-m+fp/hard\libc_nano.a(lib_a-strcpy.o)
                0x000000000800c7d4                strcpy
 .text.__malloc_lock
                0x000000000800c7e4        0xc c:/st/stm32cubeide_1.7.0/stm32cubeide/plugins/com.st.stm32cube.ide.mcu.externaltools.gnu-tools-for-stm32.9-2020-q2-update.win32_2.0.0.202105311346/tools/bin/../lib/gcc/arm-none-eabi/9.3.1/../../../../arm-none-eabi/lib/thumb/v7e-m+fp/hard\libc_nano.a(lib_a-mlock.o)
                0x000000000800c7e4                __malloc_lock
 .text.__malloc_unlock
                0x000000000800c7f0        0xc c:/st/stm32cubeide_1.7.0/stm32cubeide/plugins/com.st.stm32cube.ide.mcu.externaltools.gnu-tools-for-stm32.9-2020-q2-update.win32_2.0.0.202105311346/tools/bin/../lib/gcc/arm-none-eabi/9.3.1/../../../../arm-none-eabi/lib/thumb/v7e-m+fp/hard\libc_nano.a(lib_a-mlock.o)
                0x000000000800c7f0                __malloc_unlock
 .text._realloc_r
                0x000000000800c7fc       0x4c c:/st/stm32cubeide_1.7.0/stm32cubeide/plugins/com.st.stm32cube.ide.mcu.externaltools.gnu-tools-for-stm32.9-2020-q2-update.win32_2.0.0.202105311346/tools/bin/../lib/gcc/arm-none-eabi/9.3.1/../../../../arm-none-eabi/lib/thumb/v7e-m+fp/hard\libc_nano.a(lib_a-nano-reallocr.o)
                0x000000000800c7fc                _realloc_r
 .text.__ssputs_r
                0x000000000800c848       0xb6 c:/st/stm32cubeide_1.7.0/stm32cubeide/plugins/com.st.stm32cube.ide.mcu.externaltools.gnu-tools-for-stm32.9-2020-q2-update.win32_2.0.0.202105311346/tools/bin/../lib/gcc/arm-none-eabi/9.3.1/../../../../arm-none-eabi/lib/thumb/v7e-m+fp/hard\libc_nano.a(lib_a-nano-svfprintf.o)
                0x000000000800c848                __ssputs_r
 *fill*         0x000000000800c8fe        0x2 
 .text._svfprintf_r
                0x000000000800c900      0x200 c:/st/stm32cubeide_1.7.0/stm32cubeide/plugins/com.st.stm32cube.ide.mcu.externaltools.gnu-tools-for-stm32.9-2020-q2-update.win32_2.0.0.202105311346/tools/bin/../lib/gcc/arm-none-eabi/9.3.1/../../../../arm-none-eabi/lib/thumb/v7e-m+fp/hard\libc_nano.a(lib_a-nano-svfprintf.o)
                0x000000000800c900                _svfiprintf_r
                0x000000000800c900                _svfprintf_r
 .text._printf_common
                0x000000000800cb00       0xda c:/st/stm32cubeide_1.7.0/stm32cubeide/plugins/com.st.stm32cube.ide.mcu.externaltools.gnu-tools-for-stm32.9-2020-q2-update.win32_2.0.0.202105311346/tools/bin/../lib/gcc/arm-none-eabi/9.3.1/../../../../arm-none-eabi/lib/thumb/v7e-m+fp/hard\libc_nano.a(lib_a-nano-vfprintf_i.o)
                0x000000000800cb00                _printf_common
 *fill*         0x000000000800cbda        0x2 
 .text._printf_i
                0x000000000800cbdc      0x24c c:/st/stm32cubeide_1.7.0/stm32cubeide/plugins/com.st.stm32cube.ide.mcu.externaltools.gnu-tools-for-stm32.9-2020-q2-update.win32_2.0.0.202105311346/tools/bin/../lib/gcc/arm-none-eabi/9.3.1/../../../../arm-none-eabi/lib/thumb/v7e-m+fp/hard\libc_nano.a(lib_a-nano-vfprintf_i.o)
                0x000000000800cbdc                _printf_i
 .text.__retarget_lock_acquire_recursive
                0x000000000800ce28        0x2 c:/st/stm32cubeide_1.7.0/stm32cubeide/plugins/com.st.stm32cube.ide.mcu.externaltools.gnu-tools-for-stm32.9-2020-q2-update.win32_2.0.0.202105311346/tools/bin/../lib/gcc/arm-none-eabi/9.3.1/../../../../arm-none-eabi/lib/thumb/v7e-m+fp/hard\libc_nano.a(lib_a-lock.o)
                0x000000000800ce28                __retarget_lock_acquire_recursive
 .text.__retarget_lock_release_recursive
                0x000000000800ce2a        0x2 c:/st/stm32cubeide_1.7.0/stm32cubeide/plugins/com.st.stm32cube.ide.mcu.externaltools.gnu-tools-for-stm32.9-2020-q2-update.win32_2.0.0.202105311346/tools/bin/../lib/gcc/arm-none-eabi/9.3.1/../../../../arm-none-eabi/lib/thumb/v7e-m+fp/hard\libc_nano.a(lib_a-lock.o)
                0x000000000800ce2a                __retarget_lock_release_recursive
 .text.memmove  0x000000000800ce2c       0x34 c:/st/stm32cubeide_1.7.0/stm32cubeide/plugins/com.st.stm32cube.ide.mcu.externaltools.gnu-tools-for-stm32.9-2020-q2-update.win32_2.0.0.202105311346/tools/bin/../lib/gcc/arm-none-eabi/9.3.1/../../../../arm-none-eabi/lib/thumb/v7e-m+fp/hard\libc_nano.a(lib_a-memmove.o)
                0x000000000800ce2c                memmove
 .text._malloc_usable_size_r
                0x000000000800ce60       0x10 c:/st/stm32cubeide_1.7.0/stm32cubeide/plugins/com.st.stm32cube.ide.mcu.externaltools.gnu-tools-for-stm32.9-2020-q2-update.win32_2.0.0.202105311346/tools/bin/../lib/gcc/arm-none-eabi/9.3.1/../../../../arm-none-eabi/lib/thumb/v7e-m+fp/hard\libc_nano.a(lib_a-nano-msizer.o)
                0x000000000800ce60                _malloc_usable_size_r
 *(.glue_7)
 .glue_7        0x000000000800ce70        0x0 linker stubs
 *(.glue_7t)
 .glue_7t       0x000000000800ce70        0x0 linker stubs
 *(.eh_frame)
 .eh_frame      0x000000000800ce70        0x0 c:/st/stm32cubeide_1.7.0/stm32cubeide/plugins/com.st.stm32cube.ide.mcu.externaltools.gnu-tools-for-stm32.9-2020-q2-update.win32_2.0.0.202105311346/tools/bin/../lib/gcc/arm-none-eabi/9.3.1/thumb/v7e-m+fp/hard/crtbegin.o
 *(.init)
 .init          0x000000000800ce70        0x4 c:/st/stm32cubeide_1.7.0/stm32cubeide/plugins/com.st.stm32cube.ide.mcu.externaltools.gnu-tools-for-stm32.9-2020-q2-update.win32_2.0.0.202105311346/tools/bin/../lib/gcc/arm-none-eabi/9.3.1/thumb/v7e-m+fp/hard/crti.o
                0x000000000800ce70                _init
 .init          0x000000000800ce74        0x8 c:/st/stm32cubeide_1.7.0/stm32cubeide/plugins/com.st.stm32cube.ide.mcu.externaltools.gnu-tools-for-stm32.9-2020-q2-update.win32_2.0.0.202105311346/tools/bin/../lib/gcc/arm-none-eabi/9.3.1/thumb/v7e-m+fp/hard/crtn.o
 *(.fini)
 .fini          0x000000000800ce7c        0x4 c:/st/stm32cubeide_1.7.0/stm32cubeide/plugins/com.st.stm32cube.ide.mcu.externaltools.gnu-tools-for-stm32.9-2020-q2-update.win32_2.0.0.202105311346/tools/bin/../lib/gcc/arm-none-eabi/9.3.1/thumb/v7e-m+fp/hard/crti.o
                0x000000000800ce7c                _fini
 .fini          0x000000000800ce80        0x8 c:/st/stm32cubeide_1.7.0/stm32cubeide/plugins/com.st.stm32cube.ide.mcu.externaltools.gnu-tools-for-stm32.9-2020-q2-update.win32_2.0.0.202105311346/tools/bin/../lib/gcc/arm-none-eabi/9.3.1/thumb/v7e-m+fp/hard/crtn.o
                0x000000000800ce88                . = ALIGN (0x4)
                0x000000000800ce88                _etext = .

.vfp11_veneer   0x000000000800ce88        0x0
 .vfp11_veneer  0x000000000800ce88        0x0 linker stubs

.v4_bx          0x000000000800ce88        0x0
 .v4_bx         0x000000000800ce88        0x0 linker stubs

.iplt           0x000000000800ce88        0x0
 .iplt          0x000000000800ce88        0x0 c:/st/stm32cubeide_1.7.0/stm32cubeide/plugins/com.st.stm32cube.ide.mcu.externaltools.gnu-tools-for-stm32.9-2020-q2-update.win32_2.0.0.202105311346/tools/bin/../lib/gcc/arm-none-eabi/9.3.1/thumb/v7e-m+fp/hard/crtbegin.o

.rodata         0x000000000800ce88    0x1337c
                0x000000000800ce88                . = ALIGN (0x4)
 *(.rodata)
 .rodata        0x000000000800ce88       0xfc ./Core/Src/main.o
 *(.rodata*)
 .rodata.AHBPrescTable
                0x000000000800cf84       0x10 ./Core/Src/system_stm32l4xx.o
                0x000000000800cf84                AHBPrescTable
 .rodata.APBPrescTable
                0x000000000800cf94        0x8 ./Core/Src/system_stm32l4xx.o
                0x000000000800cf94                APBPrescTable
 .rodata.MSIRangeTable
                0x000000000800cf9c       0x30 ./Core/Src/system_stm32l4xx.o
                0x000000000800cf9c                MSIRangeTable
 .rodata.armBitRevIndexTable1024
                0x000000000800cfcc      0xe10 ../Core/Lib\libarm_cortexM4lf_math.a(arm_common_tables.o)
                0x000000000800cfcc                armBitRevIndexTable1024
 .rodata.armBitRevIndexTable128
                0x000000000800dddc      0x1a0 ../Core/Lib\libarm_cortexM4lf_math.a(arm_common_tables.o)
                0x000000000800dddc                armBitRevIndexTable128
 .rodata.armBitRevIndexTable16
                0x000000000800df7c       0x28 ../Core/Lib\libarm_cortexM4lf_math.a(arm_common_tables.o)
                0x000000000800df7c                armBitRevIndexTable16
 .rodata.armBitRevIndexTable2048
                0x000000000800dfa4     0x1dc0 ../Core/Lib\libarm_cortexM4lf_math.a(arm_common_tables.o)
                0x000000000800dfa4                armBitRevIndexTable2048
 .rodata.armBitRevIndexTable256
                0x000000000800fd64      0x370 ../Core/Lib\libarm_cortexM4lf_math.a(arm_common_tables.o)
                0x000000000800fd64                armBitRevIndexTable256
 .rodata.armBitRevIndexTable32
                0x00000000080100d4       0x60 ../Core/Lib\libarm_cortexM4lf_math.a(arm_common_tables.o)
                0x00000000080100d4                armBitRevIndexTable32
 .rodata.armBitRevIndexTable512
                0x0000000008010134      0x380 ../Core/Lib\libarm_cortexM4lf_math.a(arm_common_tables.o)
                0x0000000008010134                armBitRevIndexTable512
 .rodata.twiddleCoef_1024
                0x00000000080104b4     0x2000 ../Core/Lib\libarm_cortexM4lf_math.a(arm_common_tables.o)
                0x00000000080104b4                twiddleCoef_1024
 .rodata.twiddleCoef_128
                0x00000000080124b4      0x400 ../Core/Lib\libarm_cortexM4lf_math.a(arm_common_tables.o)
                0x00000000080124b4                twiddleCoef_128
 .rodata.twiddleCoef_16
                0x00000000080128b4       0x80 ../Core/Lib\libarm_cortexM4lf_math.a(arm_common_tables.o)
                0x00000000080128b4                twiddleCoef_16
 .rodata.twiddleCoef_2048
                0x0000000008012934     0x4000 ../Core/Lib\libarm_cortexM4lf_math.a(arm_common_tables.o)
                0x0000000008012934                twiddleCoef_2048
 .rodata.twiddleCoef_256
                0x0000000008016934      0x800 ../Core/Lib\libarm_cortexM4lf_math.a(arm_common_tables.o)
                0x0000000008016934                twiddleCoef_256
 .rodata.twiddleCoef_32
                0x0000000008017134      0x100 ../Core/Lib\libarm_cortexM4lf_math.a(arm_common_tables.o)
                0x0000000008017134                twiddleCoef_32
 .rodata.twiddleCoef_512
                0x0000000008017234     0x1000 ../Core/Lib\libarm_cortexM4lf_math.a(arm_common_tables.o)
                0x0000000008017234                twiddleCoef_512
 .rodata.twiddleCoef_rfft_1024
                0x0000000008018234     0x1000 ../Core/Lib\libarm_cortexM4lf_math.a(arm_common_tables.o)
                0x0000000008018234                twiddleCoef_rfft_1024
 .rodata.twiddleCoef_rfft_2048
                0x0000000008019234     0x2000 ../Core/Lib\libarm_cortexM4lf_math.a(arm_common_tables.o)
                0x0000000008019234                twiddleCoef_rfft_2048
 .rodata.twiddleCoef_rfft_256
                0x000000000801b234      0x400 ../Core/Lib\libarm_cortexM4lf_math.a(arm_common_tables.o)
                0x000000000801b234                twiddleCoef_rfft_256
 .rodata.twiddleCoef_rfft_32
                0x000000000801b634       0x80 ../Core/Lib\libarm_cortexM4lf_math.a(arm_common_tables.o)
                0x000000000801b634                twiddleCoef_rfft_32
 .rodata.twiddleCoef_rfft_4096
                0x000000000801b6b4     0x4000 ../Core/Lib\libarm_cortexM4lf_math.a(arm_common_tables.o)
                0x000000000801b6b4                twiddleCoef_rfft_4096
 .rodata.twiddleCoef_rfft_512
                0x000000000801f6b4      0x800 ../Core/Lib\libarm_cortexM4lf_math.a(arm_common_tables.o)
                0x000000000801f6b4                twiddleCoef_rfft_512
 .rodata.twiddleCoef_rfft_64
                0x000000000801feb4      0x100 ../Core/Lib\libarm_cortexM4lf_math.a(arm_common_tables.o)
                0x000000000801feb4                twiddleCoef_rfft_64
 .rodata.log.str1.1
                0x000000000801ffb4        0x0 c:/st/stm32cubeide_1.7.0/stm32cubeide/plugins/com.st.stm32cube.ide.mcu.externaltools.gnu-tools-for-stm32.9-2020-q2-update.win32_2.0.0.202105311346/tools/bin/../lib/gcc/arm-none-eabi/9.3.1/../../../../arm-none-eabi/lib/thumb/v7e-m+fp/hard\libm.a(lib_a-w_log.o)
                                          0x1 (size before relaxing)
 .rodata.logf.str1.1
                0x000000000801ffb4        0x1 c:/st/stm32cubeide_1.7.0/stm32cubeide/plugins/com.st.stm32cube.ide.mcu.externaltools.gnu-tools-for-stm32.9-2020-q2-update.win32_2.0.0.202105311346/tools/bin/../lib/gcc/arm-none-eabi/9.3.1/../../../../arm-none-eabi/lib/thumb/v7e-m+fp/hard\libm.a(lib_a-wf_log.o)
 .rodata.__ieee754_pow.str1.1
                0x000000000801ffb4        0x1 c:/st/stm32cubeide_1.7.0/stm32cubeide/plugins/com.st.stm32cube.ide.mcu.externaltools.gnu-tools-for-stm32.9-2020-q2-update.win32_2.0.0.202105311346/tools/bin/../lib/gcc/arm-none-eabi/9.3.1/../../../../arm-none-eabi/lib/thumb/v7e-m+fp/hard\libm.a(lib_a-e_pow.o)
 *fill*         0x000000000801ffb4        0x4 
 .rodata.bp     0x000000000801ffb8       0x10 c:/st/stm32cubeide_1.7.0/stm32cubeide/plugins/com.st.stm32cube.ide.mcu.externaltools.gnu-tools-for-stm32.9-2020-q2-update.win32_2.0.0.202105311346/tools/bin/../lib/gcc/arm-none-eabi/9.3.1/../../../../arm-none-eabi/lib/thumb/v7e-m+fp/hard\libm.a(lib_a-e_pow.o)
 .rodata.dp_h   0x000000000801ffc8       0x10 c:/st/stm32cubeide_1.7.0/stm32cubeide/plugins/com.st.stm32cube.ide.mcu.externaltools.gnu-tools-for-stm32.9-2020-q2-update.win32_2.0.0.202105311346/tools/bin/../lib/gcc/arm-none-eabi/9.3.1/../../../../arm-none-eabi/lib/thumb/v7e-m+fp/hard\libm.a(lib_a-e_pow.o)
 .rodata.dp_l   0x000000000801ffd8       0x10 c:/st/stm32cubeide_1.7.0/stm32cubeide/plugins/com.st.stm32cube.ide.mcu.externaltools.gnu-tools-for-stm32.9-2020-q2-update.win32_2.0.0.202105311346/tools/bin/../lib/gcc/arm-none-eabi/9.3.1/../../../../arm-none-eabi/lib/thumb/v7e-m+fp/hard\libm.a(lib_a-e_pow.o)
 .rodata.npio2_hw
                0x000000000801ffe8       0x80 c:/st/stm32cubeide_1.7.0/stm32cubeide/plugins/com.st.stm32cube.ide.mcu.externaltools.gnu-tools-for-stm32.9-2020-q2-update.win32_2.0.0.202105311346/tools/bin/../lib/gcc/arm-none-eabi/9.3.1/../../../../arm-none-eabi/lib/thumb/v7e-m+fp/hard\libm.a(lib_a-e_rem_pio2.o)
 .rodata.two_over_pi
                0x0000000008020068      0x108 c:/st/stm32cubeide_1.7.0/stm32cubeide/plugins/com.st.stm32cube.ide.mcu.externaltools.gnu-tools-for-stm32.9-2020-q2-update.win32_2.0.0.202105311346/tools/bin/../lib/gcc/arm-none-eabi/9.3.1/../../../../arm-none-eabi/lib/thumb/v7e-m+fp/hard\libm.a(lib_a-e_rem_pio2.o)
 .rodata.PIo2   0x0000000008020170       0x40 c:/st/stm32cubeide_1.7.0/stm32cubeide/plugins/com.st.stm32cube.ide.mcu.externaltools.gnu-tools-for-stm32.9-2020-q2-update.win32_2.0.0.202105311346/tools/bin/../lib/gcc/arm-none-eabi/9.3.1/../../../../arm-none-eabi/lib/thumb/v7e-m+fp/hard\libm.a(lib_a-k_rem_pio2.o)
 .rodata.init_jk
                0x00000000080201b0       0x10 c:/st/stm32cubeide_1.7.0/stm32cubeide/plugins/com.st.stm32cube.ide.mcu.externaltools.gnu-tools-for-stm32.9-2020-q2-update.win32_2.0.0.202105311346/tools/bin/../lib/gcc/arm-none-eabi/9.3.1/../../../../arm-none-eabi/lib/thumb/v7e-m+fp/hard\libm.a(lib_a-k_rem_pio2.o)
 .rodata.TWO52  0x00000000080201c0       0x10 c:/st/stm32cubeide_1.7.0/stm32cubeide/plugins/com.st.stm32cube.ide.mcu.externaltools.gnu-tools-for-stm32.9-2020-q2-update.win32_2.0.0.202105311346/tools/bin/../lib/gcc/arm-none-eabi/9.3.1/../../../../arm-none-eabi/lib/thumb/v7e-m+fp/hard\libm.a(lib_a-s_rint.o)
 .rodata._svfprintf_r.str1.1
                0x00000000080201d0       0x11 c:/st/stm32cubeide_1.7.0/stm32cubeide/plugins/com.st.stm32cube.ide.mcu.externaltools.gnu-tools-for-stm32.9-2020-q2-update.win32_2.0.0.202105311346/tools/bin/../lib/gcc/arm-none-eabi/9.3.1/../../../../arm-none-eabi/lib/thumb/v7e-m+fp/hard\libc_nano.a(lib_a-nano-svfprintf.o)
 .rodata._printf_i.str1.1
                0x00000000080201e1       0x22 c:/st/stm32cubeide_1.7.0/stm32cubeide/plugins/com.st.stm32cube.ide.mcu.externaltools.gnu-tools-for-stm32.9-2020-q2-update.win32_2.0.0.202105311346/tools/bin/../lib/gcc/arm-none-eabi/9.3.1/../../../../arm-none-eabi/lib/thumb/v7e-m+fp/hard\libc_nano.a(lib_a-nano-vfprintf_i.o)
                0x0000000008020204                . = ALIGN (0x4)
 *fill*         0x0000000008020203        0x1 

.ARM.extab      0x0000000008020204        0x0
                0x0000000008020204                . = ALIGN (0x4)
 *(.ARM.extab* .gnu.linkonce.armextab.*)
                0x0000000008020204                . = ALIGN (0x4)

.ARM            0x0000000008020204        0x8
                0x0000000008020204                . = ALIGN (0x4)
                0x0000000008020204                __exidx_start = .
 *(.ARM.exidx*)
 .ARM.exidx     0x0000000008020204        0x8 c:/st/stm32cubeide_1.7.0/stm32cubeide/plugins/com.st.stm32cube.ide.mcu.externaltools.gnu-tools-for-stm32.9-2020-q2-update.win32_2.0.0.202105311346/tools/bin/../lib/gcc/arm-none-eabi/9.3.1/thumb/v7e-m+fp/hard\libgcc.a(_udivmoddi4.o)
                0x000000000802020c                __exidx_end = .
                0x000000000802020c                . = ALIGN (0x4)

.rel.dyn        0x000000000802020c        0x0
 .rel.iplt      0x000000000802020c        0x0 c:/st/stm32cubeide_1.7.0/stm32cubeide/plugins/com.st.stm32cube.ide.mcu.externaltools.gnu-tools-for-stm32.9-2020-q2-update.win32_2.0.0.202105311346/tools/bin/../lib/gcc/arm-none-eabi/9.3.1/thumb/v7e-m+fp/hard/crtbegin.o

.preinit_array  0x000000000802020c        0x0
                0x000000000802020c                . = ALIGN (0x4)
                0x000000000802020c                PROVIDE (__preinit_array_start = .)
 *(.preinit_array*)
                0x000000000802020c                PROVIDE (__preinit_array_end = .)
                0x000000000802020c                . = ALIGN (0x4)

.init_array     0x000000000802020c        0x4
                0x000000000802020c                . = ALIGN (0x4)
                0x000000000802020c                PROVIDE (__init_array_start = .)
 *(SORT_BY_NAME(.init_array.*))
 *(.init_array*)
 .init_array    0x000000000802020c        0x4 c:/st/stm32cubeide_1.7.0/stm32cubeide/plugins/com.st.stm32cube.ide.mcu.externaltools.gnu-tools-for-stm32.9-2020-q2-update.win32_2.0.0.202105311346/tools/bin/../lib/gcc/arm-none-eabi/9.3.1/thumb/v7e-m+fp/hard/crtbegin.o
                0x0000000008020210                PROVIDE (__init_array_end = .)
                0x0000000008020210                . = ALIGN (0x4)

.fini_array     0x0000000008020210        0x4
                0x0000000008020210                . = ALIGN (0x4)
                [!provide]                        PROVIDE (__fini_array_start = .)
 *(SORT_BY_NAME(.fini_array.*))
 *(.fini_array*)
 .fini_array    0x0000000008020210        0x4 c:/st/stm32cubeide_1.7.0/stm32cubeide/plugins/com.st.stm32cube.ide.mcu.externaltools.gnu-tools-for-stm32.9-2020-q2-update.win32_2.0.0.202105311346/tools/bin/../lib/gcc/arm-none-eabi/9.3.1/thumb/v7e-m+fp/hard/crtbegin.o
                [!provide]                        PROVIDE (__fini_array_end = .)
                0x0000000008020214                . = ALIGN (0x4)
                0x0000000008020214                _sidata = LOADADDR (.data)
