main.cpp:117:5:int main()	168	static
main.cpp:301:6:void SystemClock_Config()	232	static
main.cpp:361:13:void MX_DAC_Init()	16	static
main.cpp:399:13:void MX_DFSDM1_Init()	8	static
main.cpp:446:13:void MX_QUADSPI_Init()	8	static
main.cpp:481:13:void MX_TIM2_Init()	40	static
main.cpp:526:13:void MX_USART1_UART_Init()	8	static
main.cpp:559:13:void MX_DMA_Init()	16	static
main.cpp:581:13:void MX_GPIO_Init()	56	static
main.cpp:633:6:void BLUE_BUTTON_WAIT()	8	static
main.cpp:652:6:void HAL_DAC_ConvHalfCpltCallbackCh1(DAC_HandleTypeDef*)	16	static
main.cpp:667:6:void HAL_DAC_ConvCpltCallbackCh1(DAC_HandleTypeDef*)	16	static
main.cpp:683:6:void HAL_DFSDM_FilterRegConvHalfCpltCallback(DFSDM_Filter_HandleTypeDef*)	16	static
main.cpp:695:6:void HAL_DFSDM_FilterRegConvCpltCallback(DFSDM_Filter_HandleTypeDef*)	16	static
main.cpp:708:6:void print(const char*)	16	static
main.cpp:722:6:void HAL_TIM_PeriodElapsedCallback(TIM_HandleTypeDef*)	16	static
main.cpp:739:6:void Error_Handler()	4	static,ignoring_inline_asm
