main.cpp:117:5:int main()	168	static
main.cpp:300:6:void SystemClock_Config()	232	static
main.cpp:360:13:void MX_DAC_Init()	16	static
main.cpp:398:13:void MX_DFSDM1_Init()	8	static
main.cpp:445:13:void MX_QUADSPI_Init()	8	static
main.cpp:480:13:void MX_TIM2_Init()	40	static
main.cpp:525:13:void MX_USART1_UART_Init()	8	static
main.cpp:558:13:void MX_DMA_Init()	16	static
main.cpp:580:13:void MX_GPIO_Init()	56	static
main.cpp:611:6:void HAL_GPIO_EXTI_Callback(uint16_t)	16	static
main.cpp:634:6:void HAL_DAC_ConvHalfCpltCallbackCh1(DAC_HandleTypeDef*)	16	static
main.cpp:649:6:void HAL_DAC_ConvCpltCallbackCh1(DAC_HandleTypeDef*)	16	static
main.cpp:665:6:void HAL_DFSDM_FilterRegConvHalfCpltCallback(DFSDM_Filter_HandleTypeDef*)	16	static
main.cpp:677:6:void HAL_DFSDM_FilterRegConvCpltCallback(DFSDM_Filter_HandleTypeDef*)	16	static
main.cpp:690:6:void print(const char*)	16	static
main.cpp:704:6:void HAL_TIM_PeriodElapsedCallback(TIM_HandleTypeDef*)	16	static
main.cpp:721:6:void Error_Handler()	4	static,ignoring_inline_asm
