main.cpp:115:5:int main()	168	static
main.cpp:303:6:void SystemClock_Config()	232	static
main.cpp:371:13:void MX_DFSDM1_Init()	8	static
main.cpp:418:13:void MX_QUADSPI_Init()	8	static
main.cpp:453:13:void MX_SAI1_Init()	8	static
main.cpp:489:13:void MX_USART1_UART_Init()	8	static
main.cpp:522:13:void MX_DMA_Init()	16	static
main.cpp:543:13:void MX_GPIO_Init()	56	static
main.cpp:578:6:void HAL_GPIO_EXTI_Callback(uint16_t)	16	static
main.cpp:600:6:void HAL_SAI_TxHalfCpltCallback(SAI_HandleTypeDef*)	16	static
main.cpp:615:6:void HAL_SAI_TxCpltCallback(SAI_HandleTypeDef*)	16	static
main.cpp:631:6:void HAL_DFSDM_FilterRegConvHalfCpltCallback(DFSDM_Filter_HandleTypeDef*)	16	static
main.cpp:643:6:void HAL_DFSDM_FilterRegConvCpltCallback(DFSDM_Filter_HandleTypeDef*)	16	static
main.cpp:656:6:void print(const char*)	16	static
main.cpp:671:6:void HAL_TIM_PeriodElapsedCallback(TIM_HandleTypeDef*)	16	static
main.cpp:688:6:void Error_Handler()	4	static,ignoring_inline_asm
