main.cpp:114:5:int main()	168	static
main.cpp:294:6:void SystemClock_Config()	232	static
main.cpp:362:13:void MX_DFSDM1_Init()	8	static
main.cpp:409:13:void MX_QUADSPI_Init()	8	static
main.cpp:444:13:void MX_SAI1_Init()	8	static
main.cpp:480:13:void MX_USART1_UART_Init()	8	static
main.cpp:513:13:void MX_DMA_Init()	16	static
main.cpp:534:13:void MX_GPIO_Init()	56	static
main.cpp:569:6:void HAL_GPIO_EXTI_Callback(uint16_t)	16	static
main.cpp:591:6:void HAL_SAI_TxHalfCpltCallback(SAI_HandleTypeDef*)	16	static
main.cpp:606:6:void HAL_SAI_TxCpltCallback(SAI_HandleTypeDef*)	16	static
main.cpp:622:6:void HAL_DFSDM_FilterRegConvHalfCpltCallback(DFSDM_Filter_HandleTypeDef*)	16	static
main.cpp:634:6:void HAL_DFSDM_FilterRegConvCpltCallback(DFSDM_Filter_HandleTypeDef*)	16	static
main.cpp:647:6:void print(const char*)	16	static
main.cpp:662:6:void HAL_TIM_PeriodElapsedCallback(TIM_HandleTypeDef*)	16	static
main.cpp:679:6:void Error_Handler()	4	static,ignoring_inline_asm
