main.cpp:114:5:int main()	168	static
main.cpp:295:6:void SystemClock_Config()	232	static
main.cpp:363:13:void MX_DFSDM1_Init()	8	static
main.cpp:410:13:void MX_QUADSPI_Init()	8	static
main.cpp:445:13:void MX_SAI1_Init()	8	static
main.cpp:481:13:void MX_USART1_UART_Init()	8	static
main.cpp:514:13:void MX_DMA_Init()	16	static
main.cpp:535:13:void MX_GPIO_Init()	56	static
main.cpp:587:6:void BLUE_BUTTON_WAIT()	8	static
main.cpp:606:6:void HAL_SAI_TxHalfCpltCallback(SAI_HandleTypeDef*)	16	static
main.cpp:621:6:void HAL_SAI_TxCpltCallback(SAI_HandleTypeDef*)	16	static
main.cpp:637:6:void HAL_DFSDM_FilterRegConvHalfCpltCallback(DFSDM_Filter_HandleTypeDef*)	16	static
main.cpp:649:6:void HAL_DFSDM_FilterRegConvCpltCallback(DFSDM_Filter_HandleTypeDef*)	16	static
main.cpp:662:6:void print(const char*)	16	static
main.cpp:677:6:void HAL_TIM_PeriodElapsedCallback(TIM_HandleTypeDef*)	16	static
main.cpp:694:6:void Error_Handler()	4	static,ignoring_inline_asm
