main.cpp:114:5:int main()	168	static
main.cpp:298:6:void SystemClock_Config()	232	static
main.cpp:366:13:void MX_DFSDM1_Init()	8	static
main.cpp:413:13:void MX_QUADSPI_Init()	8	static
main.cpp:448:13:void MX_SAI1_Init()	8	static
main.cpp:484:13:void MX_USART1_UART_Init()	8	static
main.cpp:517:13:void MX_DMA_Init()	16	static
main.cpp:538:13:void MX_GPIO_Init()	56	static
main.cpp:573:6:void HAL_GPIO_EXTI_Callback(uint16_t)	16	static
main.cpp:595:6:void HAL_SAI_TxHalfCpltCallback(SAI_HandleTypeDef*)	16	static
main.cpp:610:6:void HAL_SAI_TxCpltCallback(SAI_HandleTypeDef*)	16	static
main.cpp:626:6:void HAL_DFSDM_FilterRegConvHalfCpltCallback(DFSDM_Filter_HandleTypeDef*)	16	static
main.cpp:638:6:void HAL_DFSDM_FilterRegConvCpltCallback(DFSDM_Filter_HandleTypeDef*)	16	static
main.cpp:651:6:void print(const char*)	16	static
main.cpp:666:6:void HAL_TIM_PeriodElapsedCallback(TIM_HandleTypeDef*)	16	static
main.cpp:683:6:void Error_Handler()	4	static,ignoring_inline_asm
