stm32f769i_discovery_qspi.c:128:9:BSP_QSPI_Init	16	static,ignoring_inline_asm
stm32f769i_discovery_qspi.c:194:9:BSP_QSPI_DeInit	8	static
stm32f769i_discovery_qspi.c:223:9:BSP_QSPI_Read	80	static
stm32f769i_discovery_qspi.c:269:9:BSP_QSPI_Write	96	static
stm32f769i_discovery_qspi.c:343:9:BSP_QSPI_Erase_Block	72	static
stm32f769i_discovery_qspi.c:385:9:BSP_QSPI_Erase_Chip	64	static
stm32f769i_discovery_qspi.c:425:9:BSP_QSPI_GetStatus	72	static
stm32f769i_discovery_qspi.c:470:9:BSP_QSPI_GetInfo	16	static
stm32f769i_discovery_qspi.c:486:9:BSP_QSPI_EnableMemoryMappedMode	72	static
stm32f769i_discovery_qspi.c:531:13:BSP_QSPI_MspInit	64	static
stm32f769i_discovery_qspi.c:592:13:BSP_QSPI_MspDeInit	16	static
stm32f769i_discovery_qspi.c:620:16:QSPI_ResetMemory	104	static
stm32f769i_discovery_qspi.c:780:16:QSPI_EnterFourBytesAddress	72	static
stm32f769i_discovery_qspi.c:821:16:QSPI_DummyCyclesCfg	88	static,ignoring_inline_asm
stm32f769i_discovery_qspi.c:918:16:QSPI_EnterMemory_QPI	96	static
stm32f769i_discovery_qspi.c:966:16:QSPI_ExitMemory_QPI	72	static
stm32f769i_discovery_qspi.c:996:16:QSPI_OutDrvStrengthCfg	88	static,ignoring_inline_asm
stm32f769i_discovery_qspi.c:1090:16:QSPI_WriteEnable	96	static
stm32f769i_discovery_qspi.c:1136:16:QSPI_AutoPollingMemReady	96	static
