main.cpp:122:5:int main()	168	static
main.cpp:305:6:void SystemClock_Config()	96	static
main.cpp:354:13:void MX_CRC_Init()	8	static
main.cpp:385:13:void MX_DAC1_Init()	48	static
main.cpp:426:13:void MX_DFSDM1_Init()	8	static
main.cpp:479:13:void MX_QUADSPI_Init()	8	static
main.cpp:512:13:void MX_TIM2_Init()	40	static
main.cpp:557:13:void MX_USART1_UART_Init()	8	static
main.cpp:590:13:void MX_DMA_Init()	16	static
main.cpp:611:13:void MX_GPIO_Init()	48	static
main.cpp:656:6:void HAL_GPIO_EXTI_Callback(uint16_t)	16	static
main.cpp:679:6:void HAL_DAC_ConvHalfCpltCallbackCh1(DAC_HandleTypeDef*)	16	static
main.cpp:694:6:void HAL_DAC_ConvCpltCallbackCh1(DAC_HandleTypeDef*)	16	static
main.cpp:710:6:void HAL_DFSDM_FilterRegConvHalfCpltCallback(DFSDM_Filter_HandleTypeDef*)	16	static
main.cpp:722:6:void HAL_DFSDM_FilterRegConvCpltCallback(DFSDM_Filter_HandleTypeDef*)	16	static
main.cpp:735:6:void print(const char*)	16	static
main.cpp:749:6:void HAL_TIM_PeriodElapsedCallback(TIM_HandleTypeDef*)	16	static
main.cpp:766:6:void Error_Handler()	8	static,ignoring_inline_asm
