main.cpp:122:5:int main()	168	static
main.cpp:309:6:void SystemClock_Config()	96	static
main.cpp:358:13:void MX_CRC_Init()	8	static
main.cpp:389:13:void MX_DAC1_Init()	48	static
main.cpp:430:13:void MX_DFSDM1_Init()	8	static
main.cpp:483:13:void MX_QUADSPI_Init()	8	static
main.cpp:516:13:void MX_TIM2_Init()	40	static
main.cpp:561:13:void MX_USART1_UART_Init()	8	static
main.cpp:594:13:void MX_DMA_Init()	16	static
main.cpp:615:13:void MX_GPIO_Init()	48	static
main.cpp:660:6:void HAL_GPIO_EXTI_Callback(uint16_t)	16	static
main.cpp:683:6:void HAL_DAC_ConvHalfCpltCallbackCh1(DAC_HandleTypeDef*)	16	static
main.cpp:698:6:void HAL_DAC_ConvCpltCallbackCh1(DAC_HandleTypeDef*)	16	static
main.cpp:714:6:void HAL_DFSDM_FilterRegConvHalfCpltCallback(DFSDM_Filter_HandleTypeDef*)	16	static
main.cpp:726:6:void HAL_DFSDM_FilterRegConvCpltCallback(DFSDM_Filter_HandleTypeDef*)	16	static
main.cpp:739:6:void print(const char*)	16	static
main.cpp:753:6:void HAL_TIM_PeriodElapsedCallback(TIM_HandleTypeDef*)	16	static
main.cpp:770:6:void Error_Handler()	8	static,ignoring_inline_asm
