main.cpp:124:5:int main()	168	static
main.cpp:316:6:void SystemClock_Config()	96	static
main.cpp:365:13:void MX_CRC_Init()	8	static
main.cpp:396:13:void MX_DAC1_Init()	48	static
main.cpp:437:13:void MX_DFSDM1_Init()	8	static
main.cpp:490:13:void MX_QUADSPI_Init()	8	static
main.cpp:523:13:void MX_TIM2_Init()	40	static
main.cpp:568:13:void MX_USART1_UART_Init()	8	static
main.cpp:601:13:void MX_DMA_Init()	16	static
main.cpp:622:13:void MX_GPIO_Init()	48	static
main.cpp:667:6:void HAL_GPIO_EXTI_Callback(uint16_t)	16	static
main.cpp:690:6:void HAL_DAC_ConvHalfCpltCallbackCh1(DAC_HandleTypeDef*)	16	static
main.cpp:705:6:void HAL_DAC_ConvCpltCallbackCh1(DAC_HandleTypeDef*)	16	static
main.cpp:721:6:void HAL_DFSDM_FilterRegConvHalfCpltCallback(DFSDM_Filter_HandleTypeDef*)	16	static
main.cpp:733:6:void HAL_DFSDM_FilterRegConvCpltCallback(DFSDM_Filter_HandleTypeDef*)	16	static
main.cpp:746:6:void print(const char*)	16	static
main.cpp:760:6:void HAL_TIM_PeriodElapsedCallback(TIM_HandleTypeDef*)	16	static
main.cpp:777:6:void Error_Handler()	8	static,ignoring_inline_asm
